[  3%] Built target jsk_recognition_msgs__rs
[35m[1mConsolidate compiler generated dependencies of target jsk_recognition_msgs__rosidl_generator_c[0m
[ 12%] Built target jsk_recognition_msgs__rosidl_generator_c
[35m[1mConsolidate compiler generated dependencies of target jsk_recognition_msgs__rosidl_typesupport_fastrtps_c[0m
[ 21%] Built target jsk_recognition_msgs__rosidl_typesupport_fastrtps_c
[ 25%] Built target jsk_recognition_msgs__cpp
[35m[1mConsolidate compiler generated dependencies of target jsk_recognition_msgs__rosidl_typesupport_fastrtps_cpp[0m
[ 34%] Built target jsk_recognition_msgs__rosidl_typesupport_fastrtps_cpp
[35m[1mConsolidate compiler generated dependencies of target jsk_recognition_msgs__rosidl_typesupport_introspection_c[0m
[ 43%] Built target jsk_recognition_msgs__rosidl_typesupport_introspection_c
[35m[1mConsolidate compiler generated dependencies of target jsk_recognition_msgs__rosidl_typesupport_c[0m
[ 53%] Built target jsk_recognition_msgs__rosidl_typesupport_c
[35m[1mConsolidate compiler generated dependencies of target jsk_recognition_msgs__rosidl_typesupport_introspection_cpp[0m
[ 62%] Built target jsk_recognition_msgs__rosidl_typesupport_introspection_cpp
[35m[1mConsolidate compiler generated dependencies of target jsk_recognition_msgs__rosidl_typesupport_cpp[0m
[ 71%] Built target jsk_recognition_msgs__rosidl_typesupport_cpp
[ 71%] Built target jsk_recognition_msgs
[ 71%] Built target ament_cmake_python_symlink_jsk_recognition_msgs
running egg_info
writing jsk_recognition_msgs.egg-info/PKG-INFO
writing dependency_links to jsk_recognition_msgs.egg-info/dependency_links.txt
writing top-level names to jsk_recognition_msgs.egg-info/top_level.txt
reading manifest file 'jsk_recognition_msgs.egg-info/SOURCES.txt'
writing manifest file 'jsk_recognition_msgs.egg-info/SOURCES.txt'
[ 71%] Built target ament_cmake_python_build_jsk_recognition_msgs_egg
[ 75%] Built target jsk_recognition_msgs__py
[35m[1mConsolidate compiler generated dependencies of target jsk_recognition_msgs__rosidl_generator_py[0m
[ 81%] Built target jsk_recognition_msgs__rosidl_generator_py
[35m[1mConsolidate compiler generated dependencies of target jsk_recognition_msgs__rosidl_typesupport_fastrtps_c__pyext[0m
[ 87%] Built target jsk_recognition_msgs__rosidl_typesupport_fastrtps_c__pyext
[35m[1mConsolidate compiler generated dependencies of target jsk_recognition_msgs__rosidl_typesupport_introspection_c__pyext[0m
[ 93%] Built target jsk_recognition_msgs__rosidl_typesupport_introspection_c__pyext
[35m[1mConsolidate compiler generated dependencies of target jsk_recognition_msgs__rosidl_typesupport_c__pyext[0m
[100%] Built target jsk_recognition_msgs__rosidl_typesupport_c__pyext
-- Install configuration: ""
-- Execute custom install script
-- Up-to-date symlink: /media/subham/85dce0f4-2e29-4540-9a32-801850cfcef6/subham/LidarMapping2.5D/install/jsk_recognition_msgs/share/ament_index/resource_index/rosidl_interfaces/jsk_recognition_msgs
-- Up-to-date symlink: /media/subham/85dce0f4-2e29-4540-9a32-801850cfcef6/subham/LidarMapping2.5D/install/jsk_recognition_msgs/include/jsk_recognition_msgs/jsk_recognition_msgs/msg/detail/polygon_array__functions.h
-- Up-to-date symlink: /media/subham/85dce0f4-2e29-4540-9a32-801850cfcef6/subham/LidarMapping2.5D/install/jsk_recognition_msgs/include/jsk_recognition_msgs/jsk_recognition_msgs/msg/detail/polygon_array__struct.h
-- Up-to-date symlink: /media/subham/85dce0f4-2e29-4540-9a32-801850cfcef6/subham/LidarMapping2.5D/install/jsk_recognition_msgs/include/jsk_recognition_msgs/jsk_recognition_msgs/msg/detail/polygon_array__type_support.h
-- Up-to-date symlink: /media/subham/85dce0f4-2e29-4540-9a32-801850cfcef6/subham/LidarMapping2.5D/install/jsk_recognition_msgs/include/jsk_recognition_msgs/jsk_recognition_msgs/msg/polygon_array.h
-- Up-to-date symlink: /media/subham/85dce0f4-2e29-4540-9a32-801850cfcef6/subham/LidarMapping2.5D/install/jsk_recognition_msgs/include/jsk_recognition_msgs/jsk_recognition_msgs/msg/rosidl_generator_c__visibility_control.h
-- Up-to-date symlink: /media/subham/85dce0f4-2e29-4540-9a32-801850cfcef6/subham/LidarMapping2.5D/install/jsk_recognition_msgs/share/jsk_recognition_msgs/environment/library_path.sh
-- Up-to-date symlink: /media/subham/85dce0f4-2e29-4540-9a32-801850cfcef6/subham/LidarMapping2.5D/install/jsk_recognition_msgs/share/jsk_recognition_msgs/environment/library_path.dsv
-- Up-to-date symlink: /media/subham/85dce0f4-2e29-4540-9a32-801850cfcef6/subham/LidarMapping2.5D/install/jsk_recognition_msgs/include/jsk_recognition_msgs/jsk_recognition_msgs/msg/detail/polygon_array__rosidl_typesupport_fastrtps_c.h
-- Up-to-date symlink: /media/subham/85dce0f4-2e29-4540-9a32-801850cfcef6/subham/LidarMapping2.5D/install/jsk_recognition_msgs/include/jsk_recognition_msgs/jsk_recognition_msgs/msg/rosidl_typesupport_fastrtps_c__visibility_control.h
-- Up-to-date symlink: /media/subham/85dce0f4-2e29-4540-9a32-801850cfcef6/subham/LidarMapping2.5D/install/jsk_recognition_msgs/include/jsk_recognition_msgs/jsk_recognition_msgs/msg/detail/polygon_array__builder.hpp
-- Up-to-date symlink: /media/subham/85dce0f4-2e29-4540-9a32-801850cfcef6/subham/LidarMapping2.5D/install/jsk_recognition_msgs/include/jsk_recognition_msgs/jsk_recognition_msgs/msg/detail/polygon_array__struct.hpp
-- Up-to-date symlink: /media/subham/85dce0f4-2e29-4540-9a32-801850cfcef6/subham/LidarMapping2.5D/install/jsk_recognition_msgs/include/jsk_recognition_msgs/jsk_recognition_msgs/msg/detail/polygon_array__traits.hpp
-- Up-to-date symlink: /media/subham/85dce0f4-2e29-4540-9a32-801850cfcef6/subham/LidarMapping2.5D/install/jsk_recognition_msgs/include/jsk_recognition_msgs/jsk_recognition_msgs/msg/detail/polygon_array__type_support.hpp
-- Up-to-date symlink: /media/subham/85dce0f4-2e29-4540-9a32-801850cfcef6/subham/LidarMapping2.5D/install/jsk_recognition_msgs/include/jsk_recognition_msgs/jsk_recognition_msgs/msg/polygon_array.hpp
-- Up-to-date symlink: /media/subham/85dce0f4-2e29-4540-9a32-801850cfcef6/subham/LidarMapping2.5D/install/jsk_recognition_msgs/include/jsk_recognition_msgs/jsk_recognition_msgs/msg/rosidl_generator_cpp__visibility_control.hpp
-- Up-to-date symlink: /media/subham/85dce0f4-2e29-4540-9a32-801850cfcef6/subham/LidarMapping2.5D/install/jsk_recognition_msgs/include/jsk_recognition_msgs/jsk_recognition_msgs/msg/detail/polygon_array__rosidl_typesupport_fastrtps_cpp.hpp
-- Up-to-date symlink: /media/subham/85dce0f4-2e29-4540-9a32-801850cfcef6/subham/LidarMapping2.5D/install/jsk_recognition_msgs/include/jsk_recognition_msgs/jsk_recognition_msgs/msg/rosidl_typesupport_fastrtps_cpp__visibility_control.h
-- Up-to-date symlink: /media/subham/85dce0f4-2e29-4540-9a32-801850cfcef6/subham/LidarMapping2.5D/install/jsk_recognition_msgs/include/jsk_recognition_msgs/jsk_recognition_msgs/msg/detail/polygon_array__rosidl_typesupport_introspection_c.h
-- Up-to-date symlink: /media/subham/85dce0f4-2e29-4540-9a32-801850cfcef6/subham/LidarMapping2.5D/install/jsk_recognition_msgs/include/jsk_recognition_msgs/jsk_recognition_msgs/msg/rosidl_typesupport_introspection_c__visibility_control.h
-- Up-to-date symlink: /media/subham/85dce0f4-2e29-4540-9a32-801850cfcef6/subham/LidarMapping2.5D/install/jsk_recognition_msgs/include/jsk_recognition_msgs/jsk_recognition_msgs/msg/detail/polygon_array__rosidl_typesupport_introspection_cpp.hpp
-- Up-to-date symlink: /media/subham/85dce0f4-2e29-4540-9a32-801850cfcef6/subham/LidarMapping2.5D/install/jsk_recognition_msgs/share/jsk_recognition_msgs/environment/pythonpath.sh
-- Up-to-date symlink: /media/subham/85dce0f4-2e29-4540-9a32-801850cfcef6/subham/LidarMapping2.5D/install/jsk_recognition_msgs/share/jsk_recognition_msgs/environment/pythonpath.dsv
-- Up-to-date symlink: /media/subham/85dce0f4-2e29-4540-9a32-801850cfcef6/subham/LidarMapping2.5D/install/jsk_recognition_msgs/local/lib/python3.10/dist-packages/jsk_recognition_msgs-0.0.0-py3.10.egg-info/PKG-INFO
-- Up-to-date symlink: /media/subham/85dce0f4-2e29-4540-9a32-801850cfcef6/subham/LidarMapping2.5D/install/jsk_recognition_msgs/local/lib/python3.10/dist-packages/jsk_recognition_msgs-0.0.0-py3.10.egg-info/SOURCES.txt
-- Up-to-date symlink: /media/subham/85dce0f4-2e29-4540-9a32-801850cfcef6/subham/LidarMapping2.5D/install/jsk_recognition_msgs/local/lib/python3.10/dist-packages/jsk_recognition_msgs-0.0.0-py3.10.egg-info/dependency_links.txt
-- Up-to-date symlink: /media/subham/85dce0f4-2e29-4540-9a32-801850cfcef6/subham/LidarMapping2.5D/install/jsk_recognition_msgs/local/lib/python3.10/dist-packages/jsk_recognition_msgs-0.0.0-py3.10.egg-info/top_level.txt
-- Up-to-date symlink: /media/subham/85dce0f4-2e29-4540-9a32-801850cfcef6/subham/LidarMapping2.5D/install/jsk_recognition_msgs/local/lib/python3.10/dist-packages/jsk_recognition_msgs/__init__.py
-- Up-to-date symlink: /media/subham/85dce0f4-2e29-4540-9a32-801850cfcef6/subham/LidarMapping2.5D/install/jsk_recognition_msgs/local/lib/python3.10/dist-packages/jsk_recognition_msgs/_jsk_recognition_msgs_s.ep.rosidl_typesupport_c.c
-- Up-to-date symlink: /media/subham/85dce0f4-2e29-4540-9a32-801850cfcef6/subham/LidarMapping2.5D/install/jsk_recognition_msgs/local/lib/python3.10/dist-packages/jsk_recognition_msgs/_jsk_recognition_msgs_s.ep.rosidl_typesupport_fastrtps_c.c
-- Up-to-date symlink: /media/subham/85dce0f4-2e29-4540-9a32-801850cfcef6/subham/LidarMapping2.5D/install/jsk_recognition_msgs/local/lib/python3.10/dist-packages/jsk_recognition_msgs/_jsk_recognition_msgs_s.ep.rosidl_typesupport_introspection_c.c
-- Up-to-date symlink: /media/subham/85dce0f4-2e29-4540-9a32-801850cfcef6/subham/LidarMapping2.5D/install/jsk_recognition_msgs/local/lib/python3.10/dist-packages/jsk_recognition_msgs/jsk_recognition_msgs_s__rosidl_typesupport_c.cpython-310-x86_64-linux-gnu.so
-- Up-to-date symlink: /media/subham/85dce0f4-2e29-4540-9a32-801850cfcef6/subham/LidarMapping2.5D/install/jsk_recognition_msgs/local/lib/python3.10/dist-packages/jsk_recognition_msgs/jsk_recognition_msgs_s__rosidl_typesupport_fastrtps_c.cpython-310-x86_64-linux-gnu.so
-- Up-to-date symlink: /media/subham/85dce0f4-2e29-4540-9a32-801850cfcef6/subham/LidarMapping2.5D/install/jsk_recognition_msgs/local/lib/python3.10/dist-packages/jsk_recognition_msgs/jsk_recognition_msgs_s__rosidl_typesupport_introspection_c.cpython-310-x86_64-linux-gnu.so
-- Up-to-date symlink: /media/subham/85dce0f4-2e29-4540-9a32-801850cfcef6/subham/LidarMapping2.5D/install/jsk_recognition_msgs/local/lib/python3.10/dist-packages/jsk_recognition_msgs/libjsk_recognition_msgs__rosidl_generator_py.so
-- Up-to-date symlink: /media/subham/85dce0f4-2e29-4540-9a32-801850cfcef6/subham/LidarMapping2.5D/install/jsk_recognition_msgs/local/lib/python3.10/dist-packages/jsk_recognition_msgs/msg/__init__.py
-- Up-to-date symlink: /media/subham/85dce0f4-2e29-4540-9a32-801850cfcef6/subham/LidarMapping2.5D/install/jsk_recognition_msgs/local/lib/python3.10/dist-packages/jsk_recognition_msgs/msg/_polygon_array.py
-- Up-to-date symlink: /media/subham/85dce0f4-2e29-4540-9a32-801850cfcef6/subham/LidarMapping2.5D/install/jsk_recognition_msgs/local/lib/python3.10/dist-packages/jsk_recognition_msgs/msg/_polygon_array_s.c
-- Up-to-date symlink: /media/subham/85dce0f4-2e29-4540-9a32-801850cfcef6/subham/LidarMapping2.5D/install/jsk_recognition_msgs/local/lib/python3.10/dist-packages/jsk_recognition_msgs/jsk_recognition_msgs_s__rosidl_typesupport_fastrtps_c.cpython-310-x86_64-linux-gnu.so
-- Up-to-date symlink: /media/subham/85dce0f4-2e29-4540-9a32-801850cfcef6/subham/LidarMapping2.5D/install/jsk_recognition_msgs/local/lib/python3.10/dist-packages/jsk_recognition_msgs/jsk_recognition_msgs_s__rosidl_typesupport_introspection_c.cpython-310-x86_64-linux-gnu.so
-- Up-to-date symlink: /media/subham/85dce0f4-2e29-4540-9a32-801850cfcef6/subham/LidarMapping2.5D/install/jsk_recognition_msgs/local/lib/python3.10/dist-packages/jsk_recognition_msgs/jsk_recognition_msgs_s__rosidl_typesupport_c.cpython-310-x86_64-linux-gnu.so
-- Up-to-date symlink: /media/subham/85dce0f4-2e29-4540-9a32-801850cfcef6/subham/LidarMapping2.5D/install/jsk_recognition_msgs/share/ament_index/resource_index/rust_packages/jsk_recognition_msgs
-- Up-to-date symlink: /media/subham/85dce0f4-2e29-4540-9a32-801850cfcef6/subham/LidarMapping2.5D/install/jsk_recognition_msgs/share/jsk_recognition_msgs/rust/Cargo.toml
-- Up-to-date symlink: /media/subham/85dce0f4-2e29-4540-9a32-801850cfcef6/subham/LidarMapping2.5D/install/jsk_recognition_msgs/share/jsk_recognition_msgs/rust/build.rs
-- Up-to-date symlink: /media/subham/85dce0f4-2e29-4540-9a32-801850cfcef6/subham/LidarMapping2.5D/install/jsk_recognition_msgs/share/jsk_recognition_msgs/rust/src/lib.rs
-- Up-to-date symlink: /media/subham/85dce0f4-2e29-4540-9a32-801850cfcef6/subham/LidarMapping2.5D/install/jsk_recognition_msgs/share/jsk_recognition_msgs/rust/src/msg.rs
-- Up-to-date symlink: /media/subham/85dce0f4-2e29-4540-9a32-801850cfcef6/subham/LidarMapping2.5D/install/jsk_recognition_msgs/share/jsk_recognition_msgs/rust/src/msg/rmw.rs
-- Up-to-date symlink: /media/subham/85dce0f4-2e29-4540-9a32-801850cfcef6/subham/LidarMapping2.5D/install/jsk_recognition_msgs/share/jsk_recognition_msgs/msg/PolygonArray.idl
-- Up-to-date symlink: /media/subham/85dce0f4-2e29-4540-9a32-801850cfcef6/subham/LidarMapping2.5D/install/jsk_recognition_msgs/share/jsk_recognition_msgs/msg/PolygonArray.msg
-- Up-to-date symlink: /media/subham/85dce0f4-2e29-4540-9a32-801850cfcef6/subham/LidarMapping2.5D/install/jsk_recognition_msgs/share/ament_index/resource_index/package_run_dependencies/jsk_recognition_msgs
-- Up-to-date symlink: /media/subham/85dce0f4-2e29-4540-9a32-801850cfcef6/subham/LidarMapping2.5D/install/jsk_recognition_msgs/share/ament_index/resource_index/parent_prefix_path/jsk_recognition_msgs
-- Up-to-date symlink: /media/subham/85dce0f4-2e29-4540-9a32-801850cfcef6/subham/LidarMapping2.5D/install/jsk_recognition_msgs/share/jsk_recognition_msgs/environment/ament_prefix_path.sh
-- Up-to-date symlink: /media/subham/85dce0f4-2e29-4540-9a32-801850cfcef6/subham/LidarMapping2.5D/install/jsk_recognition_msgs/share/jsk_recognition_msgs/environment/ament_prefix_path.dsv
-- Up-to-date symlink: /media/subham/85dce0f4-2e29-4540-9a32-801850cfcef6/subham/LidarMapping2.5D/install/jsk_recognition_msgs/share/jsk_recognition_msgs/environment/path.sh
-- Up-to-date symlink: /media/subham/85dce0f4-2e29-4540-9a32-801850cfcef6/subham/LidarMapping2.5D/install/jsk_recognition_msgs/share/jsk_recognition_msgs/environment/path.dsv
-- Up-to-date symlink: /media/subham/85dce0f4-2e29-4540-9a32-801850cfcef6/subham/LidarMapping2.5D/install/jsk_recognition_msgs/share/jsk_recognition_msgs/local_setup.bash
-- Up-to-date symlink: /media/subham/85dce0f4-2e29-4540-9a32-801850cfcef6/subham/LidarMapping2.5D/install/jsk_recognition_msgs/share/jsk_recognition_msgs/local_setup.sh
-- Up-to-date symlink: /media/subham/85dce0f4-2e29-4540-9a32-801850cfcef6/subham/LidarMapping2.5D/install/jsk_recognition_msgs/share/jsk_recognition_msgs/local_setup.zsh
-- Up-to-date symlink: /media/subham/85dce0f4-2e29-4540-9a32-801850cfcef6/subham/LidarMapping2.5D/install/jsk_recognition_msgs/share/jsk_recognition_msgs/local_setup.dsv
-- Symlinking: /media/subham/85dce0f4-2e29-4540-9a32-801850cfcef6/subham/LidarMapping2.5D/install/jsk_recognition_msgs/share/jsk_recognition_msgs/package.dsv
-- Up-to-date symlink: /media/subham/85dce0f4-2e29-4540-9a32-801850cfcef6/subham/LidarMapping2.5D/install/jsk_recognition_msgs/share/ament_index/resource_index/packages/jsk_recognition_msgs
-- Up-to-date symlink: /media/subham/85dce0f4-2e29-4540-9a32-801850cfcef6/subham/LidarMapping2.5D/install/jsk_recognition_msgs/share/jsk_recognition_msgs/cmake/rosidl_cmake-extras.cmake
-- Up-to-date symlink: /media/subham/85dce0f4-2e29-4540-9a32-801850cfcef6/subham/LidarMapping2.5D/install/jsk_recognition_msgs/share/jsk_recognition_msgs/cmake/ament_cmake_export_dependencies-extras.cmake
-- Up-to-date symlink: /media/subham/85dce0f4-2e29-4540-9a32-801850cfcef6/subham/LidarMapping2.5D/install/jsk_recognition_msgs/share/jsk_recognition_msgs/cmake/ament_cmake_export_include_directories-extras.cmake
-- Up-to-date symlink: /media/subham/85dce0f4-2e29-4540-9a32-801850cfcef6/subham/LidarMapping2.5D/install/jsk_recognition_msgs/share/jsk_recognition_msgs/cmake/ament_cmake_export_libraries-extras.cmake
-- Up-to-date symlink: /media/subham/85dce0f4-2e29-4540-9a32-801850cfcef6/subham/LidarMapping2.5D/install/jsk_recognition_msgs/share/jsk_recognition_msgs/cmake/ament_cmake_export_targets-extras.cmake
-- Up-to-date symlink: /media/subham/85dce0f4-2e29-4540-9a32-801850cfcef6/subham/LidarMapping2.5D/install/jsk_recognition_msgs/share/jsk_recognition_msgs/cmake/rosidl_cmake_export_typesupport_targets-extras.cmake
-- Up-to-date symlink: /media/subham/85dce0f4-2e29-4540-9a32-801850cfcef6/subham/LidarMapping2.5D/install/jsk_recognition_msgs/share/jsk_recognition_msgs/cmake/rosidl_cmake_export_typesupport_libraries-extras.cmake
-- Up-to-date symlink: /media/subham/85dce0f4-2e29-4540-9a32-801850cfcef6/subham/LidarMapping2.5D/install/jsk_recognition_msgs/share/jsk_recognition_msgs/cmake/rosidl_cmake_aggregate_target-extras.cmake
-- Up-to-date symlink: /media/subham/85dce0f4-2e29-4540-9a32-801850cfcef6/subham/LidarMapping2.5D/install/jsk_recognition_msgs/share/jsk_recognition_msgs/cmake/jsk_recognition_msgsConfig.cmake
-- Up-to-date symlink: /media/subham/85dce0f4-2e29-4540-9a32-801850cfcef6/subham/LidarMapping2.5D/install/jsk_recognition_msgs/share/jsk_recognition_msgs/cmake/jsk_recognition_msgsConfig-version.cmake
-- Up-to-date symlink: /media/subham/85dce0f4-2e29-4540-9a32-801850cfcef6/subham/LidarMapping2.5D/install/jsk_recognition_msgs/share/jsk_recognition_msgs/package.xml
-- Up-to-date: /media/subham/85dce0f4-2e29-4540-9a32-801850cfcef6/subham/LidarMapping2.5D/install/jsk_recognition_msgs/lib/libjsk_recognition_msgs__rosidl_generator_c.so
-- Up-to-date: /media/subham/85dce0f4-2e29-4540-9a32-801850cfcef6/subham/LidarMapping2.5D/install/jsk_recognition_msgs/lib/libjsk_recognition_msgs__rosidl_typesupport_fastrtps_c.so
-- Up-to-date: /media/subham/85dce0f4-2e29-4540-9a32-801850cfcef6/subham/LidarMapping2.5D/install/jsk_recognition_msgs/lib/libjsk_recognition_msgs__rosidl_typesupport_fastrtps_cpp.so
-- Up-to-date: /media/subham/85dce0f4-2e29-4540-9a32-801850cfcef6/subham/LidarMapping2.5D/install/jsk_recognition_msgs/lib/libjsk_recognition_msgs__rosidl_typesupport_introspection_c.so
-- Up-to-date: /media/subham/85dce0f4-2e29-4540-9a32-801850cfcef6/subham/LidarMapping2.5D/install/jsk_recognition_msgs/lib/libjsk_recognition_msgs__rosidl_typesupport_c.so
-- Up-to-date: /media/subham/85dce0f4-2e29-4540-9a32-801850cfcef6/subham/LidarMapping2.5D/install/jsk_recognition_msgs/lib/libjsk_recognition_msgs__rosidl_typesupport_introspection_cpp.so
-- Up-to-date: /media/subham/85dce0f4-2e29-4540-9a32-801850cfcef6/subham/LidarMapping2.5D/install/jsk_recognition_msgs/lib/libjsk_recognition_msgs__rosidl_typesupport_cpp.so
Listing '/media/subham/85dce0f4-2e29-4540-9a32-801850cfcef6/subham/LidarMapping2.5D/install/jsk_recognition_msgs/local/lib/python3.10/dist-packages/jsk_recognition_msgs'...
Listing '/media/subham/85dce0f4-2e29-4540-9a32-801850cfcef6/subham/LidarMapping2.5D/install/jsk_recognition_msgs/local/lib/python3.10/dist-packages/jsk_recognition_msgs/msg'...
-- Up-to-date: /media/subham/85dce0f4-2e29-4540-9a32-801850cfcef6/subham/LidarMapping2.5D/install/jsk_recognition_msgs/lib/libjsk_recognition_msgs__rosidl_generator_py.so
-- Up-to-date: /media/subham/85dce0f4-2e29-4540-9a32-801850cfcef6/subham/LidarMapping2.5D/install/jsk_recognition_msgs/share/jsk_recognition_msgs/cmake/export_jsk_recognition_msgs__rosidl_generator_cExport.cmake
-- Up-to-date: /media/subham/85dce0f4-2e29-4540-9a32-801850cfcef6/subham/LidarMapping2.5D/install/jsk_recognition_msgs/share/jsk_recognition_msgs/cmake/export_jsk_recognition_msgs__rosidl_generator_cExport-noconfig.cmake
-- Up-to-date: /media/subham/85dce0f4-2e29-4540-9a32-801850cfcef6/subham/LidarMapping2.5D/install/jsk_recognition_msgs/share/jsk_recognition_msgs/cmake/export_jsk_recognition_msgs__rosidl_typesupport_fastrtps_cExport.cmake
-- Up-to-date: /media/subham/85dce0f4-2e29-4540-9a32-801850cfcef6/subham/LidarMapping2.5D/install/jsk_recognition_msgs/share/jsk_recognition_msgs/cmake/export_jsk_recognition_msgs__rosidl_typesupport_fastrtps_cExport-noconfig.cmake
-- Up-to-date: /media/subham/85dce0f4-2e29-4540-9a32-801850cfcef6/subham/LidarMapping2.5D/install/jsk_recognition_msgs/share/jsk_recognition_msgs/cmake/export_jsk_recognition_msgs__rosidl_generator_cppExport.cmake
-- Up-to-date: /media/subham/85dce0f4-2e29-4540-9a32-801850cfcef6/subham/LidarMapping2.5D/install/jsk_recognition_msgs/share/jsk_recognition_msgs/cmake/export_jsk_recognition_msgs__rosidl_typesupport_fastrtps_cppExport.cmake
-- Up-to-date: /media/subham/85dce0f4-2e29-4540-9a32-801850cfcef6/subham/LidarMapping2.5D/install/jsk_recognition_msgs/share/jsk_recognition_msgs/cmake/export_jsk_recognition_msgs__rosidl_typesupport_fastrtps_cppExport-noconfig.cmake
-- Up-to-date: /media/subham/85dce0f4-2e29-4540-9a32-801850cfcef6/subham/LidarMapping2.5D/install/jsk_recognition_msgs/share/jsk_recognition_msgs/cmake/jsk_recognition_msgs__rosidl_typesupport_introspection_cExport.cmake
-- Up-to-date: /media/subham/85dce0f4-2e29-4540-9a32-801850cfcef6/subham/LidarMapping2.5D/install/jsk_recognition_msgs/share/jsk_recognition_msgs/cmake/jsk_recognition_msgs__rosidl_typesupport_introspection_cExport-noconfig.cmake
-- Up-to-date: /media/subham/85dce0f4-2e29-4540-9a32-801850cfcef6/subham/LidarMapping2.5D/install/jsk_recognition_msgs/share/jsk_recognition_msgs/cmake/jsk_recognition_msgs__rosidl_typesupport_cExport.cmake
-- Up-to-date: /media/subham/85dce0f4-2e29-4540-9a32-801850cfcef6/subham/LidarMapping2.5D/install/jsk_recognition_msgs/share/jsk_recognition_msgs/cmake/jsk_recognition_msgs__rosidl_typesupport_cExport-noconfig.cmake
-- Up-to-date: /media/subham/85dce0f4-2e29-4540-9a32-801850cfcef6/subham/LidarMapping2.5D/install/jsk_recognition_msgs/share/jsk_recognition_msgs/cmake/jsk_recognition_msgs__rosidl_typesupport_introspection_cppExport.cmake
-- Up-to-date: /media/subham/85dce0f4-2e29-4540-9a32-801850cfcef6/subham/LidarMapping2.5D/install/jsk_recognition_msgs/share/jsk_recognition_msgs/cmake/jsk_recognition_msgs__rosidl_typesupport_introspection_cppExport-noconfig.cmake
-- Up-to-date: /media/subham/85dce0f4-2e29-4540-9a32-801850cfcef6/subham/LidarMapping2.5D/install/jsk_recognition_msgs/share/jsk_recognition_msgs/cmake/jsk_recognition_msgs__rosidl_typesupport_cppExport.cmake
-- Up-to-date: /media/subham/85dce0f4-2e29-4540-9a32-801850cfcef6/subham/LidarMapping2.5D/install/jsk_recognition_msgs/share/jsk_recognition_msgs/cmake/jsk_recognition_msgs__rosidl_typesupport_cppExport-noconfig.cmake
-- Up-to-date: /media/subham/85dce0f4-2e29-4540-9a32-801850cfcef6/subham/LidarMapping2.5D/install/jsk_recognition_msgs/share/jsk_recognition_msgs/cmake/export_jsk_recognition_msgs__rosidl_generator_pyExport.cmake
-- Up-to-date: /media/subham/85dce0f4-2e29-4540-9a32-801850cfcef6/subham/LidarMapping2.5D/install/jsk_recognition_msgs/share/jsk_recognition_msgs/cmake/export_jsk_recognition_msgs__rosidl_generator_pyExport-noconfig.cmake
