[0.035s] Invoking command in '/media/subham/85dce0f4-2e29-4540-9a32-801850cfcef6/subham/LidarMapping2.5D/build/jsk_recognition_msgs': CMAKE_PREFIX_PATH=${CMAKE_PREFIX_PATH}:/home/subham/omokai_ws/install/llm_navigation:/home/subham/Edge_AI_for_ADAS_and_Autonomous_Systems/install/adas_perception:/home/subham/Edge_AI_for_ADAS_and_Autonomous_Systems/install/adas_navigation:/home/subham/rover_ws/install/rover_navigation:/home/subham/anvrit_ws/install/anvrit_perception:/home/subham/anvrit_ws/install/anvrit_odometry:/home/subham/anvrit_ws/install/anvrit_nav2:/home/subham/igvc/install/igvc_perception:/home/subham/igvc/install/igvc_navigation:/home/subham/colcon_ws/install/ros2ai:/opt/ros/humble /usr/bin/cmake --build /media/subham/85dce0f4-2e29-4540-9a32-801850cfcef6/subham/LidarMapping2.5D/build/jsk_recognition_msgs
[0.202s] [  3%] Built target jsk_recognition_msgs__rs
[0.237s] [35m[1mConsolidate compiler generated dependencies of target jsk_recognition_msgs__rosidl_generator_c[0m
[0.275s] [ 12%] Built target jsk_recognition_msgs__rosidl_generator_c
[0.310s] [35m[1mConsolidate compiler generated dependencies of target jsk_recognition_msgs__rosidl_typesupport_fastrtps_c[0m
[0.352s] [ 21%] Built target jsk_recognition_msgs__rosidl_typesupport_fastrtps_c
[0.419s] [ 25%] Built target jsk_recognition_msgs__cpp
[0.454s] [35m[1mConsolidate compiler generated dependencies of target jsk_recognition_msgs__rosidl_typesupport_fastrtps_cpp[0m
[0.494s] [ 34%] Built target jsk_recognition_msgs__rosidl_typesupport_fastrtps_cpp
[0.527s] [35m[1mConsolidate compiler generated dependencies of target jsk_recognition_msgs__rosidl_typesupport_introspection_c[0m
[0.564s] [ 43%] Built target jsk_recognition_msgs__rosidl_typesupport_introspection_c
[0.598s] [35m[1mConsolidate compiler generated dependencies of target jsk_recognition_msgs__rosidl_typesupport_c[0m
[0.633s] [ 53%] Built target jsk_recognition_msgs__rosidl_typesupport_c
[0.666s] [35m[1mConsolidate compiler generated dependencies of target jsk_recognition_msgs__rosidl_typesupport_introspection_cpp[0m
[0.706s] [ 62%] Built target jsk_recognition_msgs__rosidl_typesupport_introspection_cpp
[0.741s] [35m[1mConsolidate compiler generated dependencies of target jsk_recognition_msgs__rosidl_typesupport_cpp[0m
[0.781s] [ 71%] Built target jsk_recognition_msgs__rosidl_typesupport_cpp
[0.847s] [ 71%] Built target jsk_recognition_msgs
[0.932s] [ 71%] Built target ament_cmake_python_symlink_jsk_recognition_msgs
[1.748s] running egg_info
[1.812s] writing jsk_recognition_msgs.egg-info/PKG-INFO
[1.813s] writing dependency_links to jsk_recognition_msgs.egg-info/dependency_links.txt
[1.814s] writing top-level names to jsk_recognition_msgs.egg-info/top_level.txt
[4.419s] reading manifest file 'jsk_recognition_msgs.egg-info/SOURCES.txt'
[4.421s] writing manifest file 'jsk_recognition_msgs.egg-info/SOURCES.txt'
[4.540s] [ 71%] Built target ament_cmake_python_build_jsk_recognition_msgs_egg
[4.611s] [ 75%] Built target jsk_recognition_msgs__py
[4.645s] [35m[1mConsolidate compiler generated dependencies of target jsk_recognition_msgs__rosidl_generator_py[0m
[4.686s] [ 81%] Built target jsk_recognition_msgs__rosidl_generator_py
[4.721s] [35m[1mConsolidate compiler generated dependencies of target jsk_recognition_msgs__rosidl_typesupport_fastrtps_c__pyext[0m
[4.762s] [ 87%] Built target jsk_recognition_msgs__rosidl_typesupport_fastrtps_c__pyext
[4.810s] [35m[1mConsolidate compiler generated dependencies of target jsk_recognition_msgs__rosidl_typesupport_introspection_c__pyext[0m
[4.856s] [ 93%] Built target jsk_recognition_msgs__rosidl_typesupport_introspection_c__pyext
[4.891s] [35m[1mConsolidate compiler generated dependencies of target jsk_recognition_msgs__rosidl_typesupport_c__pyext[0m
[4.940s] [100%] Built target jsk_recognition_msgs__rosidl_typesupport_c__pyext
[4.988s] Invoked command in '/media/subham/85dce0f4-2e29-4540-9a32-801850cfcef6/subham/LidarMapping2.5D/build/jsk_recognition_msgs' returned '0': CMAKE_PREFIX_PATH=${CMAKE_PREFIX_PATH}:/home/subham/omokai_ws/install/llm_navigation:/home/subham/Edge_AI_for_ADAS_and_Autonomous_Systems/install/adas_perception:/home/subham/Edge_AI_for_ADAS_and_Autonomous_Systems/install/adas_navigation:/home/subham/rover_ws/install/rover_navigation:/home/subham/anvrit_ws/install/anvrit_perception:/home/subham/anvrit_ws/install/anvrit_odometry:/home/subham/anvrit_ws/install/anvrit_nav2:/home/subham/igvc/install/igvc_perception:/home/subham/igvc/install/igvc_navigation:/home/subham/colcon_ws/install/ros2ai:/opt/ros/humble /usr/bin/cmake --build /media/subham/85dce0f4-2e29-4540-9a32-801850cfcef6/subham/LidarMapping2.5D/build/jsk_recognition_msgs
[4.997s] Invoking command in '/media/subham/85dce0f4-2e29-4540-9a32-801850cfcef6/subham/LidarMapping2.5D/build/jsk_recognition_msgs': CMAKE_PREFIX_PATH=${CMAKE_PREFIX_PATH}:/home/subham/omokai_ws/install/llm_navigation:/home/subham/Edge_AI_for_ADAS_and_Autonomous_Systems/install/adas_perception:/home/subham/Edge_AI_for_ADAS_and_Autonomous_Systems/install/adas_navigation:/home/subham/rover_ws/install/rover_navigation:/home/subham/anvrit_ws/install/anvrit_perception:/home/subham/anvrit_ws/install/anvrit_odometry:/home/subham/anvrit_ws/install/anvrit_nav2:/home/subham/igvc/install/igvc_perception:/home/subham/igvc/install/igvc_navigation:/home/subham/colcon_ws/install/ros2ai:/opt/ros/humble /usr/bin/cmake --install /media/subham/85dce0f4-2e29-4540-9a32-801850cfcef6/subham/LidarMapping2.5D/build/jsk_recognition_msgs
[5.027s] -- Install configuration: ""
[5.029s] -- Execute custom install script
[5.029s] -- Up-to-date symlink: /media/subham/85dce0f4-2e29-4540-9a32-801850cfcef6/subham/LidarMapping2.5D/install/jsk_recognition_msgs/share/ament_index/resource_index/rosidl_interfaces/jsk_recognition_msgs
[5.030s] -- Up-to-date symlink: /media/subham/85dce0f4-2e29-4540-9a32-801850cfcef6/subham/LidarMapping2.5D/install/jsk_recognition_msgs/include/jsk_recognition_msgs/jsk_recognition_msgs/msg/detail/polygon_array__functions.h
[5.030s] -- Up-to-date symlink: /media/subham/85dce0f4-2e29-4540-9a32-801850cfcef6/subham/LidarMapping2.5D/install/jsk_recognition_msgs/include/jsk_recognition_msgs/jsk_recognition_msgs/msg/detail/polygon_array__struct.h
[5.031s] -- Up-to-date symlink: /media/subham/85dce0f4-2e29-4540-9a32-801850cfcef6/subham/LidarMapping2.5D/install/jsk_recognition_msgs/include/jsk_recognition_msgs/jsk_recognition_msgs/msg/detail/polygon_array__type_support.h
[5.033s] -- Up-to-date symlink: /media/subham/85dce0f4-2e29-4540-9a32-801850cfcef6/subham/LidarMapping2.5D/install/jsk_recognition_msgs/include/jsk_recognition_msgs/jsk_recognition_msgs/msg/polygon_array.h
[5.034s] -- Up-to-date symlink: /media/subham/85dce0f4-2e29-4540-9a32-801850cfcef6/subham/LidarMapping2.5D/install/jsk_recognition_msgs/include/jsk_recognition_msgs/jsk_recognition_msgs/msg/rosidl_generator_c__visibility_control.h
[5.034s] -- Up-to-date symlink: /media/subham/85dce0f4-2e29-4540-9a32-801850cfcef6/subham/LidarMapping2.5D/install/jsk_recognition_msgs/share/jsk_recognition_msgs/environment/library_path.sh
[5.034s] -- Up-to-date symlink: /media/subham/85dce0f4-2e29-4540-9a32-801850cfcef6/subham/LidarMapping2.5D/install/jsk_recognition_msgs/share/jsk_recognition_msgs/environment/library_path.dsv
[5.035s] -- Up-to-date symlink: /media/subham/85dce0f4-2e29-4540-9a32-801850cfcef6/subham/LidarMapping2.5D/install/jsk_recognition_msgs/include/jsk_recognition_msgs/jsk_recognition_msgs/msg/detail/polygon_array__rosidl_typesupport_fastrtps_c.h
[5.036s] -- Up-to-date symlink: /media/subham/85dce0f4-2e29-4540-9a32-801850cfcef6/subham/LidarMapping2.5D/install/jsk_recognition_msgs/include/jsk_recognition_msgs/jsk_recognition_msgs/msg/rosidl_typesupport_fastrtps_c__visibility_control.h
[5.037s] -- Up-to-date symlink: /media/subham/85dce0f4-2e29-4540-9a32-801850cfcef6/subham/LidarMapping2.5D/install/jsk_recognition_msgs/include/jsk_recognition_msgs/jsk_recognition_msgs/msg/detail/polygon_array__builder.hpp
[5.037s] -- Up-to-date symlink: /media/subham/85dce0f4-2e29-4540-9a32-801850cfcef6/subham/LidarMapping2.5D/install/jsk_recognition_msgs/include/jsk_recognition_msgs/jsk_recognition_msgs/msg/detail/polygon_array__struct.hpp
[5.038s] -- Up-to-date symlink: /media/subham/85dce0f4-2e29-4540-9a32-801850cfcef6/subham/LidarMapping2.5D/install/jsk_recognition_msgs/include/jsk_recognition_msgs/jsk_recognition_msgs/msg/detail/polygon_array__traits.hpp
[5.038s] -- Up-to-date symlink: /media/subham/85dce0f4-2e29-4540-9a32-801850cfcef6/subham/LidarMapping2.5D/install/jsk_recognition_msgs/include/jsk_recognition_msgs/jsk_recognition_msgs/msg/detail/polygon_array__type_support.hpp
[5.041s] -- Up-to-date symlink: /media/subham/85dce0f4-2e29-4540-9a32-801850cfcef6/subham/LidarMapping2.5D/install/jsk_recognition_msgs/include/jsk_recognition_msgs/jsk_recognition_msgs/msg/polygon_array.hpp
[5.041s] -- Up-to-date symlink: /media/subham/85dce0f4-2e29-4540-9a32-801850cfcef6/subham/LidarMapping2.5D/install/jsk_recognition_msgs/include/jsk_recognition_msgs/jsk_recognition_msgs/msg/rosidl_generator_cpp__visibility_control.hpp
[5.042s] -- Up-to-date symlink: /media/subham/85dce0f4-2e29-4540-9a32-801850cfcef6/subham/LidarMapping2.5D/install/jsk_recognition_msgs/include/jsk_recognition_msgs/jsk_recognition_msgs/msg/detail/polygon_array__rosidl_typesupport_fastrtps_cpp.hpp
[5.042s] -- Up-to-date symlink: /media/subham/85dce0f4-2e29-4540-9a32-801850cfcef6/subham/LidarMapping2.5D/install/jsk_recognition_msgs/include/jsk_recognition_msgs/jsk_recognition_msgs/msg/rosidl_typesupport_fastrtps_cpp__visibility_control.h
[5.043s] -- Up-to-date symlink: /media/subham/85dce0f4-2e29-4540-9a32-801850cfcef6/subham/LidarMapping2.5D/install/jsk_recognition_msgs/include/jsk_recognition_msgs/jsk_recognition_msgs/msg/detail/polygon_array__rosidl_typesupport_introspection_c.h
[5.043s] -- Up-to-date symlink: /media/subham/85dce0f4-2e29-4540-9a32-801850cfcef6/subham/LidarMapping2.5D/install/jsk_recognition_msgs/include/jsk_recognition_msgs/jsk_recognition_msgs/msg/rosidl_typesupport_introspection_c__visibility_control.h
[5.045s] -- Up-to-date symlink: /media/subham/85dce0f4-2e29-4540-9a32-801850cfcef6/subham/LidarMapping2.5D/install/jsk_recognition_msgs/include/jsk_recognition_msgs/jsk_recognition_msgs/msg/detail/polygon_array__rosidl_typesupport_introspection_cpp.hpp
[5.046s] -- Up-to-date symlink: /media/subham/85dce0f4-2e29-4540-9a32-801850cfcef6/subham/LidarMapping2.5D/install/jsk_recognition_msgs/share/jsk_recognition_msgs/environment/pythonpath.sh
[5.046s] -- Up-to-date symlink: /media/subham/85dce0f4-2e29-4540-9a32-801850cfcef6/subham/LidarMapping2.5D/install/jsk_recognition_msgs/share/jsk_recognition_msgs/environment/pythonpath.dsv
[5.047s] -- Up-to-date symlink: /media/subham/85dce0f4-2e29-4540-9a32-801850cfcef6/subham/LidarMapping2.5D/install/jsk_recognition_msgs/local/lib/python3.10/dist-packages/jsk_recognition_msgs-0.0.0-py3.10.egg-info/PKG-INFO
[5.048s] -- Up-to-date symlink: /media/subham/85dce0f4-2e29-4540-9a32-801850cfcef6/subham/LidarMapping2.5D/install/jsk_recognition_msgs/local/lib/python3.10/dist-packages/jsk_recognition_msgs-0.0.0-py3.10.egg-info/SOURCES.txt
[5.048s] -- Up-to-date symlink: /media/subham/85dce0f4-2e29-4540-9a32-801850cfcef6/subham/LidarMapping2.5D/install/jsk_recognition_msgs/local/lib/python3.10/dist-packages/jsk_recognition_msgs-0.0.0-py3.10.egg-info/dependency_links.txt
[5.048s] -- Up-to-date symlink: /media/subham/85dce0f4-2e29-4540-9a32-801850cfcef6/subham/LidarMapping2.5D/install/jsk_recognition_msgs/local/lib/python3.10/dist-packages/jsk_recognition_msgs-0.0.0-py3.10.egg-info/top_level.txt
[5.051s] -- Up-to-date symlink: /media/subham/85dce0f4-2e29-4540-9a32-801850cfcef6/subham/LidarMapping2.5D/install/jsk_recognition_msgs/local/lib/python3.10/dist-packages/jsk_recognition_msgs/__init__.py
[5.052s] -- Up-to-date symlink: /media/subham/85dce0f4-2e29-4540-9a32-801850cfcef6/subham/LidarMapping2.5D/install/jsk_recognition_msgs/local/lib/python3.10/dist-packages/jsk_recognition_msgs/_jsk_recognition_msgs_s.ep.rosidl_typesupport_c.c
[5.053s] -- Up-to-date symlink: /media/subham/85dce0f4-2e29-4540-9a32-801850cfcef6/subham/LidarMapping2.5D/install/jsk_recognition_msgs/local/lib/python3.10/dist-packages/jsk_recognition_msgs/_jsk_recognition_msgs_s.ep.rosidl_typesupport_fastrtps_c.c
[5.053s] -- Up-to-date symlink: /media/subham/85dce0f4-2e29-4540-9a32-801850cfcef6/subham/LidarMapping2.5D/install/jsk_recognition_msgs/local/lib/python3.10/dist-packages/jsk_recognition_msgs/_jsk_recognition_msgs_s.ep.rosidl_typesupport_introspection_c.c
[5.053s] -- Up-to-date symlink: /media/subham/85dce0f4-2e29-4540-9a32-801850cfcef6/subham/LidarMapping2.5D/install/jsk_recognition_msgs/local/lib/python3.10/dist-packages/jsk_recognition_msgs/jsk_recognition_msgs_s__rosidl_typesupport_c.cpython-310-x86_64-linux-gnu.so
[5.053s] -- Up-to-date symlink: /media/subham/85dce0f4-2e29-4540-9a32-801850cfcef6/subham/LidarMapping2.5D/install/jsk_recognition_msgs/local/lib/python3.10/dist-packages/jsk_recognition_msgs/jsk_recognition_msgs_s__rosidl_typesupport_fastrtps_c.cpython-310-x86_64-linux-gnu.so
[5.054s] -- Up-to-date symlink: /media/subham/85dce0f4-2e29-4540-9a32-801850cfcef6/subham/LidarMapping2.5D/install/jsk_recognition_msgs/local/lib/python3.10/dist-packages/jsk_recognition_msgs/jsk_recognition_msgs_s__rosidl_typesupport_introspection_c.cpython-310-x86_64-linux-gnu.so
[5.054s] -- Up-to-date symlink: /media/subham/85dce0f4-2e29-4540-9a32-801850cfcef6/subham/LidarMapping2.5D/install/jsk_recognition_msgs/local/lib/python3.10/dist-packages/jsk_recognition_msgs/libjsk_recognition_msgs__rosidl_generator_py.so
[5.054s] -- Up-to-date symlink: /media/subham/85dce0f4-2e29-4540-9a32-801850cfcef6/subham/LidarMapping2.5D/install/jsk_recognition_msgs/local/lib/python3.10/dist-packages/jsk_recognition_msgs/msg/__init__.py
[5.055s] -- Up-to-date symlink: /media/subham/85dce0f4-2e29-4540-9a32-801850cfcef6/subham/LidarMapping2.5D/install/jsk_recognition_msgs/local/lib/python3.10/dist-packages/jsk_recognition_msgs/msg/_polygon_array.py
[5.056s] -- Up-to-date symlink: /media/subham/85dce0f4-2e29-4540-9a32-801850cfcef6/subham/LidarMapping2.5D/install/jsk_recognition_msgs/local/lib/python3.10/dist-packages/jsk_recognition_msgs/msg/_polygon_array_s.c
[5.057s] -- Up-to-date symlink: /media/subham/85dce0f4-2e29-4540-9a32-801850cfcef6/subham/LidarMapping2.5D/install/jsk_recognition_msgs/local/lib/python3.10/dist-packages/jsk_recognition_msgs/jsk_recognition_msgs_s__rosidl_typesupport_fastrtps_c.cpython-310-x86_64-linux-gnu.so
[5.057s] -- Up-to-date symlink: /media/subham/85dce0f4-2e29-4540-9a32-801850cfcef6/subham/LidarMapping2.5D/install/jsk_recognition_msgs/local/lib/python3.10/dist-packages/jsk_recognition_msgs/jsk_recognition_msgs_s__rosidl_typesupport_introspection_c.cpython-310-x86_64-linux-gnu.so
[5.058s] -- Up-to-date symlink: /media/subham/85dce0f4-2e29-4540-9a32-801850cfcef6/subham/LidarMapping2.5D/install/jsk_recognition_msgs/local/lib/python3.10/dist-packages/jsk_recognition_msgs/jsk_recognition_msgs_s__rosidl_typesupport_c.cpython-310-x86_64-linux-gnu.so
[5.058s] -- Up-to-date symlink: /media/subham/85dce0f4-2e29-4540-9a32-801850cfcef6/subham/LidarMapping2.5D/install/jsk_recognition_msgs/share/ament_index/resource_index/rust_packages/jsk_recognition_msgs
[5.060s] -- Up-to-date symlink: /media/subham/85dce0f4-2e29-4540-9a32-801850cfcef6/subham/LidarMapping2.5D/install/jsk_recognition_msgs/share/jsk_recognition_msgs/rust/Cargo.toml
[5.060s] -- Up-to-date symlink: /media/subham/85dce0f4-2e29-4540-9a32-801850cfcef6/subham/LidarMapping2.5D/install/jsk_recognition_msgs/share/jsk_recognition_msgs/rust/build.rs
[5.060s] -- Up-to-date symlink: /media/subham/85dce0f4-2e29-4540-9a32-801850cfcef6/subham/LidarMapping2.5D/install/jsk_recognition_msgs/share/jsk_recognition_msgs/rust/src/lib.rs
[5.061s] -- Up-to-date symlink: /media/subham/85dce0f4-2e29-4540-9a32-801850cfcef6/subham/LidarMapping2.5D/install/jsk_recognition_msgs/share/jsk_recognition_msgs/rust/src/msg.rs
[5.061s] -- Up-to-date symlink: /media/subham/85dce0f4-2e29-4540-9a32-801850cfcef6/subham/LidarMapping2.5D/install/jsk_recognition_msgs/share/jsk_recognition_msgs/rust/src/msg/rmw.rs
[5.061s] -- Up-to-date symlink: /media/subham/85dce0f4-2e29-4540-9a32-801850cfcef6/subham/LidarMapping2.5D/install/jsk_recognition_msgs/share/jsk_recognition_msgs/msg/PolygonArray.idl
[5.062s] -- Up-to-date symlink: /media/subham/85dce0f4-2e29-4540-9a32-801850cfcef6/subham/LidarMapping2.5D/install/jsk_recognition_msgs/share/jsk_recognition_msgs/msg/PolygonArray.msg
[5.062s] -- Up-to-date symlink: /media/subham/85dce0f4-2e29-4540-9a32-801850cfcef6/subham/LidarMapping2.5D/install/jsk_recognition_msgs/share/ament_index/resource_index/package_run_dependencies/jsk_recognition_msgs
[5.063s] -- Up-to-date symlink: /media/subham/85dce0f4-2e29-4540-9a32-801850cfcef6/subham/LidarMapping2.5D/install/jsk_recognition_msgs/share/ament_index/resource_index/parent_prefix_path/jsk_recognition_msgs
[5.063s] -- Up-to-date symlink: /media/subham/85dce0f4-2e29-4540-9a32-801850cfcef6/subham/LidarMapping2.5D/install/jsk_recognition_msgs/share/jsk_recognition_msgs/environment/ament_prefix_path.sh
[5.064s] -- Up-to-date symlink: /media/subham/85dce0f4-2e29-4540-9a32-801850cfcef6/subham/LidarMapping2.5D/install/jsk_recognition_msgs/share/jsk_recognition_msgs/environment/ament_prefix_path.dsv
[5.064s] -- Up-to-date symlink: /media/subham/85dce0f4-2e29-4540-9a32-801850cfcef6/subham/LidarMapping2.5D/install/jsk_recognition_msgs/share/jsk_recognition_msgs/environment/path.sh
[5.065s] -- Up-to-date symlink: /media/subham/85dce0f4-2e29-4540-9a32-801850cfcef6/subham/LidarMapping2.5D/install/jsk_recognition_msgs/share/jsk_recognition_msgs/environment/path.dsv
[5.066s] -- Up-to-date symlink: /media/subham/85dce0f4-2e29-4540-9a32-801850cfcef6/subham/LidarMapping2.5D/install/jsk_recognition_msgs/share/jsk_recognition_msgs/local_setup.bash
[5.066s] -- Up-to-date symlink: /media/subham/85dce0f4-2e29-4540-9a32-801850cfcef6/subham/LidarMapping2.5D/install/jsk_recognition_msgs/share/jsk_recognition_msgs/local_setup.sh
[5.066s] -- Up-to-date symlink: /media/subham/85dce0f4-2e29-4540-9a32-801850cfcef6/subham/LidarMapping2.5D/install/jsk_recognition_msgs/share/jsk_recognition_msgs/local_setup.zsh
[5.067s] -- Up-to-date symlink: /media/subham/85dce0f4-2e29-4540-9a32-801850cfcef6/subham/LidarMapping2.5D/install/jsk_recognition_msgs/share/jsk_recognition_msgs/local_setup.dsv
[5.067s] -- Symlinking: /media/subham/85dce0f4-2e29-4540-9a32-801850cfcef6/subham/LidarMapping2.5D/install/jsk_recognition_msgs/share/jsk_recognition_msgs/package.dsv
[5.099s] -- Up-to-date symlink: /media/subham/85dce0f4-2e29-4540-9a32-801850cfcef6/subham/LidarMapping2.5D/install/jsk_recognition_msgs/share/ament_index/resource_index/packages/jsk_recognition_msgs
[5.100s] -- Up-to-date symlink: /media/subham/85dce0f4-2e29-4540-9a32-801850cfcef6/subham/LidarMapping2.5D/install/jsk_recognition_msgs/share/jsk_recognition_msgs/cmake/rosidl_cmake-extras.cmake
[5.100s] -- Up-to-date symlink: /media/subham/85dce0f4-2e29-4540-9a32-801850cfcef6/subham/LidarMapping2.5D/install/jsk_recognition_msgs/share/jsk_recognition_msgs/cmake/ament_cmake_export_dependencies-extras.cmake
[5.100s] -- Up-to-date symlink: /media/subham/85dce0f4-2e29-4540-9a32-801850cfcef6/subham/LidarMapping2.5D/install/jsk_recognition_msgs/share/jsk_recognition_msgs/cmake/ament_cmake_export_include_directories-extras.cmake
[5.101s] -- Up-to-date symlink: /media/subham/85dce0f4-2e29-4540-9a32-801850cfcef6/subham/LidarMapping2.5D/install/jsk_recognition_msgs/share/jsk_recognition_msgs/cmake/ament_cmake_export_libraries-extras.cmake
[5.102s] -- Up-to-date symlink: /media/subham/85dce0f4-2e29-4540-9a32-801850cfcef6/subham/LidarMapping2.5D/install/jsk_recognition_msgs/share/jsk_recognition_msgs/cmake/ament_cmake_export_targets-extras.cmake
[5.102s] -- Up-to-date symlink: /media/subham/85dce0f4-2e29-4540-9a32-801850cfcef6/subham/LidarMapping2.5D/install/jsk_recognition_msgs/share/jsk_recognition_msgs/cmake/rosidl_cmake_export_typesupport_targets-extras.cmake
[5.103s] -- Up-to-date symlink: /media/subham/85dce0f4-2e29-4540-9a32-801850cfcef6/subham/LidarMapping2.5D/install/jsk_recognition_msgs/share/jsk_recognition_msgs/cmake/rosidl_cmake_export_typesupport_libraries-extras.cmake
[5.103s] -- Up-to-date symlink: /media/subham/85dce0f4-2e29-4540-9a32-801850cfcef6/subham/LidarMapping2.5D/install/jsk_recognition_msgs/share/jsk_recognition_msgs/cmake/rosidl_cmake_aggregate_target-extras.cmake
[5.103s] -- Up-to-date symlink: /media/subham/85dce0f4-2e29-4540-9a32-801850cfcef6/subham/LidarMapping2.5D/install/jsk_recognition_msgs/share/jsk_recognition_msgs/cmake/jsk_recognition_msgsConfig.cmake
[5.104s] -- Up-to-date symlink: /media/subham/85dce0f4-2e29-4540-9a32-801850cfcef6/subham/LidarMapping2.5D/install/jsk_recognition_msgs/share/jsk_recognition_msgs/cmake/jsk_recognition_msgsConfig-version.cmake
[5.104s] -- Up-to-date symlink: /media/subham/85dce0f4-2e29-4540-9a32-801850cfcef6/subham/LidarMapping2.5D/install/jsk_recognition_msgs/share/jsk_recognition_msgs/package.xml
[5.105s] -- Up-to-date: /media/subham/85dce0f4-2e29-4540-9a32-801850cfcef6/subham/LidarMapping2.5D/install/jsk_recognition_msgs/lib/libjsk_recognition_msgs__rosidl_generator_c.so
[5.106s] -- Up-to-date: /media/subham/85dce0f4-2e29-4540-9a32-801850cfcef6/subham/LidarMapping2.5D/install/jsk_recognition_msgs/lib/libjsk_recognition_msgs__rosidl_typesupport_fastrtps_c.so
[5.107s] -- Up-to-date: /media/subham/85dce0f4-2e29-4540-9a32-801850cfcef6/subham/LidarMapping2.5D/install/jsk_recognition_msgs/lib/libjsk_recognition_msgs__rosidl_typesupport_fastrtps_cpp.so
[5.108s] -- Up-to-date: /media/subham/85dce0f4-2e29-4540-9a32-801850cfcef6/subham/LidarMapping2.5D/install/jsk_recognition_msgs/lib/libjsk_recognition_msgs__rosidl_typesupport_introspection_c.so
[5.109s] -- Up-to-date: /media/subham/85dce0f4-2e29-4540-9a32-801850cfcef6/subham/LidarMapping2.5D/install/jsk_recognition_msgs/lib/libjsk_recognition_msgs__rosidl_typesupport_c.so
[5.109s] -- Up-to-date: /media/subham/85dce0f4-2e29-4540-9a32-801850cfcef6/subham/LidarMapping2.5D/install/jsk_recognition_msgs/lib/libjsk_recognition_msgs__rosidl_typesupport_introspection_cpp.so
[5.110s] -- Up-to-date: /media/subham/85dce0f4-2e29-4540-9a32-801850cfcef6/subham/LidarMapping2.5D/install/jsk_recognition_msgs/lib/libjsk_recognition_msgs__rosidl_typesupport_cpp.so
[5.227s] Listing '/media/subham/85dce0f4-2e29-4540-9a32-801850cfcef6/subham/LidarMapping2.5D/install/jsk_recognition_msgs/local/lib/python3.10/dist-packages/jsk_recognition_msgs'...
[5.227s] Listing '/media/subham/85dce0f4-2e29-4540-9a32-801850cfcef6/subham/LidarMapping2.5D/install/jsk_recognition_msgs/local/lib/python3.10/dist-packages/jsk_recognition_msgs/msg'...
[5.242s] -- Up-to-date: /media/subham/85dce0f4-2e29-4540-9a32-801850cfcef6/subham/LidarMapping2.5D/install/jsk_recognition_msgs/lib/libjsk_recognition_msgs__rosidl_generator_py.so
[5.243s] -- Up-to-date: /media/subham/85dce0f4-2e29-4540-9a32-801850cfcef6/subham/LidarMapping2.5D/install/jsk_recognition_msgs/share/jsk_recognition_msgs/cmake/export_jsk_recognition_msgs__rosidl_generator_cExport.cmake
[5.243s] -- Up-to-date: /media/subham/85dce0f4-2e29-4540-9a32-801850cfcef6/subham/LidarMapping2.5D/install/jsk_recognition_msgs/share/jsk_recognition_msgs/cmake/export_jsk_recognition_msgs__rosidl_generator_cExport-noconfig.cmake
[5.244s] -- Up-to-date: /media/subham/85dce0f4-2e29-4540-9a32-801850cfcef6/subham/LidarMapping2.5D/install/jsk_recognition_msgs/share/jsk_recognition_msgs/cmake/export_jsk_recognition_msgs__rosidl_typesupport_fastrtps_cExport.cmake
[5.244s] -- Up-to-date: /media/subham/85dce0f4-2e29-4540-9a32-801850cfcef6/subham/LidarMapping2.5D/install/jsk_recognition_msgs/share/jsk_recognition_msgs/cmake/export_jsk_recognition_msgs__rosidl_typesupport_fastrtps_cExport-noconfig.cmake
[5.244s] -- Up-to-date: /media/subham/85dce0f4-2e29-4540-9a32-801850cfcef6/subham/LidarMapping2.5D/install/jsk_recognition_msgs/share/jsk_recognition_msgs/cmake/export_jsk_recognition_msgs__rosidl_generator_cppExport.cmake
[5.244s] -- Up-to-date: /media/subham/85dce0f4-2e29-4540-9a32-801850cfcef6/subham/LidarMapping2.5D/install/jsk_recognition_msgs/share/jsk_recognition_msgs/cmake/export_jsk_recognition_msgs__rosidl_typesupport_fastrtps_cppExport.cmake
[5.245s] -- Up-to-date: /media/subham/85dce0f4-2e29-4540-9a32-801850cfcef6/subham/LidarMapping2.5D/install/jsk_recognition_msgs/share/jsk_recognition_msgs/cmake/export_jsk_recognition_msgs__rosidl_typesupport_fastrtps_cppExport-noconfig.cmake
[5.245s] -- Up-to-date: /media/subham/85dce0f4-2e29-4540-9a32-801850cfcef6/subham/LidarMapping2.5D/install/jsk_recognition_msgs/share/jsk_recognition_msgs/cmake/jsk_recognition_msgs__rosidl_typesupport_introspection_cExport.cmake
[5.245s] -- Up-to-date: /media/subham/85dce0f4-2e29-4540-9a32-801850cfcef6/subham/LidarMapping2.5D/install/jsk_recognition_msgs/share/jsk_recognition_msgs/cmake/jsk_recognition_msgs__rosidl_typesupport_introspection_cExport-noconfig.cmake
[5.245s] -- Up-to-date: /media/subham/85dce0f4-2e29-4540-9a32-801850cfcef6/subham/LidarMapping2.5D/install/jsk_recognition_msgs/share/jsk_recognition_msgs/cmake/jsk_recognition_msgs__rosidl_typesupport_cExport.cmake
[5.246s] -- Up-to-date: /media/subham/85dce0f4-2e29-4540-9a32-801850cfcef6/subham/LidarMapping2.5D/install/jsk_recognition_msgs/share/jsk_recognition_msgs/cmake/jsk_recognition_msgs__rosidl_typesupport_cExport-noconfig.cmake
[5.246s] -- Up-to-date: /media/subham/85dce0f4-2e29-4540-9a32-801850cfcef6/subham/LidarMapping2.5D/install/jsk_recognition_msgs/share/jsk_recognition_msgs/cmake/jsk_recognition_msgs__rosidl_typesupport_introspection_cppExport.cmake
[5.246s] -- Up-to-date: /media/subham/85dce0f4-2e29-4540-9a32-801850cfcef6/subham/LidarMapping2.5D/install/jsk_recognition_msgs/share/jsk_recognition_msgs/cmake/jsk_recognition_msgs__rosidl_typesupport_introspection_cppExport-noconfig.cmake
[5.246s] -- Up-to-date: /media/subham/85dce0f4-2e29-4540-9a32-801850cfcef6/subham/LidarMapping2.5D/install/jsk_recognition_msgs/share/jsk_recognition_msgs/cmake/jsk_recognition_msgs__rosidl_typesupport_cppExport.cmake
[5.246s] -- Up-to-date: /media/subham/85dce0f4-2e29-4540-9a32-801850cfcef6/subham/LidarMapping2.5D/install/jsk_recognition_msgs/share/jsk_recognition_msgs/cmake/jsk_recognition_msgs__rosidl_typesupport_cppExport-noconfig.cmake
[5.247s] -- Up-to-date: /media/subham/85dce0f4-2e29-4540-9a32-801850cfcef6/subham/LidarMapping2.5D/install/jsk_recognition_msgs/share/jsk_recognition_msgs/cmake/export_jsk_recognition_msgs__rosidl_generator_pyExport.cmake
[5.247s] -- Up-to-date: /media/subham/85dce0f4-2e29-4540-9a32-801850cfcef6/subham/LidarMapping2.5D/install/jsk_recognition_msgs/share/jsk_recognition_msgs/cmake/export_jsk_recognition_msgs__rosidl_generator_pyExport-noconfig.cmake
[5.254s] Invoked command in '/media/subham/85dce0f4-2e29-4540-9a32-801850cfcef6/subham/LidarMapping2.5D/build/jsk_recognition_msgs' returned '0': CMAKE_PREFIX_PATH=${CMAKE_PREFIX_PATH}:/home/subham/omokai_ws/install/llm_navigation:/home/subham/Edge_AI_for_ADAS_and_Autonomous_Systems/install/adas_perception:/home/subham/Edge_AI_for_ADAS_and_Autonomous_Systems/install/adas_navigation:/home/subham/rover_ws/install/rover_navigation:/home/subham/anvrit_ws/install/anvrit_perception:/home/subham/anvrit_ws/install/anvrit_odometry:/home/subham/anvrit_ws/install/anvrit_nav2:/home/subham/igvc/install/igvc_perception:/home/subham/igvc/install/igvc_navigation:/home/subham/colcon_ws/install/ros2ai:/opt/ros/humble /usr/bin/cmake --install /media/subham/85dce0f4-2e29-4540-9a32-801850cfcef6/subham/LidarMapping2.5D/build/jsk_recognition_msgs
