[0.023s] Invoking command in '/media/subham/85dce0f4-2e29-4540-9a32-801850cfcef6/subham/LidarMapping2.5D/build/jsk_recognition_msgs': CMAKE_PREFIX_PATH=${CMAKE_PREFIX_PATH}:/home/subham/omokai_ws/install/llm_navigation:/home/subham/Edge_AI_for_ADAS_and_Autonomous_Systems/install/adas_perception:/home/subham/Edge_AI_for_ADAS_and_Autonomous_Systems/install/adas_navigation:/home/subham/rover_ws/install/rover_navigation:/home/subham/anvrit_ws/install/anvrit_perception:/home/subham/anvrit_ws/install/anvrit_odometry:/home/subham/anvrit_ws/install/anvrit_nav2:/home/subham/igvc/install/igvc_perception:/home/subham/igvc/install/igvc_navigation:/home/subham/colcon_ws/install/ros2ai:/opt/ros/humble /usr/bin/cmake --build /media/subham/85dce0f4-2e29-4540-9a32-801850cfcef6/subham/LidarMapping2.5D/build/jsk_recognition_msgs
[0.138s] [  3%] Built target jsk_recognition_msgs__rs
[0.192s] [ 12%] Built target jsk_recognition_msgs__rosidl_generator_c
[0.236s] [ 21%] Built target jsk_recognition_msgs__rosidl_typesupport_fastrtps_c
[0.278s] [ 25%] Built target jsk_recognition_msgs__cpp
[0.323s] [ 34%] Built target jsk_recognition_msgs__rosidl_typesupport_fastrtps_cpp
[0.368s] [ 43%] Built target jsk_recognition_msgs__rosidl_typesupport_introspection_c
[0.417s] [ 53%] Built target jsk_recognition_msgs__rosidl_typesupport_c
[0.460s] [ 62%] Built target jsk_recognition_msgs__rosidl_typesupport_introspection_cpp
[0.508s] [ 71%] Built target jsk_recognition_msgs__rosidl_typesupport_cpp
[0.546s] [ 71%] Built target jsk_recognition_msgs
[0.600s] [ 71%] Built target ament_cmake_python_symlink_jsk_recognition_msgs
[1.086s] running egg_info
[1.113s] writing jsk_recognition_msgs.egg-info/PKG-INFO
[1.114s] writing dependency_links to jsk_recognition_msgs.egg-info/dependency_links.txt
[1.114s] writing top-level names to jsk_recognition_msgs.egg-info/top_level.txt
[2.260s] reading manifest file 'jsk_recognition_msgs.egg-info/SOURCES.txt'
[2.261s] writing manifest file 'jsk_recognition_msgs.egg-info/SOURCES.txt'
[2.342s] [ 71%] Built target ament_cmake_python_build_jsk_recognition_msgs_egg
[2.372s] [ 75%] Built target jsk_recognition_msgs__py
[2.409s] [ 81%] Built target jsk_recognition_msgs__rosidl_generator_py
[2.444s] [ 87%] Built target jsk_recognition_msgs__rosidl_typesupport_fastrtps_c__pyext
[2.478s] [ 93%] Built target jsk_recognition_msgs__rosidl_typesupport_introspection_c__pyext
[2.512s] [100%] Built target jsk_recognition_msgs__rosidl_typesupport_c__pyext
[2.528s] Invoked command in '/media/subham/85dce0f4-2e29-4540-9a32-801850cfcef6/subham/LidarMapping2.5D/build/jsk_recognition_msgs' returned '0': CMAKE_PREFIX_PATH=${CMAKE_PREFIX_PATH}:/home/subham/omokai_ws/install/llm_navigation:/home/subham/Edge_AI_for_ADAS_and_Autonomous_Systems/install/adas_perception:/home/subham/Edge_AI_for_ADAS_and_Autonomous_Systems/install/adas_navigation:/home/subham/rover_ws/install/rover_navigation:/home/subham/anvrit_ws/install/anvrit_perception:/home/subham/anvrit_ws/install/anvrit_odometry:/home/subham/anvrit_ws/install/anvrit_nav2:/home/subham/igvc/install/igvc_perception:/home/subham/igvc/install/igvc_navigation:/home/subham/colcon_ws/install/ros2ai:/opt/ros/humble /usr/bin/cmake --build /media/subham/85dce0f4-2e29-4540-9a32-801850cfcef6/subham/LidarMapping2.5D/build/jsk_recognition_msgs
[2.530s] Invoking command in '/media/subham/85dce0f4-2e29-4540-9a32-801850cfcef6/subham/LidarMapping2.5D/build/jsk_recognition_msgs': CMAKE_PREFIX_PATH=${CMAKE_PREFIX_PATH}:/home/subham/omokai_ws/install/llm_navigation:/home/subham/Edge_AI_for_ADAS_and_Autonomous_Systems/install/adas_perception:/home/subham/Edge_AI_for_ADAS_and_Autonomous_Systems/install/adas_navigation:/home/subham/rover_ws/install/rover_navigation:/home/subham/anvrit_ws/install/anvrit_perception:/home/subham/anvrit_ws/install/anvrit_odometry:/home/subham/anvrit_ws/install/anvrit_nav2:/home/subham/igvc/install/igvc_perception:/home/subham/igvc/install/igvc_navigation:/home/subham/colcon_ws/install/ros2ai:/opt/ros/humble /usr/bin/cmake --install /media/subham/85dce0f4-2e29-4540-9a32-801850cfcef6/subham/LidarMapping2.5D/build/jsk_recognition_msgs
[2.540s] -- Install configuration: ""
[2.541s] -- Execute custom install script
[2.541s] -- Up-to-date symlink: /media/subham/85dce0f4-2e29-4540-9a32-801850cfcef6/subham/LidarMapping2.5D/install/jsk_recognition_msgs/share/ament_index/resource_index/rosidl_interfaces/jsk_recognition_msgs
[2.542s] -- Up-to-date symlink: /media/subham/85dce0f4-2e29-4540-9a32-801850cfcef6/subham/LidarMapping2.5D/install/jsk_recognition_msgs/include/jsk_recognition_msgs/jsk_recognition_msgs/msg/detail/polygon_array__functions.h
[2.542s] -- Up-to-date symlink: /media/subham/85dce0f4-2e29-4540-9a32-801850cfcef6/subham/LidarMapping2.5D/install/jsk_recognition_msgs/include/jsk_recognition_msgs/jsk_recognition_msgs/msg/detail/polygon_array__struct.h
[2.543s] -- Up-to-date symlink: /media/subham/85dce0f4-2e29-4540-9a32-801850cfcef6/subham/LidarMapping2.5D/install/jsk_recognition_msgs/include/jsk_recognition_msgs/jsk_recognition_msgs/msg/detail/polygon_array__type_support.h
[2.543s] -- Up-to-date symlink: /media/subham/85dce0f4-2e29-4540-9a32-801850cfcef6/subham/LidarMapping2.5D/install/jsk_recognition_msgs/include/jsk_recognition_msgs/jsk_recognition_msgs/msg/polygon_array.h
[2.543s] -- Up-to-date symlink: /media/subham/85dce0f4-2e29-4540-9a32-801850cfcef6/subham/LidarMapping2.5D/install/jsk_recognition_msgs/include/jsk_recognition_msgs/jsk_recognition_msgs/msg/rosidl_generator_c__visibility_control.h
[2.543s] -- Up-to-date symlink: /media/subham/85dce0f4-2e29-4540-9a32-801850cfcef6/subham/LidarMapping2.5D/install/jsk_recognition_msgs/share/jsk_recognition_msgs/environment/library_path.sh
[2.544s] -- Up-to-date symlink: /media/subham/85dce0f4-2e29-4540-9a32-801850cfcef6/subham/LidarMapping2.5D/install/jsk_recognition_msgs/share/jsk_recognition_msgs/environment/library_path.dsv
[2.544s] -- Up-to-date symlink: /media/subham/85dce0f4-2e29-4540-9a32-801850cfcef6/subham/LidarMapping2.5D/install/jsk_recognition_msgs/include/jsk_recognition_msgs/jsk_recognition_msgs/msg/detail/polygon_array__rosidl_typesupport_fastrtps_c.h
[2.544s] -- Up-to-date symlink: /media/subham/85dce0f4-2e29-4540-9a32-801850cfcef6/subham/LidarMapping2.5D/install/jsk_recognition_msgs/include/jsk_recognition_msgs/jsk_recognition_msgs/msg/rosidl_typesupport_fastrtps_c__visibility_control.h
[2.545s] -- Up-to-date symlink: /media/subham/85dce0f4-2e29-4540-9a32-801850cfcef6/subham/LidarMapping2.5D/install/jsk_recognition_msgs/include/jsk_recognition_msgs/jsk_recognition_msgs/msg/detail/polygon_array__builder.hpp
[2.545s] -- Up-to-date symlink: /media/subham/85dce0f4-2e29-4540-9a32-801850cfcef6/subham/LidarMapping2.5D/install/jsk_recognition_msgs/include/jsk_recognition_msgs/jsk_recognition_msgs/msg/detail/polygon_array__struct.hpp
[2.545s] -- Up-to-date symlink: /media/subham/85dce0f4-2e29-4540-9a32-801850cfcef6/subham/LidarMapping2.5D/install/jsk_recognition_msgs/include/jsk_recognition_msgs/jsk_recognition_msgs/msg/detail/polygon_array__traits.hpp
[2.546s] -- Up-to-date symlink: /media/subham/85dce0f4-2e29-4540-9a32-801850cfcef6/subham/LidarMapping2.5D/install/jsk_recognition_msgs/include/jsk_recognition_msgs/jsk_recognition_msgs/msg/detail/polygon_array__type_support.hpp
[2.546s] -- Up-to-date symlink: /media/subham/85dce0f4-2e29-4540-9a32-801850cfcef6/subham/LidarMapping2.5D/install/jsk_recognition_msgs/include/jsk_recognition_msgs/jsk_recognition_msgs/msg/polygon_array.hpp
[2.546s] -- Up-to-date symlink: /media/subham/85dce0f4-2e29-4540-9a32-801850cfcef6/subham/LidarMapping2.5D/install/jsk_recognition_msgs/include/jsk_recognition_msgs/jsk_recognition_msgs/msg/rosidl_generator_cpp__visibility_control.hpp
[2.547s] -- Up-to-date symlink: /media/subham/85dce0f4-2e29-4540-9a32-801850cfcef6/subham/LidarMapping2.5D/install/jsk_recognition_msgs/include/jsk_recognition_msgs/jsk_recognition_msgs/msg/detail/polygon_array__rosidl_typesupport_fastrtps_cpp.hpp
[2.547s] -- Up-to-date symlink: /media/subham/85dce0f4-2e29-4540-9a32-801850cfcef6/subham/LidarMapping2.5D/install/jsk_recognition_msgs/include/jsk_recognition_msgs/jsk_recognition_msgs/msg/rosidl_typesupport_fastrtps_cpp__visibility_control.h
[2.547s] -- Up-to-date symlink: /media/subham/85dce0f4-2e29-4540-9a32-801850cfcef6/subham/LidarMapping2.5D/install/jsk_recognition_msgs/include/jsk_recognition_msgs/jsk_recognition_msgs/msg/detail/polygon_array__rosidl_typesupport_introspection_c.h
[2.548s] -- Up-to-date symlink: /media/subham/85dce0f4-2e29-4540-9a32-801850cfcef6/subham/LidarMapping2.5D/install/jsk_recognition_msgs/include/jsk_recognition_msgs/jsk_recognition_msgs/msg/rosidl_typesupport_introspection_c__visibility_control.h
[2.548s] -- Up-to-date symlink: /media/subham/85dce0f4-2e29-4540-9a32-801850cfcef6/subham/LidarMapping2.5D/install/jsk_recognition_msgs/include/jsk_recognition_msgs/jsk_recognition_msgs/msg/detail/polygon_array__rosidl_typesupport_introspection_cpp.hpp
[2.548s] -- Up-to-date symlink: /media/subham/85dce0f4-2e29-4540-9a32-801850cfcef6/subham/LidarMapping2.5D/install/jsk_recognition_msgs/share/jsk_recognition_msgs/environment/pythonpath.sh
[2.548s] -- Up-to-date symlink: /media/subham/85dce0f4-2e29-4540-9a32-801850cfcef6/subham/LidarMapping2.5D/install/jsk_recognition_msgs/share/jsk_recognition_msgs/environment/pythonpath.dsv
[2.549s] -- Up-to-date symlink: /media/subham/85dce0f4-2e29-4540-9a32-801850cfcef6/subham/LidarMapping2.5D/install/jsk_recognition_msgs/local/lib/python3.10/dist-packages/jsk_recognition_msgs-0.0.0-py3.10.egg-info/PKG-INFO
[2.549s] -- Up-to-date symlink: /media/subham/85dce0f4-2e29-4540-9a32-801850cfcef6/subham/LidarMapping2.5D/install/jsk_recognition_msgs/local/lib/python3.10/dist-packages/jsk_recognition_msgs-0.0.0-py3.10.egg-info/SOURCES.txt
[2.549s] -- Up-to-date symlink: /media/subham/85dce0f4-2e29-4540-9a32-801850cfcef6/subham/LidarMapping2.5D/install/jsk_recognition_msgs/local/lib/python3.10/dist-packages/jsk_recognition_msgs-0.0.0-py3.10.egg-info/dependency_links.txt
[2.549s] -- Up-to-date symlink: /media/subham/85dce0f4-2e29-4540-9a32-801850cfcef6/subham/LidarMapping2.5D/install/jsk_recognition_msgs/local/lib/python3.10/dist-packages/jsk_recognition_msgs-0.0.0-py3.10.egg-info/top_level.txt
[2.550s] -- Up-to-date symlink: /media/subham/85dce0f4-2e29-4540-9a32-801850cfcef6/subham/LidarMapping2.5D/install/jsk_recognition_msgs/local/lib/python3.10/dist-packages/jsk_recognition_msgs/__init__.py
[2.550s] -- Up-to-date symlink: /media/subham/85dce0f4-2e29-4540-9a32-801850cfcef6/subham/LidarMapping2.5D/install/jsk_recognition_msgs/local/lib/python3.10/dist-packages/jsk_recognition_msgs/_jsk_recognition_msgs_s.ep.rosidl_typesupport_c.c
[2.551s] -- Up-to-date symlink: /media/subham/85dce0f4-2e29-4540-9a32-801850cfcef6/subham/LidarMapping2.5D/install/jsk_recognition_msgs/local/lib/python3.10/dist-packages/jsk_recognition_msgs/_jsk_recognition_msgs_s.ep.rosidl_typesupport_fastrtps_c.c
[2.551s] -- Up-to-date symlink: /media/subham/85dce0f4-2e29-4540-9a32-801850cfcef6/subham/LidarMapping2.5D/install/jsk_recognition_msgs/local/lib/python3.10/dist-packages/jsk_recognition_msgs/_jsk_recognition_msgs_s.ep.rosidl_typesupport_introspection_c.c
[2.551s] -- Up-to-date symlink: /media/subham/85dce0f4-2e29-4540-9a32-801850cfcef6/subham/LidarMapping2.5D/install/jsk_recognition_msgs/local/lib/python3.10/dist-packages/jsk_recognition_msgs/jsk_recognition_msgs_s__rosidl_typesupport_c.cpython-310-x86_64-linux-gnu.so
[2.551s] -- Up-to-date symlink: /media/subham/85dce0f4-2e29-4540-9a32-801850cfcef6/subham/LidarMapping2.5D/install/jsk_recognition_msgs/local/lib/python3.10/dist-packages/jsk_recognition_msgs/jsk_recognition_msgs_s__rosidl_typesupport_fastrtps_c.cpython-310-x86_64-linux-gnu.so
[2.551s] -- Up-to-date symlink: /media/subham/85dce0f4-2e29-4540-9a32-801850cfcef6/subham/LidarMapping2.5D/install/jsk_recognition_msgs/local/lib/python3.10/dist-packages/jsk_recognition_msgs/jsk_recognition_msgs_s__rosidl_typesupport_introspection_c.cpython-310-x86_64-linux-gnu.so
[2.552s] -- Up-to-date symlink: /media/subham/85dce0f4-2e29-4540-9a32-801850cfcef6/subham/LidarMapping2.5D/install/jsk_recognition_msgs/local/lib/python3.10/dist-packages/jsk_recognition_msgs/libjsk_recognition_msgs__rosidl_generator_py.so
[2.552s] -- Up-to-date symlink: /media/subham/85dce0f4-2e29-4540-9a32-801850cfcef6/subham/LidarMapping2.5D/install/jsk_recognition_msgs/local/lib/python3.10/dist-packages/jsk_recognition_msgs/msg/__init__.py
[2.552s] -- Up-to-date symlink: /media/subham/85dce0f4-2e29-4540-9a32-801850cfcef6/subham/LidarMapping2.5D/install/jsk_recognition_msgs/local/lib/python3.10/dist-packages/jsk_recognition_msgs/msg/_polygon_array.py
[2.552s] -- Up-to-date symlink: /media/subham/85dce0f4-2e29-4540-9a32-801850cfcef6/subham/LidarMapping2.5D/install/jsk_recognition_msgs/local/lib/python3.10/dist-packages/jsk_recognition_msgs/msg/_polygon_array_s.c
[2.553s] -- Up-to-date symlink: /media/subham/85dce0f4-2e29-4540-9a32-801850cfcef6/subham/LidarMapping2.5D/install/jsk_recognition_msgs/local/lib/python3.10/dist-packages/jsk_recognition_msgs/jsk_recognition_msgs_s__rosidl_typesupport_fastrtps_c.cpython-310-x86_64-linux-gnu.so
[2.553s] -- Up-to-date symlink: /media/subham/85dce0f4-2e29-4540-9a32-801850cfcef6/subham/LidarMapping2.5D/install/jsk_recognition_msgs/local/lib/python3.10/dist-packages/jsk_recognition_msgs/jsk_recognition_msgs_s__rosidl_typesupport_introspection_c.cpython-310-x86_64-linux-gnu.so
[2.553s] -- Up-to-date symlink: /media/subham/85dce0f4-2e29-4540-9a32-801850cfcef6/subham/LidarMapping2.5D/install/jsk_recognition_msgs/local/lib/python3.10/dist-packages/jsk_recognition_msgs/jsk_recognition_msgs_s__rosidl_typesupport_c.cpython-310-x86_64-linux-gnu.so
[2.554s] -- Up-to-date symlink: /media/subham/85dce0f4-2e29-4540-9a32-801850cfcef6/subham/LidarMapping2.5D/install/jsk_recognition_msgs/share/ament_index/resource_index/rust_packages/jsk_recognition_msgs
[2.554s] -- Up-to-date symlink: /media/subham/85dce0f4-2e29-4540-9a32-801850cfcef6/subham/LidarMapping2.5D/install/jsk_recognition_msgs/share/jsk_recognition_msgs/rust/Cargo.toml
[2.554s] -- Up-to-date symlink: /media/subham/85dce0f4-2e29-4540-9a32-801850cfcef6/subham/LidarMapping2.5D/install/jsk_recognition_msgs/share/jsk_recognition_msgs/rust/build.rs
[2.554s] -- Up-to-date symlink: /media/subham/85dce0f4-2e29-4540-9a32-801850cfcef6/subham/LidarMapping2.5D/install/jsk_recognition_msgs/share/jsk_recognition_msgs/rust/src/lib.rs
[2.555s] -- Up-to-date symlink: /media/subham/85dce0f4-2e29-4540-9a32-801850cfcef6/subham/LidarMapping2.5D/install/jsk_recognition_msgs/share/jsk_recognition_msgs/rust/src/msg.rs
[2.555s] -- Up-to-date symlink: /media/subham/85dce0f4-2e29-4540-9a32-801850cfcef6/subham/LidarMapping2.5D/install/jsk_recognition_msgs/share/jsk_recognition_msgs/rust/src/msg/rmw.rs
[2.555s] -- Up-to-date symlink: /media/subham/85dce0f4-2e29-4540-9a32-801850cfcef6/subham/LidarMapping2.5D/install/jsk_recognition_msgs/share/jsk_recognition_msgs/msg/PolygonArray.idl
[2.555s] -- Up-to-date symlink: /media/subham/85dce0f4-2e29-4540-9a32-801850cfcef6/subham/LidarMapping2.5D/install/jsk_recognition_msgs/share/jsk_recognition_msgs/msg/PolygonArray.msg
[2.556s] -- Up-to-date symlink: /media/subham/85dce0f4-2e29-4540-9a32-801850cfcef6/subham/LidarMapping2.5D/install/jsk_recognition_msgs/share/ament_index/resource_index/package_run_dependencies/jsk_recognition_msgs
[2.556s] -- Up-to-date symlink: /media/subham/85dce0f4-2e29-4540-9a32-801850cfcef6/subham/LidarMapping2.5D/install/jsk_recognition_msgs/share/ament_index/resource_index/parent_prefix_path/jsk_recognition_msgs
[2.556s] -- Up-to-date symlink: /media/subham/85dce0f4-2e29-4540-9a32-801850cfcef6/subham/LidarMapping2.5D/install/jsk_recognition_msgs/share/jsk_recognition_msgs/environment/ament_prefix_path.sh
[2.556s] -- Up-to-date symlink: /media/subham/85dce0f4-2e29-4540-9a32-801850cfcef6/subham/LidarMapping2.5D/install/jsk_recognition_msgs/share/jsk_recognition_msgs/environment/ament_prefix_path.dsv
[2.556s] -- Up-to-date symlink: /media/subham/85dce0f4-2e29-4540-9a32-801850cfcef6/subham/LidarMapping2.5D/install/jsk_recognition_msgs/share/jsk_recognition_msgs/environment/path.sh
[2.557s] -- Up-to-date symlink: /media/subham/85dce0f4-2e29-4540-9a32-801850cfcef6/subham/LidarMapping2.5D/install/jsk_recognition_msgs/share/jsk_recognition_msgs/environment/path.dsv
[2.557s] -- Up-to-date symlink: /media/subham/85dce0f4-2e29-4540-9a32-801850cfcef6/subham/LidarMapping2.5D/install/jsk_recognition_msgs/share/jsk_recognition_msgs/local_setup.bash
[2.557s] -- Up-to-date symlink: /media/subham/85dce0f4-2e29-4540-9a32-801850cfcef6/subham/LidarMapping2.5D/install/jsk_recognition_msgs/share/jsk_recognition_msgs/local_setup.sh
[2.557s] -- Up-to-date symlink: /media/subham/85dce0f4-2e29-4540-9a32-801850cfcef6/subham/LidarMapping2.5D/install/jsk_recognition_msgs/share/jsk_recognition_msgs/local_setup.zsh
[2.558s] -- Up-to-date symlink: /media/subham/85dce0f4-2e29-4540-9a32-801850cfcef6/subham/LidarMapping2.5D/install/jsk_recognition_msgs/share/jsk_recognition_msgs/local_setup.dsv
[2.558s] -- Symlinking: /media/subham/85dce0f4-2e29-4540-9a32-801850cfcef6/subham/LidarMapping2.5D/install/jsk_recognition_msgs/share/jsk_recognition_msgs/package.dsv
[2.571s] -- Up-to-date symlink: /media/subham/85dce0f4-2e29-4540-9a32-801850cfcef6/subham/LidarMapping2.5D/install/jsk_recognition_msgs/share/ament_index/resource_index/packages/jsk_recognition_msgs
[2.571s] -- Up-to-date symlink: /media/subham/85dce0f4-2e29-4540-9a32-801850cfcef6/subham/LidarMapping2.5D/install/jsk_recognition_msgs/share/jsk_recognition_msgs/cmake/rosidl_cmake-extras.cmake
[2.571s] -- Up-to-date symlink: /media/subham/85dce0f4-2e29-4540-9a32-801850cfcef6/subham/LidarMapping2.5D/install/jsk_recognition_msgs/share/jsk_recognition_msgs/cmake/ament_cmake_export_dependencies-extras.cmake
[2.571s] -- Up-to-date symlink: /media/subham/85dce0f4-2e29-4540-9a32-801850cfcef6/subham/LidarMapping2.5D/install/jsk_recognition_msgs/share/jsk_recognition_msgs/cmake/ament_cmake_export_include_directories-extras.cmake
[2.571s] -- Up-to-date symlink: /media/subham/85dce0f4-2e29-4540-9a32-801850cfcef6/subham/LidarMapping2.5D/install/jsk_recognition_msgs/share/jsk_recognition_msgs/cmake/ament_cmake_export_libraries-extras.cmake
[2.572s] -- Up-to-date symlink: /media/subham/85dce0f4-2e29-4540-9a32-801850cfcef6/subham/LidarMapping2.5D/install/jsk_recognition_msgs/share/jsk_recognition_msgs/cmake/ament_cmake_export_targets-extras.cmake
[2.572s] -- Up-to-date symlink: /media/subham/85dce0f4-2e29-4540-9a32-801850cfcef6/subham/LidarMapping2.5D/install/jsk_recognition_msgs/share/jsk_recognition_msgs/cmake/rosidl_cmake_export_typesupport_targets-extras.cmake
[2.572s] -- Up-to-date symlink: /media/subham/85dce0f4-2e29-4540-9a32-801850cfcef6/subham/LidarMapping2.5D/install/jsk_recognition_msgs/share/jsk_recognition_msgs/cmake/rosidl_cmake_export_typesupport_libraries-extras.cmake
[2.572s] -- Up-to-date symlink: /media/subham/85dce0f4-2e29-4540-9a32-801850cfcef6/subham/LidarMapping2.5D/install/jsk_recognition_msgs/share/jsk_recognition_msgs/cmake/rosidl_cmake_aggregate_target-extras.cmake
[2.572s] -- Up-to-date symlink: /media/subham/85dce0f4-2e29-4540-9a32-801850cfcef6/subham/LidarMapping2.5D/install/jsk_recognition_msgs/share/jsk_recognition_msgs/cmake/jsk_recognition_msgsConfig.cmake
[2.572s] -- Up-to-date symlink: /media/subham/85dce0f4-2e29-4540-9a32-801850cfcef6/subham/LidarMapping2.5D/install/jsk_recognition_msgs/share/jsk_recognition_msgs/cmake/jsk_recognition_msgsConfig-version.cmake
[2.573s] -- Up-to-date symlink: /media/subham/85dce0f4-2e29-4540-9a32-801850cfcef6/subham/LidarMapping2.5D/install/jsk_recognition_msgs/share/jsk_recognition_msgs/package.xml
[2.573s] -- Up-to-date: /media/subham/85dce0f4-2e29-4540-9a32-801850cfcef6/subham/LidarMapping2.5D/install/jsk_recognition_msgs/lib/libjsk_recognition_msgs__rosidl_generator_c.so
[2.574s] -- Up-to-date: /media/subham/85dce0f4-2e29-4540-9a32-801850cfcef6/subham/LidarMapping2.5D/install/jsk_recognition_msgs/lib/libjsk_recognition_msgs__rosidl_typesupport_fastrtps_c.so
[2.575s] -- Up-to-date: /media/subham/85dce0f4-2e29-4540-9a32-801850cfcef6/subham/LidarMapping2.5D/install/jsk_recognition_msgs/lib/libjsk_recognition_msgs__rosidl_typesupport_fastrtps_cpp.so
[2.575s] -- Up-to-date: /media/subham/85dce0f4-2e29-4540-9a32-801850cfcef6/subham/LidarMapping2.5D/install/jsk_recognition_msgs/lib/libjsk_recognition_msgs__rosidl_typesupport_introspection_c.so
[2.576s] -- Up-to-date: /media/subham/85dce0f4-2e29-4540-9a32-801850cfcef6/subham/LidarMapping2.5D/install/jsk_recognition_msgs/lib/libjsk_recognition_msgs__rosidl_typesupport_c.so
[2.576s] -- Up-to-date: /media/subham/85dce0f4-2e29-4540-9a32-801850cfcef6/subham/LidarMapping2.5D/install/jsk_recognition_msgs/lib/libjsk_recognition_msgs__rosidl_typesupport_introspection_cpp.so
[2.577s] -- Up-to-date: /media/subham/85dce0f4-2e29-4540-9a32-801850cfcef6/subham/LidarMapping2.5D/install/jsk_recognition_msgs/lib/libjsk_recognition_msgs__rosidl_typesupport_cpp.so
[2.632s] Listing '/media/subham/85dce0f4-2e29-4540-9a32-801850cfcef6/subham/LidarMapping2.5D/install/jsk_recognition_msgs/local/lib/python3.10/dist-packages/jsk_recognition_msgs'...
[2.632s] Listing '/media/subham/85dce0f4-2e29-4540-9a32-801850cfcef6/subham/LidarMapping2.5D/install/jsk_recognition_msgs/local/lib/python3.10/dist-packages/jsk_recognition_msgs/msg'...
[2.639s] -- Up-to-date: /media/subham/85dce0f4-2e29-4540-9a32-801850cfcef6/subham/LidarMapping2.5D/install/jsk_recognition_msgs/lib/libjsk_recognition_msgs__rosidl_generator_py.so
[2.640s] -- Up-to-date: /media/subham/85dce0f4-2e29-4540-9a32-801850cfcef6/subham/LidarMapping2.5D/install/jsk_recognition_msgs/share/jsk_recognition_msgs/cmake/export_jsk_recognition_msgs__rosidl_generator_cExport.cmake
[2.640s] -- Up-to-date: /media/subham/85dce0f4-2e29-4540-9a32-801850cfcef6/subham/LidarMapping2.5D/install/jsk_recognition_msgs/share/jsk_recognition_msgs/cmake/export_jsk_recognition_msgs__rosidl_generator_cExport-noconfig.cmake
[2.640s] -- Up-to-date: /media/subham/85dce0f4-2e29-4540-9a32-801850cfcef6/subham/LidarMapping2.5D/install/jsk_recognition_msgs/share/jsk_recognition_msgs/cmake/export_jsk_recognition_msgs__rosidl_typesupport_fastrtps_cExport.cmake
[2.640s] -- Up-to-date: /media/subham/85dce0f4-2e29-4540-9a32-801850cfcef6/subham/LidarMapping2.5D/install/jsk_recognition_msgs/share/jsk_recognition_msgs/cmake/export_jsk_recognition_msgs__rosidl_typesupport_fastrtps_cExport-noconfig.cmake
[2.640s] -- Up-to-date: /media/subham/85dce0f4-2e29-4540-9a32-801850cfcef6/subham/LidarMapping2.5D/install/jsk_recognition_msgs/share/jsk_recognition_msgs/cmake/export_jsk_recognition_msgs__rosidl_generator_cppExport.cmake
[2.641s] -- Up-to-date: /media/subham/85dce0f4-2e29-4540-9a32-801850cfcef6/subham/LidarMapping2.5D/install/jsk_recognition_msgs/share/jsk_recognition_msgs/cmake/export_jsk_recognition_msgs__rosidl_typesupport_fastrtps_cppExport.cmake
[2.641s] -- Up-to-date: /media/subham/85dce0f4-2e29-4540-9a32-801850cfcef6/subham/LidarMapping2.5D/install/jsk_recognition_msgs/share/jsk_recognition_msgs/cmake/export_jsk_recognition_msgs__rosidl_typesupport_fastrtps_cppExport-noconfig.cmake
[2.641s] -- Up-to-date: /media/subham/85dce0f4-2e29-4540-9a32-801850cfcef6/subham/LidarMapping2.5D/install/jsk_recognition_msgs/share/jsk_recognition_msgs/cmake/jsk_recognition_msgs__rosidl_typesupport_introspection_cExport.cmake
[2.641s] -- Up-to-date: /media/subham/85dce0f4-2e29-4540-9a32-801850cfcef6/subham/LidarMapping2.5D/install/jsk_recognition_msgs/share/jsk_recognition_msgs/cmake/jsk_recognition_msgs__rosidl_typesupport_introspection_cExport-noconfig.cmake
[2.641s] -- Up-to-date: /media/subham/85dce0f4-2e29-4540-9a32-801850cfcef6/subham/LidarMapping2.5D/install/jsk_recognition_msgs/share/jsk_recognition_msgs/cmake/jsk_recognition_msgs__rosidl_typesupport_cExport.cmake
[2.641s] -- Up-to-date: /media/subham/85dce0f4-2e29-4540-9a32-801850cfcef6/subham/LidarMapping2.5D/install/jsk_recognition_msgs/share/jsk_recognition_msgs/cmake/jsk_recognition_msgs__rosidl_typesupport_cExport-noconfig.cmake
[2.642s] -- Up-to-date: /media/subham/85dce0f4-2e29-4540-9a32-801850cfcef6/subham/LidarMapping2.5D/install/jsk_recognition_msgs/share/jsk_recognition_msgs/cmake/jsk_recognition_msgs__rosidl_typesupport_introspection_cppExport.cmake
[2.642s] -- Up-to-date: /media/subham/85dce0f4-2e29-4540-9a32-801850cfcef6/subham/LidarMapping2.5D/install/jsk_recognition_msgs/share/jsk_recognition_msgs/cmake/jsk_recognition_msgs__rosidl_typesupport_introspection_cppExport-noconfig.cmake
[2.642s] -- Up-to-date: /media/subham/85dce0f4-2e29-4540-9a32-801850cfcef6/subham/LidarMapping2.5D/install/jsk_recognition_msgs/share/jsk_recognition_msgs/cmake/jsk_recognition_msgs__rosidl_typesupport_cppExport.cmake
[2.642s] -- Up-to-date: /media/subham/85dce0f4-2e29-4540-9a32-801850cfcef6/subham/LidarMapping2.5D/install/jsk_recognition_msgs/share/jsk_recognition_msgs/cmake/jsk_recognition_msgs__rosidl_typesupport_cppExport-noconfig.cmake
[2.642s] -- Up-to-date: /media/subham/85dce0f4-2e29-4540-9a32-801850cfcef6/subham/LidarMapping2.5D/install/jsk_recognition_msgs/share/jsk_recognition_msgs/cmake/export_jsk_recognition_msgs__rosidl_generator_pyExport.cmake
[2.642s] -- Up-to-date: /media/subham/85dce0f4-2e29-4540-9a32-801850cfcef6/subham/LidarMapping2.5D/install/jsk_recognition_msgs/share/jsk_recognition_msgs/cmake/export_jsk_recognition_msgs__rosidl_generator_pyExport-noconfig.cmake
[2.648s] Invoked command in '/media/subham/85dce0f4-2e29-4540-9a32-801850cfcef6/subham/LidarMapping2.5D/build/jsk_recognition_msgs' returned '0': CMAKE_PREFIX_PATH=${CMAKE_PREFIX_PATH}:/home/subham/omokai_ws/install/llm_navigation:/home/subham/Edge_AI_for_ADAS_and_Autonomous_Systems/install/adas_perception:/home/subham/Edge_AI_for_ADAS_and_Autonomous_Systems/install/adas_navigation:/home/subham/rover_ws/install/rover_navigation:/home/subham/anvrit_ws/install/anvrit_perception:/home/subham/anvrit_ws/install/anvrit_odometry:/home/subham/anvrit_ws/install/anvrit_nav2:/home/subham/igvc/install/igvc_perception:/home/subham/igvc/install/igvc_navigation:/home/subham/colcon_ws/install/ros2ai:/opt/ros/humble /usr/bin/cmake --install /media/subham/85dce0f4-2e29-4540-9a32-801850cfcef6/subham/LidarMapping2.5D/build/jsk_recognition_msgs
