[0.014s] Invoking command in '/media/subham/85dce0f4-2e29-4540-9a32-801850cfcef6/subham/LidarMapping2.5D/build/velodyne_gazebo_plugins': CMAKE_PREFIX_PATH=${CMAKE_PREFIX_PATH}:/home/subham/omokai_ws/install/llm_navigation:/home/subham/Edge_AI_for_ADAS_and_Autonomous_Systems/install/adas_perception:/home/subham/Edge_AI_for_ADAS_and_Autonomous_Systems/install/adas_navigation:/home/subham/rover_ws/install/rover_navigation:/home/subham/anvrit_ws/install/anvrit_perception:/home/subham/anvrit_ws/install/anvrit_odometry:/home/subham/anvrit_ws/install/anvrit_nav2:/home/subham/igvc/install/igvc_perception:/home/subham/igvc/install/igvc_navigation:/home/subham/colcon_ws/install/ros2ai:/opt/ros/humble /usr/bin/cmake /media/subham/85dce0f4-2e29-4540-9a32-801850cfcef6/subham/LidarMapping2.5D/src/velodyne/velodyne_gazebo_plugins -DAMENT_CMAKE_SYMLINK_INSTALL=1 -DCMAKE_INSTALL_PREFIX=/media/subham/85dce0f4-2e29-4540-9a32-801850cfcef6/subham/LidarMapping2.5D/install/velodyne_gazebo_plugins
[0.083s] -- The C compiler identification is GNU 11.4.0
[0.146s] -- The CXX compiler identification is GNU 11.4.0
[0.155s] -- Detecting C compiler ABI info
[0.242s] -- Detecting C compiler ABI info - done
[0.250s] -- Check for working C compiler: /usr/bin/cc - skipped
[0.250s] -- Detecting C compile features
[0.250s] -- Detecting C compile features - done
[0.253s] -- Detecting CXX compiler ABI info
[0.358s] -- Detecting CXX compiler ABI info - done
[0.366s] -- Check for working CXX compiler: /usr/bin/c++ - skipped
[0.366s] -- Detecting CXX compile features
[0.366s] -- Detecting CXX compile features - done
[0.374s] -- Found ament_cmake: 1.3.14 (/opt/ros/humble/share/ament_cmake/cmake)
[0.834s] -- Found Python3: /usr/bin/python3 (found version "3.10.12") found components: Interpreter 
[0.920s] -- Override CMake install command with custom implementation using symlinks instead of copying resources
[1.023s] -- Found rclcpp: 16.0.19 (/opt/ros/humble/share/rclcpp/cmake)
[1.123s] -- Found rosidl_generator_c: 3.1.9 (/opt/ros/humble/share/rosidl_generator_c/cmake)
[1.138s] -- Found rosidl_adapter: 3.1.9 (/opt/ros/humble/share/rosidl_adapter/cmake)
[1.157s] -- Found rosidl_generator_cpp: 3.1.9 (/opt/ros/humble/share/rosidl_generator_cpp/cmake)
[1.181s] -- Using all available rosidl_typesupport_c: rosidl_typesupport_fastrtps_c;rosidl_typesupport_introspection_c
[1.214s] -- Using all available rosidl_typesupport_cpp: rosidl_typesupport_fastrtps_cpp;rosidl_typesupport_introspection_cpp
[1.312s] -- Found rmw_implementation_cmake: 6.1.2 (/opt/ros/humble/share/rmw_implementation_cmake/cmake)
[1.322s] -- Found rmw_fastrtps_cpp: 6.2.10 (/opt/ros/humble/share/rmw_fastrtps_cpp/cmake)
[1.506s] -- Found OpenSSL: /usr/lib/x86_64-linux-gnu/libcrypto.so (found version "3.0.2")  
[1.550s] -- Found FastRTPS: /opt/ros/humble/include  
[1.620s] -- Using RMW implementation 'rmw_fastrtps_cpp' as default
[1.644s] -- Looking for pthread.h
[1.735s] -- Looking for pthread.h - found
[1.735s] -- Performing Test CMAKE_HAVE_LIBC_PTHREAD
[1.829s] -- Performing Test CMAKE_HAVE_LIBC_PTHREAD - Success
[1.830s] -- Found Threads: TRUE  
[1.908s] -- Found sensor_msgs: 4.9.1 (/opt/ros/humble/share/sensor_msgs/cmake)
[1.952s] -- Found tf2: 0.25.20 (/opt/ros/humble/share/tf2/cmake)
[1.977s] -- Found tf2_ros: 0.25.20 (/opt/ros/humble/share/tf2_ros/cmake)
[2.148s] -- Looking for ignition-gazebo6 -- found version 6.18.0
[2.162s] -- Searching for dependencies of ignition-gazebo6
[2.171s] -- Looking for sdformat12 -- found version 12.9.0
[2.171s] -- Searching for dependencies of sdformat12
[2.178s] -- Checking for module 'tinyxml2'
[2.210s] --   Found tinyxml2, version 9.0.0
[2.291s] -- Looking for ignition-math6 -- found version 6.16.0
[2.291s] -- Searching for dependencies of ignition-math6
[2.301s] -- Looking for ignition-utils1 -- found version 1.5.1
[2.301s] -- Searching for dependencies of ignition-utils1
[2.312s] -- Looking for ignition-plugin1 -- found version 1.4.0
[2.313s] -- Searching for dependencies of ignition-plugin1
[2.314s] -- Searching for <ignition-plugin1> component [loader]
[2.322s] -- Looking for ignition-plugin1-loader -- found version 1.4.0
[2.323s] -- Searching for dependencies of ignition-plugin1-loader
[2.323s] -- Searching for <ignition-plugin1> component [register]
[2.332s] -- Looking for ignition-plugin1-register -- found version 1.4.0
[2.332s] -- Searching for dependencies of ignition-plugin1-register
[2.342s] -- Looking for ignition-transport11 -- found version 11.4.2
[2.342s] -- Searching for dependencies of ignition-transport11
[2.394s] -- Found Protobuf: /usr/lib/x86_64-linux-gnu/libprotobuf.so (found version "3.12.4") 
[2.414s] -- Config-file not installed for ZeroMQ -- checking for pkg-config
[2.421s] -- Checking for module 'libzmq >= 4'
[2.457s] --   Found libzmq , version 4.3.4
[2.534s] -- Found ZeroMQ: TRUE (Required is at least version "4") 
[2.546s] -- Checking for module 'uuid'
[2.574s] --   Found uuid, version 2.37.2
[2.643s] -- Found UUID: TRUE  
[2.644s] -- Looking for ignition-utils1 -- found version 1.5.1
[2.645s] -- Searching for dependencies of ignition-utils1
[2.645s] -- Searching for <ignition-utils1> component [cli]
[2.655s] -- Looking for ignition-utils1-cli -- found version 1.5.1
[2.655s] -- Searching for dependencies of ignition-utils1-cli
[2.665s] -- Looking for ignition-msgs8 -- found version 8.7.1
[2.665s] -- Searching for dependencies of ignition-msgs8
[2.695s] -- Looking for ignition-math6 -- found version 6.16.0
[2.710s] -- Searching for <ignition-transport11> component [log]
[2.719s] -- Looking for ignition-transport11-log -- found version 11.4.2
[2.720s] -- Searching for dependencies of ignition-transport11-log
[2.720s] -- Searching for <ignition-transport11> component [parameters]
[2.729s] -- Looking for ignition-transport11-parameters -- found version 11.4.2
[2.729s] -- Searching for dependencies of ignition-transport11-parameters
[2.731s] -- Looking for ignition-msgs8 -- found version 8.7.1
[2.740s] -- Looking for ignition-common4 -- found version 4.8.1
[2.740s] -- Searching for dependencies of ignition-common4
[2.741s] -- Looking for dlfcn.h - found
[2.744s] -- Looking for libdl - found
[2.745s] -- Found DL: TRUE  
[2.760s] -- Searching for <ignition-common4> component [profiler]
[2.768s] -- Looking for ignition-common4-profiler -- found version 4.8.1
[2.768s] -- Searching for dependencies of ignition-common4-profiler
[2.769s] -- Searching for <ignition-common4> component [events]
[2.778s] -- Looking for ignition-common4-events -- found version 4.8.1
[2.778s] -- Searching for dependencies of ignition-common4-events
[2.779s] -- Looking for ignition-math6 -- found version 6.16.0
[2.780s] -- Searching for <ignition-common4> component [av]
[2.788s] -- Looking for ignition-common4-av -- found version 4.8.1
[2.788s] -- Searching for dependencies of ignition-common4-av
[2.796s] -- Checking for module 'libswscale'
[2.828s] --   Found libswscale, version 5.9.100
[2.900s] -- Found SWSCALE: TRUE  
[2.909s] -- Checking for module 'libavdevice >= 56.4.100'
[2.946s] --   Found libavdevice , version 58.13.100
[3.024s] -- Found AVDEVICE: TRUE (Required is at least version "56.4.100") 
[3.033s] -- Checking for module 'libavformat'
[3.064s] --   Found libavformat, version 58.76.100
[3.139s] -- Found AVFORMAT: TRUE  
[3.148s] -- Checking for module 'libavcodec'
[3.177s] --   Found libavcodec, version 58.134.100
[3.251s] -- Found AVCODEC: TRUE  
[3.261s] -- Checking for module 'libavutil'
[3.289s] --   Found libavutil, version 56.70.100
[3.357s] -- Found AVUTIL: TRUE  
[3.369s] -- Looking for ignition-fuel_tools7 -- found version 7.3.1
[3.369s] -- Searching for dependencies of ignition-fuel_tools7
[3.530s] -- Found CURL: /usr/lib/x86_64-linux-gnu/libcurl.so (found version "7.81.0")  
[3.549s] -- Checking for module 'jsoncpp'
[3.580s] --   Found jsoncpp, version 1.9.5
[3.649s] -- Found JSONCPP: TRUE  
[3.658s] -- Checking for module 'libzip'
[3.689s] --   Found libzip, version 1.7.3
[3.755s] -- Found ZIP: TRUE  
[3.756s] -- Looking for ignition-common4 -- found version 4.8.1
[3.756s] -- Looking for ignition-math6 -- found version 6.16.0
[3.757s] -- Looking for ignition-msgs8 -- found version 8.7.1
[3.768s] -- Looking for ignition-gui6 -- found version 6.9.0
[3.768s] -- Searching for dependencies of ignition-gui6
[3.811s] -- Looking for ignition-math6 -- found version 6.16.0
[3.813s] -- Looking for ignition-common4 -- found version 4.8.1
[3.813s] -- Looking for ignition-plugin1 -- found version 1.4.0
[3.814s] -- Looking for ignition-transport11 -- found version 11.4.2
[3.822s] -- Looking for ignition-rendering6 -- found version 6.6.4
[3.823s] -- Searching for dependencies of ignition-rendering6
[3.823s] -- Looking for ignition-math6 -- found version 6.16.0
[3.824s] -- Searching for dependencies of ignition-math6
[3.824s] -- Searching for <ignition-math6> component [eigen3]
[3.833s] -- Looking for ignition-math6-eigen3 -- found version 6.16.0
[3.833s] -- Searching for dependencies of ignition-math6-eigen3
[3.848s] -- Looking for ignition-common4 -- found version 4.8.1
[3.849s] -- Searching for dependencies of ignition-common4
[3.849s] -- Looking for dlfcn.h - found
[3.849s] -- Looking for libdl - found
[3.864s] -- Searching for <ignition-common4> component [graphics]
[3.872s] -- Looking for ignition-common4-graphics -- found version 4.8.1
[3.873s] -- Searching for dependencies of ignition-common4-graphics
[3.873s] -- Looking for ignition-math6 -- found version 6.16.0
[3.874s] -- Looking for ignition-utils1 -- found version 1.5.1
[3.875s] -- Searching for <ignition-common4> component [events]
[3.876s] -- Looking for ignition-plugin1 -- found version 1.4.0
[3.877s] -- Searching for dependencies of ignition-plugin1
[3.877s] -- Searching for <ignition-plugin1> component [all]
[3.885s] -- Looking for all libraries of ignition-plugin1 -- found version 1.4.0
[3.886s] -- Looking for ignition-plugin1 -- found version 1.4.0
[3.888s] -- Looking for ignition-msgs8 -- found version 8.7.1
[3.956s] -- Looking for ignition-physics5 -- found version 5.4.0
[3.956s] -- Searching for dependencies of ignition-physics5
[3.957s] -- Looking for ignition-math6 -- found version 6.16.0
[3.957s] -- Looking for ignition-plugin1 -- found version 1.4.0
[3.958s] -- Looking for ignition-utils1 -- found version 1.5.1
[3.960s] -- Searching for <ignition-physics5> component [heightmap]
[3.972s] -- Looking for ignition-physics5-heightmap -- found version 5.4.0
[3.973s] -- Searching for dependencies of ignition-physics5-heightmap
[3.974s] -- Looking for ignition-common4 -- found version 4.8.1
[3.975s] -- Searching for <ignition-physics5> component [mesh]
[3.986s] -- Looking for ignition-physics5-mesh -- found version 5.4.0
[3.986s] -- Searching for dependencies of ignition-physics5-mesh
[3.987s] -- Looking for ignition-common4 -- found version 4.8.1
[3.988s] -- Searching for <ignition-physics5> component [sdf]
[3.998s] -- Looking for ignition-physics5-sdf -- found version 5.4.0
[3.998s] -- Searching for dependencies of ignition-physics5-sdf
[3.999s] -- Looking for sdformat12 -- found version 12.9.0
[4.016s] -- Looking for ignition-sensors6 -- found version 6.9.0
[4.016s] -- Searching for dependencies of ignition-sensors6
[4.056s] -- Looking for ignition-math6 -- found version 6.16.0
[4.056s] -- Looking for ignition-common4 -- found version 4.8.1
[4.056s] -- Looking for ignition-transport11 -- found version 11.4.2
[4.057s] -- Looking for ignition-rendering6 -- found version 6.6.4
[4.057s] -- Looking for ignition-msgs8 -- found version 8.7.1
[4.057s] -- Looking for sdformat12 -- found version 12.9.0
[4.058s] -- Searching for <ignition-sensors6> component [air_pressure]
[4.068s] -- Looking for ignition-sensors6-air_pressure -- found version 6.9.0
[4.068s] -- Searching for dependencies of ignition-sensors6-air_pressure
[4.069s] -- Searching for <ignition-sensors6> component [altimeter]
[4.078s] -- Looking for ignition-sensors6-altimeter -- found version 6.9.0
[4.078s] -- Searching for dependencies of ignition-sensors6-altimeter
[4.079s] -- Searching for <ignition-sensors6> component [imu]
[4.089s] -- Looking for ignition-sensors6-imu -- found version 6.9.0
[4.089s] -- Searching for dependencies of ignition-sensors6-imu
[4.090s] -- Searching for <ignition-sensors6> component [force_torque]
[4.099s] -- Looking for ignition-sensors6-force_torque -- found version 6.9.0
[4.100s] -- Searching for dependencies of ignition-sensors6-force_torque
[4.100s] -- Searching for <ignition-sensors6> component [logical_camera]
[4.110s] -- Looking for ignition-sensors6-logical_camera -- found version 6.9.0
[4.110s] -- Searching for dependencies of ignition-sensors6-logical_camera
[4.111s] -- Searching for <ignition-sensors6> component [magnetometer]
[4.120s] -- Looking for ignition-sensors6-magnetometer -- found version 6.9.0
[4.121s] -- Searching for dependencies of ignition-sensors6-magnetometer
[4.122s] -- Searching for <ignition-sensors6> component [navsat]
[4.131s] -- Looking for ignition-sensors6-navsat -- found version 6.9.0
[4.131s] -- Searching for dependencies of ignition-sensors6-navsat
[4.132s] -- Searching for <ignition-sensors6> component [rendering]
[4.144s] -- Looking for ignition-sensors6-rendering -- found version 6.9.0
[4.144s] -- Searching for dependencies of ignition-sensors6-rendering
[4.145s] -- Searching for <ignition-sensors6> component [lidar]
[4.158s] -- Looking for ignition-sensors6-lidar -- found version 6.9.0
[4.159s] -- Searching for dependencies of ignition-sensors6-lidar
[4.160s] -- Looking for ignition-sensors6 -- found version 6.9.0
[4.162s] -- Searching for <ignition-sensors6> component [gpu_lidar]
[4.174s] -- Looking for ignition-sensors6-gpu_lidar -- found version 6.9.0
[4.175s] -- Searching for dependencies of ignition-sensors6-gpu_lidar
[4.175s] -- Looking for ignition-sensors6 -- found version 6.9.0
[4.176s] -- Searching for <ignition-sensors6> component [camera]
[4.186s] -- Looking for ignition-sensors6-camera -- found version 6.9.0
[4.187s] -- Searching for dependencies of ignition-sensors6-camera
[4.187s] -- Looking for ignition-sensors6 -- found version 6.9.0
[4.189s] -- Searching for <ignition-sensors6> component [boundingbox_camera]
[4.197s] -- Looking for ignition-sensors6-boundingbox_camera -- found version 6.9.0
[4.198s] -- Searching for dependencies of ignition-sensors6-boundingbox_camera
[4.198s] -- Searching for <ignition-sensors6> component [segmentation_camera]
[4.207s] -- Looking for ignition-sensors6-segmentation_camera -- found version 6.9.0
[4.208s] -- Searching for dependencies of ignition-sensors6-segmentation_camera
[4.209s] -- Searching for <ignition-sensors6> component [depth_camera]
[4.218s] -- Looking for ignition-sensors6-depth_camera -- found version 6.9.0
[4.219s] -- Searching for dependencies of ignition-sensors6-depth_camera
[4.219s] -- Looking for ignition-sensors6 -- found version 6.9.0
[4.220s] -- Searching for <ignition-sensors6> component [rgbd_camera]
[4.228s] -- Looking for ignition-sensors6-rgbd_camera -- found version 6.9.0
[4.229s] -- Searching for dependencies of ignition-sensors6-rgbd_camera
[4.229s] -- Looking for ignition-sensors6 -- found version 6.9.0
[4.230s] -- Searching for <ignition-sensors6> component [thermal_camera]
[4.238s] -- Looking for ignition-sensors6-thermal_camera -- found version 6.9.0
[4.239s] -- Searching for dependencies of ignition-sensors6-thermal_camera
[4.239s] -- Looking for ignition-sensors6 -- found version 6.9.0
[4.241s] -- Looking for ignition-rendering6 -- found version 6.6.4
[4.241s] -- Looking for ignition-math6 -- found version 6.16.0
[4.249s] -- Looking for ignition-utils1 -- found version 1.5.1
[4.283s] -- Looking for ignition-plugin1 -- found version 1.4.0
[4.283s] -- Looking for ignition-sensors6 -- found version 6.9.0
[4.284s] -- Looking for ignition-transport11 -- found version 11.4.2
[4.284s] -- Looking for ignition-msgs8 -- found version 8.7.1
[4.298s] -- Found ament_lint_auto: 0.12.15 (/opt/ros/humble/share/ament_lint_auto/cmake)
[4.467s] -- Added test 'copyright' to check source files copyright and LICENSE
[4.470s] -- Added test 'cppcheck' to perform static code analysis on C / C++ code
[4.470s] -- Configured cppcheck include dirs: $<BUILD_INTERFACE:/media/subham/85dce0f4-2e29-4540-9a32-801850cfcef6/subham/LidarMapping2.5D/src/velodyne/velodyne_gazebo_plugins/include>
[4.470s] -- Configured cppcheck exclude dirs and/or files: 
[4.472s] -- Added test 'cpplint' to check C / C++ code against the Google style
[4.472s] -- Configured cpplint exclude dirs and/or files: 
[4.474s] -- Added test 'flake8' to check Python code syntax and style conventions
[4.475s] -- Added test 'lint_cmake' to check CMake code style
[4.477s] -- Added test 'pep257' to check Python code against some of the docstring style conventions in PEP 257
[4.479s] -- Added test 'uncrustify' to check C / C++ code style
[4.479s] -- Configured uncrustify additional arguments: 
[4.481s] -- Added test 'xmllint' to check XML markup files
[4.486s] -- Configuring done
[4.513s] -- Generating done
[4.520s] -- Build files have been written to: /media/subham/85dce0f4-2e29-4540-9a32-801850cfcef6/subham/LidarMapping2.5D/build/velodyne_gazebo_plugins
[4.569s] Invoked command in '/media/subham/85dce0f4-2e29-4540-9a32-801850cfcef6/subham/LidarMapping2.5D/build/velodyne_gazebo_plugins' returned '0': CMAKE_PREFIX_PATH=${CMAKE_PREFIX_PATH}:/home/subham/omokai_ws/install/llm_navigation:/home/subham/Edge_AI_for_ADAS_and_Autonomous_Systems/install/adas_perception:/home/subham/Edge_AI_for_ADAS_and_Autonomous_Systems/install/adas_navigation:/home/subham/rover_ws/install/rover_navigation:/home/subham/anvrit_ws/install/anvrit_perception:/home/subham/anvrit_ws/install/anvrit_odometry:/home/subham/anvrit_ws/install/anvrit_nav2:/home/subham/igvc/install/igvc_perception:/home/subham/igvc/install/igvc_navigation:/home/subham/colcon_ws/install/ros2ai:/opt/ros/humble /usr/bin/cmake /media/subham/85dce0f4-2e29-4540-9a32-801850cfcef6/subham/LidarMapping2.5D/src/velodyne/velodyne_gazebo_plugins -DAMENT_CMAKE_SYMLINK_INSTALL=1 -DCMAKE_INSTALL_PREFIX=/media/subham/85dce0f4-2e29-4540-9a32-801850cfcef6/subham/LidarMapping2.5D/install/velodyne_gazebo_plugins
[4.572s] Invoking command in '/media/subham/85dce0f4-2e29-4540-9a32-801850cfcef6/subham/LidarMapping2.5D/build/velodyne_gazebo_plugins': CMAKE_PREFIX_PATH=${CMAKE_PREFIX_PATH}:/home/subham/omokai_ws/install/llm_navigation:/home/subham/Edge_AI_for_ADAS_and_Autonomous_Systems/install/adas_perception:/home/subham/Edge_AI_for_ADAS_and_Autonomous_Systems/install/adas_navigation:/home/subham/rover_ws/install/rover_navigation:/home/subham/anvrit_ws/install/anvrit_perception:/home/subham/anvrit_ws/install/anvrit_odometry:/home/subham/anvrit_ws/install/anvrit_nav2:/home/subham/igvc/install/igvc_perception:/home/subham/igvc/install/igvc_navigation:/home/subham/colcon_ws/install/ros2ai:/opt/ros/humble /usr/bin/cmake --build /media/subham/85dce0f4-2e29-4540-9a32-801850cfcef6/subham/LidarMapping2.5D/build/velodyne_gazebo_plugins
[4.686s] [ 50%] [32mBuilding CXX object CMakeFiles/VelodyneLidarSystem.dir/src/VelodyneLidarSystem.cpp.o[0m
[16.689s] [100%] [32m[1mLinking CXX shared library libVelodyneLidarSystem.so[0m
[18.332s] [100%] Built target VelodyneLidarSystem
[18.348s] Invoked command in '/media/subham/85dce0f4-2e29-4540-9a32-801850cfcef6/subham/LidarMapping2.5D/build/velodyne_gazebo_plugins' returned '0': CMAKE_PREFIX_PATH=${CMAKE_PREFIX_PATH}:/home/subham/omokai_ws/install/llm_navigation:/home/subham/Edge_AI_for_ADAS_and_Autonomous_Systems/install/adas_perception:/home/subham/Edge_AI_for_ADAS_and_Autonomous_Systems/install/adas_navigation:/home/subham/rover_ws/install/rover_navigation:/home/subham/anvrit_ws/install/anvrit_perception:/home/subham/anvrit_ws/install/anvrit_odometry:/home/subham/anvrit_ws/install/anvrit_nav2:/home/subham/igvc/install/igvc_perception:/home/subham/igvc/install/igvc_navigation:/home/subham/colcon_ws/install/ros2ai:/opt/ros/humble /usr/bin/cmake --build /media/subham/85dce0f4-2e29-4540-9a32-801850cfcef6/subham/LidarMapping2.5D/build/velodyne_gazebo_plugins
[18.351s] Invoking command in '/media/subham/85dce0f4-2e29-4540-9a32-801850cfcef6/subham/LidarMapping2.5D/build/velodyne_gazebo_plugins': CMAKE_PREFIX_PATH=${CMAKE_PREFIX_PATH}:/home/subham/omokai_ws/install/llm_navigation:/home/subham/Edge_AI_for_ADAS_and_Autonomous_Systems/install/adas_perception:/home/subham/Edge_AI_for_ADAS_and_Autonomous_Systems/install/adas_navigation:/home/subham/rover_ws/install/rover_navigation:/home/subham/anvrit_ws/install/anvrit_perception:/home/subham/anvrit_ws/install/anvrit_odometry:/home/subham/anvrit_ws/install/anvrit_nav2:/home/subham/igvc/install/igvc_perception:/home/subham/igvc/install/igvc_navigation:/home/subham/colcon_ws/install/ros2ai:/opt/ros/humble /usr/bin/cmake --install /media/subham/85dce0f4-2e29-4540-9a32-801850cfcef6/subham/LidarMapping2.5D/build/velodyne_gazebo_plugins
[18.359s] -- Install configuration: ""
[18.360s] -- Execute custom install script
[18.360s] -- Symlinking: /media/subham/85dce0f4-2e29-4540-9a32-801850cfcef6/subham/LidarMapping2.5D/install/velodyne_gazebo_plugins/lib/libVelodyneLidarSystem.so
[18.373s] -- Symlinking: /media/subham/85dce0f4-2e29-4540-9a32-801850cfcef6/subham/LidarMapping2.5D/install/velodyne_gazebo_plugins/include/velodyne_gazebo_plugins/GazeboRosVelodyneLaser.h
[18.386s] -- Symlinking: /media/subham/85dce0f4-2e29-4540-9a32-801850cfcef6/subham/LidarMapping2.5D/install/velodyne_gazebo_plugins/include/velodyne_gazebo_plugins/VelodyneLidarSystem.hpp
[18.400s] -- Symlinking: /media/subham/85dce0f4-2e29-4540-9a32-801850cfcef6/subham/LidarMapping2.5D/install/velodyne_gazebo_plugins/share/velodyne_gazebo_plugins/config/velodyne_controller.yaml
[18.412s] -- Symlinking: /media/subham/85dce0f4-2e29-4540-9a32-801850cfcef6/subham/LidarMapping2.5D/install/velodyne_gazebo_plugins/share/velodyne_gazebo_plugins/config/velodyne_controller_ros2.yaml
[18.425s] -- Symlinking: /media/subham/85dce0f4-2e29-4540-9a32-801850cfcef6/subham/LidarMapping2.5D/install/velodyne_gazebo_plugins/share/velodyne_gazebo_plugins/launch/velodyne_controller.launch
[18.437s] -- Symlinking: /media/subham/85dce0f4-2e29-4540-9a32-801850cfcef6/subham/LidarMapping2.5D/install/velodyne_gazebo_plugins/share/velodyne_gazebo_plugins/environment/library_path.sh
[18.449s] -- Symlinking: /media/subham/85dce0f4-2e29-4540-9a32-801850cfcef6/subham/LidarMapping2.5D/install/velodyne_gazebo_plugins/share/velodyne_gazebo_plugins/environment/library_path.dsv
[18.462s] -- Symlinking: /media/subham/85dce0f4-2e29-4540-9a32-801850cfcef6/subham/LidarMapping2.5D/install/velodyne_gazebo_plugins/share/ament_index/resource_index/package_run_dependencies/velodyne_gazebo_plugins
[18.474s] -- Symlinking: /media/subham/85dce0f4-2e29-4540-9a32-801850cfcef6/subham/LidarMapping2.5D/install/velodyne_gazebo_plugins/share/ament_index/resource_index/parent_prefix_path/velodyne_gazebo_plugins
[18.486s] -- Symlinking: /media/subham/85dce0f4-2e29-4540-9a32-801850cfcef6/subham/LidarMapping2.5D/install/velodyne_gazebo_plugins/share/velodyne_gazebo_plugins/environment/ament_prefix_path.sh
[18.498s] -- Symlinking: /media/subham/85dce0f4-2e29-4540-9a32-801850cfcef6/subham/LidarMapping2.5D/install/velodyne_gazebo_plugins/share/velodyne_gazebo_plugins/environment/ament_prefix_path.dsv
[18.510s] -- Symlinking: /media/subham/85dce0f4-2e29-4540-9a32-801850cfcef6/subham/LidarMapping2.5D/install/velodyne_gazebo_plugins/share/velodyne_gazebo_plugins/environment/path.sh
[18.522s] -- Symlinking: /media/subham/85dce0f4-2e29-4540-9a32-801850cfcef6/subham/LidarMapping2.5D/install/velodyne_gazebo_plugins/share/velodyne_gazebo_plugins/environment/path.dsv
[18.534s] -- Symlinking: /media/subham/85dce0f4-2e29-4540-9a32-801850cfcef6/subham/LidarMapping2.5D/install/velodyne_gazebo_plugins/share/velodyne_gazebo_plugins/local_setup.bash
[18.546s] -- Symlinking: /media/subham/85dce0f4-2e29-4540-9a32-801850cfcef6/subham/LidarMapping2.5D/install/velodyne_gazebo_plugins/share/velodyne_gazebo_plugins/local_setup.sh
[18.560s] -- Symlinking: /media/subham/85dce0f4-2e29-4540-9a32-801850cfcef6/subham/LidarMapping2.5D/install/velodyne_gazebo_plugins/share/velodyne_gazebo_plugins/local_setup.zsh
[18.573s] -- Symlinking: /media/subham/85dce0f4-2e29-4540-9a32-801850cfcef6/subham/LidarMapping2.5D/install/velodyne_gazebo_plugins/share/velodyne_gazebo_plugins/local_setup.dsv
[18.584s] -- Symlinking: /media/subham/85dce0f4-2e29-4540-9a32-801850cfcef6/subham/LidarMapping2.5D/install/velodyne_gazebo_plugins/share/velodyne_gazebo_plugins/package.dsv
[18.597s] -- Symlinking: /media/subham/85dce0f4-2e29-4540-9a32-801850cfcef6/subham/LidarMapping2.5D/install/velodyne_gazebo_plugins/share/ament_index/resource_index/packages/velodyne_gazebo_plugins
[18.609s] -- Symlinking: /media/subham/85dce0f4-2e29-4540-9a32-801850cfcef6/subham/LidarMapping2.5D/install/velodyne_gazebo_plugins/share/velodyne_gazebo_plugins/cmake/ament_cmake_export_include_directories-extras.cmake
[18.621s] -- Symlinking: /media/subham/85dce0f4-2e29-4540-9a32-801850cfcef6/subham/LidarMapping2.5D/install/velodyne_gazebo_plugins/share/velodyne_gazebo_plugins/cmake/ament_cmake_export_libraries-extras.cmake
[18.633s] -- Symlinking: /media/subham/85dce0f4-2e29-4540-9a32-801850cfcef6/subham/LidarMapping2.5D/install/velodyne_gazebo_plugins/share/velodyne_gazebo_plugins/cmake/ament_cmake_export_dependencies-extras.cmake
[18.644s] -- Symlinking: /media/subham/85dce0f4-2e29-4540-9a32-801850cfcef6/subham/LidarMapping2.5D/install/velodyne_gazebo_plugins/share/velodyne_gazebo_plugins/cmake/velodyne_gazebo_pluginsConfig.cmake
[18.656s] -- Symlinking: /media/subham/85dce0f4-2e29-4540-9a32-801850cfcef6/subham/LidarMapping2.5D/install/velodyne_gazebo_plugins/share/velodyne_gazebo_plugins/cmake/velodyne_gazebo_pluginsConfig-version.cmake
[18.667s] -- Symlinking: /media/subham/85dce0f4-2e29-4540-9a32-801850cfcef6/subham/LidarMapping2.5D/install/velodyne_gazebo_plugins/share/velodyne_gazebo_plugins/package.xml
[18.683s] Invoked command in '/media/subham/85dce0f4-2e29-4540-9a32-801850cfcef6/subham/LidarMapping2.5D/build/velodyne_gazebo_plugins' returned '0': CMAKE_PREFIX_PATH=${CMAKE_PREFIX_PATH}:/home/subham/omokai_ws/install/llm_navigation:/home/subham/Edge_AI_for_ADAS_and_Autonomous_Systems/install/adas_perception:/home/subham/Edge_AI_for_ADAS_and_Autonomous_Systems/install/adas_navigation:/home/subham/rover_ws/install/rover_navigation:/home/subham/anvrit_ws/install/anvrit_perception:/home/subham/anvrit_ws/install/anvrit_odometry:/home/subham/anvrit_ws/install/anvrit_nav2:/home/subham/igvc/install/igvc_perception:/home/subham/igvc/install/igvc_navigation:/home/subham/colcon_ws/install/ros2ai:/opt/ros/humble /usr/bin/cmake --install /media/subham/85dce0f4-2e29-4540-9a32-801850cfcef6/subham/LidarMapping2.5D/build/velodyne_gazebo_plugins
