-- Install configuration: ""
-- Execute custom install script
-- Up-to-date symlink: /media/subham/85dce0f4-2e29-4540-9a32-801850cfcef6/subham/LidarMapping2.5D/install/lid_simulation/share/lid_simulation/config/bridge.yaml
-- Up-to-date symlink: /media/subham/85dce0f4-2e29-4540-9a32-801850cfcef6/subham/LidarMapping2.5D/install/lid_simulation/share/lid_simulation/launch/terrain.launch.py
-- Up-to-date symlink: /media/subham/85dce0f4-2e29-4540-9a32-801850cfcef6/subham/LidarMapping2.5D/install/lid_simulation/share/lid_simulation/models/crater/meshes/crater4k.stl
-- Up-to-date symlink: /media/subham/85dce0f4-2e29-4540-9a32-801850cfcef6/subham/LidarMapping2.5D/install/lid_simulation/share/lid_simulation/models/crater/meshes/crater_martian_red.dae
-- Up-to-date symlink: /media/subham/85dce0f4-2e29-4540-9a32-801850cfcef6/subham/LidarMapping2.5D/install/lid_simulation/share/lid_simulation/models/crater/model.config
-- Up-to-date symlink: /media/subham/85dce0f4-2e29-4540-9a32-801850cfcef6/subham/LidarMapping2.5D/install/lid_simulation/share/lid_simulation/models/crater/model.sdf
-- Up-to-date symlink: /media/subham/85dce0f4-2e29-4540-9a32-801850cfcef6/subham/LidarMapping2.5D/install/lid_simulation/share/lid_simulation/models/curiosity_path/meshes/curiosity_path25k.dae
-- Up-to-date symlink: /media/subham/85dce0f4-2e29-4540-9a32-801850cfcef6/subham/LidarMapping2.5D/install/lid_simulation/share/lid_simulation/models/curiosity_path/meshes/curiosity_path25k.stl
-- Up-to-date symlink: /media/subham/85dce0f4-2e29-4540-9a32-801850cfcef6/subham/LidarMapping2.5D/install/lid_simulation/share/lid_simulation/models/curiosity_path/meshes/mars_texture_lq.jpg
-- Up-to-date symlink: /media/subham/85dce0f4-2e29-4540-9a32-801850cfcef6/subham/LidarMapping2.5D/install/lid_simulation/share/lid_simulation/models/curiosity_path/model.config
-- Up-to-date symlink: /media/subham/85dce0f4-2e29-4540-9a32-801850cfcef6/subham/LidarMapping2.5D/install/lid_simulation/share/lid_simulation/models/curiosity_path/model.sdf
-- Up-to-date symlink: /media/subham/85dce0f4-2e29-4540-9a32-801850cfcef6/subham/LidarMapping2.5D/install/lid_simulation/share/lid_simulation/models/custom_terrain/meshes/custom_terrain.STL
-- Up-to-date symlink: /media/subham/85dce0f4-2e29-4540-9a32-801850cfcef6/subham/LidarMapping2.5D/install/lid_simulation/share/lid_simulation/models/custom_terrain/model.config
-- Up-to-date symlink: /media/subham/85dce0f4-2e29-4540-9a32-801850cfcef6/subham/LidarMapping2.5D/install/lid_simulation/share/lid_simulation/models/custom_terrain/model.sdf
-- Up-to-date symlink: /media/subham/85dce0f4-2e29-4540-9a32-801850cfcef6/subham/LidarMapping2.5D/install/lid_simulation/share/lid_simulation/models/jaggedrock/meshes/basecolor.jpg
-- Up-to-date symlink: /media/subham/85dce0f4-2e29-4540-9a32-801850cfcef6/subham/LidarMapping2.5D/install/lid_simulation/share/lid_simulation/models/jaggedrock/meshes/bumpy.jpg
-- Up-to-date symlink: /media/subham/85dce0f4-2e29-4540-9a32-801850cfcef6/subham/LidarMapping2.5D/install/lid_simulation/share/lid_simulation/models/jaggedrock/meshes/jaggedrock_texture.dae
-- Up-to-date symlink: /media/subham/85dce0f4-2e29-4540-9a32-801850cfcef6/subham/LidarMapping2.5D/install/lid_simulation/share/lid_simulation/models/jaggedrock/model.config
-- Up-to-date symlink: /media/subham/85dce0f4-2e29-4540-9a32-801850cfcef6/subham/LidarMapping2.5D/install/lid_simulation/share/lid_simulation/models/jaggedrock/model.sdf
-- Up-to-date symlink: /media/subham/85dce0f4-2e29-4540-9a32-801850cfcef6/subham/LidarMapping2.5D/install/lid_simulation/share/lid_simulation/models/mars_terrain/meshes/mars_texture.jpg
-- Up-to-date symlink: /media/subham/85dce0f4-2e29-4540-9a32-801850cfcef6/subham/LidarMapping2.5D/install/lid_simulation/share/lid_simulation/models/mars_terrain/meshes/mars_texture_lq.jpg
-- Up-to-date symlink: /media/subham/85dce0f4-2e29-4540-9a32-801850cfcef6/subham/LidarMapping2.5D/install/lid_simulation/share/lid_simulation/models/mars_terrain/meshes/reddish-sand.jpg
-- Up-to-date symlink: /media/subham/85dce0f4-2e29-4540-9a32-801850cfcef6/subham/LidarMapping2.5D/install/lid_simulation/share/lid_simulation/models/mars_terrain/meshes/terrain.dae
-- Up-to-date symlink: /media/subham/85dce0f4-2e29-4540-9a32-801850cfcef6/subham/LidarMapping2.5D/install/lid_simulation/share/lid_simulation/models/mars_terrain/meshes/terrain.stl
-- Up-to-date symlink: /media/subham/85dce0f4-2e29-4540-9a32-801850cfcef6/subham/LidarMapping2.5D/install/lid_simulation/share/lid_simulation/models/mars_terrain/meshes/terrain_textured.dae
-- Up-to-date symlink: /media/subham/85dce0f4-2e29-4540-9a32-801850cfcef6/subham/LidarMapping2.5D/install/lid_simulation/share/lid_simulation/models/mars_terrain/model.config
-- Up-to-date symlink: /media/subham/85dce0f4-2e29-4540-9a32-801850cfcef6/subham/LidarMapping2.5D/install/lid_simulation/share/lid_simulation/models/mars_terrain/model.sdf
-- Symlinking: /media/subham/85dce0f4-2e29-4540-9a32-801850cfcef6/subham/LidarMapping2.5D/install/lid_simulation/share/lid_simulation/models/marsyard2021_terrain/dem/flat_normal.png
-- Symlinking: /media/subham/85dce0f4-2e29-4540-9a32-801850cfcef6/subham/LidarMapping2.5D/install/lid_simulation/share/lid_simulation/models/marsyard2021_terrain/dem/marsyard_terrain_hm.png
-- Symlinking: /media/subham/85dce0f4-2e29-4540-9a32-801850cfcef6/subham/LidarMapping2.5D/install/lid_simulation/share/lid_simulation/models/marsyard2021_terrain/dem/marsyard_terrain_hm.tif
-- Symlinking: /media/subham/85dce0f4-2e29-4540-9a32-801850cfcef6/subham/LidarMapping2.5D/install/lid_simulation/share/lid_simulation/models/marsyard2021_terrain/dem/marsyard_terrain_texture.png
-- Symlinking: /media/subham/85dce0f4-2e29-4540-9a32-801850cfcef6/subham/LidarMapping2.5D/install/lid_simulation/share/lid_simulation/models/marsyard2021_terrain/meshes/lava.mtl
-- Symlinking: /media/subham/85dce0f4-2e29-4540-9a32-801850cfcef6/subham/LidarMapping2.5D/install/lid_simulation/share/lid_simulation/models/marsyard2021_terrain/meshes/lava.obj
-- Symlinking: /media/subham/85dce0f4-2e29-4540-9a32-801850cfcef6/subham/LidarMapping2.5D/install/lid_simulation/share/lid_simulation/models/marsyard2021_terrain/meshes/rocks_big.mtl
-- Symlinking: /media/subham/85dce0f4-2e29-4540-9a32-801850cfcef6/subham/LidarMapping2.5D/install/lid_simulation/share/lid_simulation/models/marsyard2021_terrain/meshes/rocks_big.obj
-- Symlinking: /media/subham/85dce0f4-2e29-4540-9a32-801850cfcef6/subham/LidarMapping2.5D/install/lid_simulation/share/lid_simulation/models/marsyard2021_terrain/meshes/rocks_medium.mtl
-- Symlinking: /media/subham/85dce0f4-2e29-4540-9a32-801850cfcef6/subham/LidarMapping2.5D/install/lid_simulation/share/lid_simulation/models/marsyard2021_terrain/meshes/rocks_medium.obj
-- Symlinking: /media/subham/85dce0f4-2e29-4540-9a32-801850cfcef6/subham/LidarMapping2.5D/install/lid_simulation/share/lid_simulation/models/marsyard2021_terrain/meshes/textures/fp_natur14l.jpg
-- Symlinking: /media/subham/85dce0f4-2e29-4540-9a32-801850cfcef6/subham/LidarMapping2.5D/install/lid_simulation/share/lid_simulation/models/marsyard2021_terrain/meshes/textures/fp_rock.jpg
-- Symlinking: /media/subham/85dce0f4-2e29-4540-9a32-801850cfcef6/subham/LidarMapping2.5D/install/lid_simulation/share/lid_simulation/models/marsyard2021_terrain/meshes/textures/fp_rock01bt.jpg
-- Symlinking: /media/subham/85dce0f4-2e29-4540-9a32-801850cfcef6/subham/LidarMapping2.5D/install/lid_simulation/share/lid_simulation/models/marsyard2021_terrain/meshes/textures/fp_rock_spec.jpg
-- Symlinking: /media/subham/85dce0f4-2e29-4540-9a32-801850cfcef6/subham/LidarMapping2.5D/install/lid_simulation/share/lid_simulation/models/marsyard2021_terrain/meshes/textures/fp_soil_02.jpg
-- Symlinking: /media/subham/85dce0f4-2e29-4540-9a32-801850cfcef6/subham/LidarMapping2.5D/install/lid_simulation/share/lid_simulation/models/marsyard2021_terrain/model.config
-- Symlinking: /media/subham/85dce0f4-2e29-4540-9a32-801850cfcef6/subham/LidarMapping2.5D/install/lid_simulation/share/lid_simulation/models/marsyard2021_terrain/model.sdf
-- Up-to-date symlink: /media/subham/85dce0f4-2e29-4540-9a32-801850cfcef6/subham/LidarMapping2.5D/install/lid_simulation/share/lid_simulation/models/rock9/meshes/rock9.dae
-- Up-to-date symlink: /media/subham/85dce0f4-2e29-4540-9a32-801850cfcef6/subham/LidarMapping2.5D/install/lid_simulation/share/lid_simulation/models/rock9/meshes/rock9.stl
-- Up-to-date symlink: /media/subham/85dce0f4-2e29-4540-9a32-801850cfcef6/subham/LidarMapping2.5D/install/lid_simulation/share/lid_simulation/models/rock9/meshes/texture.jpg
-- Up-to-date symlink: /media/subham/85dce0f4-2e29-4540-9a32-801850cfcef6/subham/LidarMapping2.5D/install/lid_simulation/share/lid_simulation/models/rock9/model.config
-- Up-to-date symlink: /media/subham/85dce0f4-2e29-4540-9a32-801850cfcef6/subham/LidarMapping2.5D/install/lid_simulation/share/lid_simulation/models/rock9/model.sdf
-- Up-to-date symlink: /media/subham/85dce0f4-2e29-4540-9a32-801850cfcef6/subham/LidarMapping2.5D/install/lid_simulation/share/lid_simulation/models/rockformation/meshes/SMALL_RED_BaseColor.png
-- Up-to-date symlink: /media/subham/85dce0f4-2e29-4540-9a32-801850cfcef6/subham/LidarMapping2.5D/install/lid_simulation/share/lid_simulation/models/rockformation/meshes/rockformation.dae
-- Up-to-date symlink: /media/subham/85dce0f4-2e29-4540-9a32-801850cfcef6/subham/LidarMapping2.5D/install/lid_simulation/share/lid_simulation/models/rockformation/model.config
-- Up-to-date symlink: /media/subham/85dce0f4-2e29-4540-9a32-801850cfcef6/subham/LidarMapping2.5D/install/lid_simulation/share/lid_simulation/models/rockformation/model.sdf
-- Symlinking: /media/subham/85dce0f4-2e29-4540-9a32-801850cfcef6/subham/LidarMapping2.5D/install/lid_simulation/share/lid_simulation/worlds/mars.world
-- Up-to-date symlink: /media/subham/85dce0f4-2e29-4540-9a32-801850cfcef6/subham/LidarMapping2.5D/install/lid_simulation/share/lid_simulation/worlds/terrain.world
-- Up-to-date symlink: /media/subham/85dce0f4-2e29-4540-9a32-801850cfcef6/subham/LidarMapping2.5D/install/lid_simulation/share/ament_index/resource_index/package_run_dependencies/lid_simulation
-- Up-to-date symlink: /media/subham/85dce0f4-2e29-4540-9a32-801850cfcef6/subham/LidarMapping2.5D/install/lid_simulation/share/ament_index/resource_index/parent_prefix_path/lid_simulation
-- Up-to-date symlink: /media/subham/85dce0f4-2e29-4540-9a32-801850cfcef6/subham/LidarMapping2.5D/install/lid_simulation/share/lid_simulation/environment/ament_prefix_path.sh
-- Up-to-date symlink: /media/subham/85dce0f4-2e29-4540-9a32-801850cfcef6/subham/LidarMapping2.5D/install/lid_simulation/share/lid_simulation/environment/ament_prefix_path.dsv
-- Up-to-date symlink: /media/subham/85dce0f4-2e29-4540-9a32-801850cfcef6/subham/LidarMapping2.5D/install/lid_simulation/share/lid_simulation/environment/path.sh
-- Up-to-date symlink: /media/subham/85dce0f4-2e29-4540-9a32-801850cfcef6/subham/LidarMapping2.5D/install/lid_simulation/share/lid_simulation/environment/path.dsv
-- Up-to-date symlink: /media/subham/85dce0f4-2e29-4540-9a32-801850cfcef6/subham/LidarMapping2.5D/install/lid_simulation/share/lid_simulation/local_setup.bash
-- Up-to-date symlink: /media/subham/85dce0f4-2e29-4540-9a32-801850cfcef6/subham/LidarMapping2.5D/install/lid_simulation/share/lid_simulation/local_setup.sh
-- Up-to-date symlink: /media/subham/85dce0f4-2e29-4540-9a32-801850cfcef6/subham/LidarMapping2.5D/install/lid_simulation/share/lid_simulation/local_setup.zsh
-- Up-to-date symlink: /media/subham/85dce0f4-2e29-4540-9a32-801850cfcef6/subham/LidarMapping2.5D/install/lid_simulation/share/lid_simulation/local_setup.dsv
-- Symlinking: /media/subham/85dce0f4-2e29-4540-9a32-801850cfcef6/subham/LidarMapping2.5D/install/lid_simulation/share/lid_simulation/package.dsv
-- Up-to-date symlink: /media/subham/85dce0f4-2e29-4540-9a32-801850cfcef6/subham/LidarMapping2.5D/install/lid_simulation/share/ament_index/resource_index/packages/lid_simulation
-- Up-to-date symlink: /media/subham/85dce0f4-2e29-4540-9a32-801850cfcef6/subham/LidarMapping2.5D/install/lid_simulation/share/lid_simulation/cmake/lid_simulationConfig.cmake
-- Up-to-date symlink: /media/subham/85dce0f4-2e29-4540-9a32-801850cfcef6/subham/LidarMapping2.5D/install/lid_simulation/share/lid_simulation/cmake/lid_simulationConfig-version.cmake
-- Up-to-date symlink: /media/subham/85dce0f4-2e29-4540-9a32-801850cfcef6/subham/LidarMapping2.5D/install/lid_simulation/share/lid_simulation/package.xml
