[0.016s] Invoking command in '/media/subham/85dce0f4-2e29-4540-9a32-801850cfcef6/subham/LidarMapping2.5D/build/jsk_recognition_msgs': CMAKE_PREFIX_PATH=${CMAKE_PREFIX_PATH}:/home/subham/omokai_ws/install/llm_navigation:/home/subham/Edge_AI_for_ADAS_and_Autonomous_Systems/install/adas_perception:/home/subham/Edge_AI_for_ADAS_and_Autonomous_Systems/install/adas_navigation:/home/subham/rover_ws/install/rover_navigation:/home/subham/anvrit_ws/install/anvrit_perception:/home/subham/anvrit_ws/install/anvrit_odometry:/home/subham/anvrit_ws/install/anvrit_nav2:/home/subham/igvc/install/igvc_perception:/home/subham/igvc/install/igvc_navigation:/home/subham/colcon_ws/install/ros2ai:/opt/ros/humble /usr/bin/cmake /media/subham/85dce0f4-2e29-4540-9a32-801850cfcef6/subham/LidarMapping2.5D/src/patchwork-plusplus-ros2/jsk_recognition_msgs -DAMENT_CMAKE_SYMLINK_INSTALL=1 -DCMAKE_INSTALL_PREFIX=/media/subham/85dce0f4-2e29-4540-9a32-801850cfcef6/subham/LidarMapping2.5D/install/jsk_recognition_msgs
[0.090s] -- The C compiler identification is GNU 11.4.0
[0.154s] -- The CXX compiler identification is GNU 11.4.0
[0.162s] -- Detecting C compiler ABI info
[0.256s] -- Detecting C compiler ABI info - done
[0.262s] -- Check for working C compiler: /usr/bin/cc - skipped
[0.263s] -- Detecting C compile features
[0.263s] -- Detecting C compile features - done
[0.266s] -- Detecting CXX compiler ABI info
[0.373s] -- Detecting CXX compiler ABI info - done
[0.379s] -- Check for working CXX compiler: /usr/bin/c++ - skipped
[0.380s] -- Detecting CXX compile features
[0.380s] -- Detecting CXX compile features - done
[0.395s] -- Found ament_cmake: 1.3.14 (/opt/ros/humble/share/ament_cmake/cmake)
[0.866s] -- Found Python3: /usr/bin/python3 (found version "3.10.12") found components: Interpreter 
[0.951s] -- Override CMake install command with custom implementation using symlinks instead of copying resources
[1.058s] -- Found builtin_interfaces: 1.2.3 (/opt/ros/humble/share/builtin_interfaces/cmake)
[1.139s] -- Found rosidl_generator_c: 3.1.9 (/opt/ros/humble/share/rosidl_generator_c/cmake)
[1.156s] -- Found rosidl_adapter: 3.1.9 (/opt/ros/humble/share/rosidl_adapter/cmake)
[1.177s] -- Found rosidl_generator_cpp: 3.1.9 (/opt/ros/humble/share/rosidl_generator_cpp/cmake)
[1.206s] -- Using all available rosidl_typesupport_c: rosidl_typesupport_fastrtps_c;rosidl_typesupport_introspection_c
[1.241s] -- Using all available rosidl_typesupport_cpp: rosidl_typesupport_fastrtps_cpp;rosidl_typesupport_introspection_cpp
[1.276s] -- Found rosidl_default_generators: 1.2.1 (/opt/ros/humble/share/rosidl_default_generators/cmake)
[1.314s] -- Found std_msgs: 4.9.1 (/opt/ros/humble/share/std_msgs/cmake)
[1.333s] -- Found geometry_msgs: 4.9.1 (/opt/ros/humble/share/geometry_msgs/cmake)
[1.738s] -- Found ament_cmake_ros: 0.10.0 (/opt/ros/humble/share/ament_cmake_ros/cmake)
[2.332s] -- Using all available rosidl_typesupport_c: rosidl_typesupport_fastrtps_c;rosidl_typesupport_introspection_c
[2.565s] -- Using all available rosidl_typesupport_cpp: rosidl_typesupport_fastrtps_cpp;rosidl_typesupport_introspection_cpp
[2.618s] -- Found PythonInterp: /usr/bin/python3 (found suitable version "3.10.12", minimum required is "3.6") 
[2.626s] -- Found python_cmake_module: 0.10.0 (/opt/ros/humble/share/python_cmake_module/cmake)
[2.681s] -- Found PythonLibs: /usr/lib/x86_64-linux-gnu/libpython3.10.so (found suitable version "3.10.12", minimum required is "3.5") 
[2.681s] -- Using PYTHON_EXECUTABLE: /usr/bin/python3
[2.681s] -- Using PYTHON_INCLUDE_DIRS: /usr/include/python3.10
[2.682s] -- Using PYTHON_LIBRARIES: /usr/lib/x86_64-linux-gnu/libpython3.10.so
[2.726s] -- Found PythonExtra: .so  
[2.958s] -- Found ament_lint_auto: 0.12.15 (/opt/ros/humble/share/ament_lint_auto/cmake)
[3.025s] -- Added test 'lint_cmake' to check CMake code style
[3.027s] -- Added test 'xmllint' to check XML markup files
[3.033s] -- Configuring done
[3.076s] -- Generating done
[3.089s] -- Build files have been written to: /media/subham/85dce0f4-2e29-4540-9a32-801850cfcef6/subham/LidarMapping2.5D/build/jsk_recognition_msgs
[3.105s] Invoked command in '/media/subham/85dce0f4-2e29-4540-9a32-801850cfcef6/subham/LidarMapping2.5D/build/jsk_recognition_msgs' returned '0': CMAKE_PREFIX_PATH=${CMAKE_PREFIX_PATH}:/home/subham/omokai_ws/install/llm_navigation:/home/subham/Edge_AI_for_ADAS_and_Autonomous_Systems/install/adas_perception:/home/subham/Edge_AI_for_ADAS_and_Autonomous_Systems/install/adas_navigation:/home/subham/rover_ws/install/rover_navigation:/home/subham/anvrit_ws/install/anvrit_perception:/home/subham/anvrit_ws/install/anvrit_odometry:/home/subham/anvrit_ws/install/anvrit_nav2:/home/subham/igvc/install/igvc_perception:/home/subham/igvc/install/igvc_navigation:/home/subham/colcon_ws/install/ros2ai:/opt/ros/humble /usr/bin/cmake /media/subham/85dce0f4-2e29-4540-9a32-801850cfcef6/subham/LidarMapping2.5D/src/patchwork-plusplus-ros2/jsk_recognition_msgs -DAMENT_CMAKE_SYMLINK_INSTALL=1 -DCMAKE_INSTALL_PREFIX=/media/subham/85dce0f4-2e29-4540-9a32-801850cfcef6/subham/LidarMapping2.5D/install/jsk_recognition_msgs
[3.108s] Invoking command in '/media/subham/85dce0f4-2e29-4540-9a32-801850cfcef6/subham/LidarMapping2.5D/build/jsk_recognition_msgs': CMAKE_PREFIX_PATH=${CMAKE_PREFIX_PATH}:/home/subham/omokai_ws/install/llm_navigation:/home/subham/Edge_AI_for_ADAS_and_Autonomous_Systems/install/adas_perception:/home/subham/Edge_AI_for_ADAS_and_Autonomous_Systems/install/adas_navigation:/home/subham/rover_ws/install/rover_navigation:/home/subham/anvrit_ws/install/anvrit_perception:/home/subham/anvrit_ws/install/anvrit_odometry:/home/subham/anvrit_ws/install/anvrit_nav2:/home/subham/igvc/install/igvc_perception:/home/subham/igvc/install/igvc_navigation:/home/subham/colcon_ws/install/ros2ai:/opt/ros/humble /usr/bin/cmake --build /media/subham/85dce0f4-2e29-4540-9a32-801850cfcef6/subham/LidarMapping2.5D/build/jsk_recognition_msgs
[3.174s] [  3%] [34m[1mGenerating Rust code for ROS interfaces[0m
[3.459s] [  3%] Built target jsk_recognition_msgs__rs
[3.473s] [  6%] [34m[1mGenerating C code for ROS interfaces[0m
[3.772s] [  9%] [32mBuilding C object CMakeFiles/jsk_recognition_msgs__rosidl_generator_c.dir/rosidl_generator_c/jsk_recognition_msgs/msg/detail/polygon_array__functions.c.o[0m
[3.837s] [ 12%] [32m[1mLinking C shared library libjsk_recognition_msgs__rosidl_generator_c.so[0m
[3.890s] [ 12%] Built target jsk_recognition_msgs__rosidl_generator_c
[3.904s] [ 15%] [34m[1mGenerating C type support for eProsima Fast-RTPS[0m
[4.223s] [ 18%] [32mBuilding CXX object CMakeFiles/jsk_recognition_msgs__rosidl_typesupport_fastrtps_c.dir/rosidl_typesupport_fastrtps_c/jsk_recognition_msgs/msg/detail/polygon_array__type_support_c.cpp.o[0m
[4.545s] [ 21%] [32m[1mLinking CXX shared library libjsk_recognition_msgs__rosidl_typesupport_fastrtps_c.so[0m
[4.678s] [ 21%] Built target jsk_recognition_msgs__rosidl_typesupport_fastrtps_c
[4.709s] [ 25%] [34m[1mGenerating C++ code for ROS interfaces[0m
[4.994s] [ 25%] Built target jsk_recognition_msgs__cpp
[5.009s] [ 28%] [34m[1mGenerating C++ type support for eProsima Fast-RTPS[0m
[5.308s] [ 31%] [32mBuilding CXX object CMakeFiles/jsk_recognition_msgs__rosidl_typesupport_fastrtps_cpp.dir/rosidl_typesupport_fastrtps_cpp/jsk_recognition_msgs/msg/detail/dds_fastrtps/polygon_array__type_support.cpp.o[0m
[5.790s] [ 34%] [32m[1mLinking CXX shared library libjsk_recognition_msgs__rosidl_typesupport_fastrtps_cpp.so[0m
[5.918s] [ 34%] Built target jsk_recognition_msgs__rosidl_typesupport_fastrtps_cpp
[5.934s] [ 37%] [34m[1mGenerating C introspection for ROS interfaces[0m
[6.300s] [ 40%] [32mBuilding C object CMakeFiles/jsk_recognition_msgs__rosidl_typesupport_introspection_c.dir/rosidl_typesupport_introspection_c/jsk_recognition_msgs/msg/detail/polygon_array__type_support.c.o[0m
[6.390s] [ 43%] [32m[1mLinking C shared library libjsk_recognition_msgs__rosidl_typesupport_introspection_c.so[0m
[6.442s] [ 43%] Built target jsk_recognition_msgs__rosidl_typesupport_introspection_c
[6.472s] [ 46%] [34m[1mGenerating C type support dispatch for ROS interfaces[0m
[6.818s] [ 50%] [32mBuilding CXX object CMakeFiles/jsk_recognition_msgs__rosidl_typesupport_c.dir/rosidl_typesupport_c/jsk_recognition_msgs/msg/polygon_array__type_support.cpp.o[0m
[6.860s] [ 53%] [32m[1mLinking CXX shared library libjsk_recognition_msgs__rosidl_typesupport_c.so[0m
[6.915s] [ 53%] Built target jsk_recognition_msgs__rosidl_typesupport_c
[6.930s] [ 56%] [34m[1mGenerating C++ introspection for ROS interfaces[0m
[7.201s] [ 59%] [32mBuilding CXX object CMakeFiles/jsk_recognition_msgs__rosidl_typesupport_introspection_cpp.dir/rosidl_typesupport_introspection_cpp/jsk_recognition_msgs/msg/detail/polygon_array__type_support.cpp.o[0m
[7.644s] [ 62%] [32m[1mLinking CXX shared library libjsk_recognition_msgs__rosidl_typesupport_introspection_cpp.so[0m
[7.758s] [ 62%] Built target jsk_recognition_msgs__rosidl_typesupport_introspection_cpp
[7.773s] [ 65%] [34m[1mGenerating C++ type support dispatch for ROS interfaces[0m
[8.043s] [ 68%] [32mBuilding CXX object CMakeFiles/jsk_recognition_msgs__rosidl_typesupport_cpp.dir/rosidl_typesupport_cpp/jsk_recognition_msgs/msg/polygon_array__type_support.cpp.o[0m
[8.307s] [ 71%] [32m[1mLinking CXX shared library libjsk_recognition_msgs__rosidl_typesupport_cpp.so[0m
[8.368s] [ 71%] Built target jsk_recognition_msgs__rosidl_typesupport_cpp
[8.399s] [ 71%] Built target jsk_recognition_msgs
[8.439s] [ 71%] Built target ament_cmake_python_symlink_jsk_recognition_msgs
[8.793s] running egg_info
[8.794s] creating jsk_recognition_msgs.egg-info
[8.817s] writing jsk_recognition_msgs.egg-info/PKG-INFO
[8.818s] writing dependency_links to jsk_recognition_msgs.egg-info/dependency_links.txt
[8.818s] writing top-level names to jsk_recognition_msgs.egg-info/top_level.txt
[8.818s] writing manifest file 'jsk_recognition_msgs.egg-info/SOURCES.txt'
[9.847s] reading manifest file 'jsk_recognition_msgs.egg-info/SOURCES.txt'
[9.848s] writing manifest file 'jsk_recognition_msgs.egg-info/SOURCES.txt'
[9.908s] [ 71%] Built target ament_cmake_python_build_jsk_recognition_msgs_egg
[9.943s] [ 75%] [34m[1mGenerating Python code for ROS interfaces[0m
[10.382s] [ 75%] Built target jsk_recognition_msgs__py
[10.416s] [ 78%] [32mBuilding C object CMakeFiles/jsk_recognition_msgs__rosidl_generator_py.dir/rosidl_generator_py/jsk_recognition_msgs/msg/_polygon_array_s.c.o[0m
[10.557s] [ 81%] [32m[1mLinking C shared library rosidl_generator_py/jsk_recognition_msgs/libjsk_recognition_msgs__rosidl_generator_py.so[0m
[10.618s] [ 81%] Built target jsk_recognition_msgs__rosidl_generator_py
[10.650s] [ 84%] [32mBuilding C object CMakeFiles/jsk_recognition_msgs__rosidl_typesupport_fastrtps_c__pyext.dir/rosidl_generator_py/jsk_recognition_msgs/_jsk_recognition_msgs_s.ep.rosidl_typesupport_fastrtps_c.c.o[0m
[10.756s] [ 87%] [32m[1mLinking C shared library rosidl_generator_py/jsk_recognition_msgs/jsk_recognition_msgs_s__rosidl_typesupport_fastrtps_c.cpython-310-x86_64-linux-gnu.so[0m
[10.810s] [ 87%] Built target jsk_recognition_msgs__rosidl_typesupport_fastrtps_c__pyext
[10.839s] [ 90%] [32mBuilding C object CMakeFiles/jsk_recognition_msgs__rosidl_typesupport_introspection_c__pyext.dir/rosidl_generator_py/jsk_recognition_msgs/_jsk_recognition_msgs_s.ep.rosidl_typesupport_introspection_c.c.o[0m
[10.949s] [ 93%] [32m[1mLinking C shared library rosidl_generator_py/jsk_recognition_msgs/jsk_recognition_msgs_s__rosidl_typesupport_introspection_c.cpython-310-x86_64-linux-gnu.so[0m
[11.005s] [ 93%] Built target jsk_recognition_msgs__rosidl_typesupport_introspection_c__pyext
[11.035s] [ 96%] [32mBuilding C object CMakeFiles/jsk_recognition_msgs__rosidl_typesupport_c__pyext.dir/rosidl_generator_py/jsk_recognition_msgs/_jsk_recognition_msgs_s.ep.rosidl_typesupport_c.c.o[0m
[11.142s] [100%] [32m[1mLinking C shared library rosidl_generator_py/jsk_recognition_msgs/jsk_recognition_msgs_s__rosidl_typesupport_c.cpython-310-x86_64-linux-gnu.so[0m
[11.192s] [100%] Built target jsk_recognition_msgs__rosidl_typesupport_c__pyext
[11.208s] Invoked command in '/media/subham/85dce0f4-2e29-4540-9a32-801850cfcef6/subham/LidarMapping2.5D/build/jsk_recognition_msgs' returned '0': CMAKE_PREFIX_PATH=${CMAKE_PREFIX_PATH}:/home/subham/omokai_ws/install/llm_navigation:/home/subham/Edge_AI_for_ADAS_and_Autonomous_Systems/install/adas_perception:/home/subham/Edge_AI_for_ADAS_and_Autonomous_Systems/install/adas_navigation:/home/subham/rover_ws/install/rover_navigation:/home/subham/anvrit_ws/install/anvrit_perception:/home/subham/anvrit_ws/install/anvrit_odometry:/home/subham/anvrit_ws/install/anvrit_nav2:/home/subham/igvc/install/igvc_perception:/home/subham/igvc/install/igvc_navigation:/home/subham/colcon_ws/install/ros2ai:/opt/ros/humble /usr/bin/cmake --build /media/subham/85dce0f4-2e29-4540-9a32-801850cfcef6/subham/LidarMapping2.5D/build/jsk_recognition_msgs
[11.210s] Invoking command in '/media/subham/85dce0f4-2e29-4540-9a32-801850cfcef6/subham/LidarMapping2.5D/build/jsk_recognition_msgs': CMAKE_PREFIX_PATH=${CMAKE_PREFIX_PATH}:/home/subham/omokai_ws/install/llm_navigation:/home/subham/Edge_AI_for_ADAS_and_Autonomous_Systems/install/adas_perception:/home/subham/Edge_AI_for_ADAS_and_Autonomous_Systems/install/adas_navigation:/home/subham/rover_ws/install/rover_navigation:/home/subham/anvrit_ws/install/anvrit_perception:/home/subham/anvrit_ws/install/anvrit_odometry:/home/subham/anvrit_ws/install/anvrit_nav2:/home/subham/igvc/install/igvc_perception:/home/subham/igvc/install/igvc_navigation:/home/subham/colcon_ws/install/ros2ai:/opt/ros/humble /usr/bin/cmake --install /media/subham/85dce0f4-2e29-4540-9a32-801850cfcef6/subham/LidarMapping2.5D/build/jsk_recognition_msgs
[11.219s] -- Install configuration: ""
[11.220s] -- Execute custom install script
[11.220s] -- Symlinking: /media/subham/85dce0f4-2e29-4540-9a32-801850cfcef6/subham/LidarMapping2.5D/install/jsk_recognition_msgs/share/ament_index/resource_index/rosidl_interfaces/jsk_recognition_msgs
[11.234s] -- Symlinking: /media/subham/85dce0f4-2e29-4540-9a32-801850cfcef6/subham/LidarMapping2.5D/install/jsk_recognition_msgs/include/jsk_recognition_msgs/jsk_recognition_msgs/msg/detail/polygon_array__functions.h
[11.247s] -- Symlinking: /media/subham/85dce0f4-2e29-4540-9a32-801850cfcef6/subham/LidarMapping2.5D/install/jsk_recognition_msgs/include/jsk_recognition_msgs/jsk_recognition_msgs/msg/detail/polygon_array__struct.h
[11.261s] -- Symlinking: /media/subham/85dce0f4-2e29-4540-9a32-801850cfcef6/subham/LidarMapping2.5D/install/jsk_recognition_msgs/include/jsk_recognition_msgs/jsk_recognition_msgs/msg/detail/polygon_array__type_support.h
[11.272s] -- Symlinking: /media/subham/85dce0f4-2e29-4540-9a32-801850cfcef6/subham/LidarMapping2.5D/install/jsk_recognition_msgs/include/jsk_recognition_msgs/jsk_recognition_msgs/msg/polygon_array.h
[11.286s] -- Symlinking: /media/subham/85dce0f4-2e29-4540-9a32-801850cfcef6/subham/LidarMapping2.5D/install/jsk_recognition_msgs/include/jsk_recognition_msgs/jsk_recognition_msgs/msg/rosidl_generator_c__visibility_control.h
[11.298s] -- Symlinking: /media/subham/85dce0f4-2e29-4540-9a32-801850cfcef6/subham/LidarMapping2.5D/install/jsk_recognition_msgs/share/jsk_recognition_msgs/environment/library_path.sh
[11.310s] -- Symlinking: /media/subham/85dce0f4-2e29-4540-9a32-801850cfcef6/subham/LidarMapping2.5D/install/jsk_recognition_msgs/share/jsk_recognition_msgs/environment/library_path.dsv
[11.323s] -- Symlinking: /media/subham/85dce0f4-2e29-4540-9a32-801850cfcef6/subham/LidarMapping2.5D/install/jsk_recognition_msgs/include/jsk_recognition_msgs/jsk_recognition_msgs/msg/detail/polygon_array__rosidl_typesupport_fastrtps_c.h
[11.334s] -- Symlinking: /media/subham/85dce0f4-2e29-4540-9a32-801850cfcef6/subham/LidarMapping2.5D/install/jsk_recognition_msgs/include/jsk_recognition_msgs/jsk_recognition_msgs/msg/rosidl_typesupport_fastrtps_c__visibility_control.h
[11.348s] -- Symlinking: /media/subham/85dce0f4-2e29-4540-9a32-801850cfcef6/subham/LidarMapping2.5D/install/jsk_recognition_msgs/include/jsk_recognition_msgs/jsk_recognition_msgs/msg/detail/polygon_array__builder.hpp
[11.362s] -- Symlinking: /media/subham/85dce0f4-2e29-4540-9a32-801850cfcef6/subham/LidarMapping2.5D/install/jsk_recognition_msgs/include/jsk_recognition_msgs/jsk_recognition_msgs/msg/detail/polygon_array__struct.hpp
[11.384s] -- Symlinking: /media/subham/85dce0f4-2e29-4540-9a32-801850cfcef6/subham/LidarMapping2.5D/install/jsk_recognition_msgs/include/jsk_recognition_msgs/jsk_recognition_msgs/msg/detail/polygon_array__traits.hpp
[11.401s] -- Symlinking: /media/subham/85dce0f4-2e29-4540-9a32-801850cfcef6/subham/LidarMapping2.5D/install/jsk_recognition_msgs/include/jsk_recognition_msgs/jsk_recognition_msgs/msg/detail/polygon_array__type_support.hpp
[11.420s] -- Symlinking: /media/subham/85dce0f4-2e29-4540-9a32-801850cfcef6/subham/LidarMapping2.5D/install/jsk_recognition_msgs/include/jsk_recognition_msgs/jsk_recognition_msgs/msg/polygon_array.hpp
[11.434s] -- Symlinking: /media/subham/85dce0f4-2e29-4540-9a32-801850cfcef6/subham/LidarMapping2.5D/install/jsk_recognition_msgs/include/jsk_recognition_msgs/jsk_recognition_msgs/msg/rosidl_generator_cpp__visibility_control.hpp
[11.451s] -- Symlinking: /media/subham/85dce0f4-2e29-4540-9a32-801850cfcef6/subham/LidarMapping2.5D/install/jsk_recognition_msgs/include/jsk_recognition_msgs/jsk_recognition_msgs/msg/detail/polygon_array__rosidl_typesupport_fastrtps_cpp.hpp
[11.464s] -- Symlinking: /media/subham/85dce0f4-2e29-4540-9a32-801850cfcef6/subham/LidarMapping2.5D/install/jsk_recognition_msgs/include/jsk_recognition_msgs/jsk_recognition_msgs/msg/rosidl_typesupport_fastrtps_cpp__visibility_control.h
[11.476s] -- Symlinking: /media/subham/85dce0f4-2e29-4540-9a32-801850cfcef6/subham/LidarMapping2.5D/install/jsk_recognition_msgs/include/jsk_recognition_msgs/jsk_recognition_msgs/msg/detail/polygon_array__rosidl_typesupport_introspection_c.h
[11.488s] -- Symlinking: /media/subham/85dce0f4-2e29-4540-9a32-801850cfcef6/subham/LidarMapping2.5D/install/jsk_recognition_msgs/include/jsk_recognition_msgs/jsk_recognition_msgs/msg/rosidl_typesupport_introspection_c__visibility_control.h
[11.503s] -- Symlinking: /media/subham/85dce0f4-2e29-4540-9a32-801850cfcef6/subham/LidarMapping2.5D/install/jsk_recognition_msgs/include/jsk_recognition_msgs/jsk_recognition_msgs/msg/detail/polygon_array__rosidl_typesupport_introspection_cpp.hpp
[11.518s] -- Symlinking: /media/subham/85dce0f4-2e29-4540-9a32-801850cfcef6/subham/LidarMapping2.5D/install/jsk_recognition_msgs/share/jsk_recognition_msgs/environment/pythonpath.sh
[11.531s] -- Symlinking: /media/subham/85dce0f4-2e29-4540-9a32-801850cfcef6/subham/LidarMapping2.5D/install/jsk_recognition_msgs/share/jsk_recognition_msgs/environment/pythonpath.dsv
[11.543s] -- Symlinking: /media/subham/85dce0f4-2e29-4540-9a32-801850cfcef6/subham/LidarMapping2.5D/install/jsk_recognition_msgs/local/lib/python3.10/dist-packages/jsk_recognition_msgs-0.0.0-py3.10.egg-info/PKG-INFO
[11.555s] -- Symlinking: /media/subham/85dce0f4-2e29-4540-9a32-801850cfcef6/subham/LidarMapping2.5D/install/jsk_recognition_msgs/local/lib/python3.10/dist-packages/jsk_recognition_msgs-0.0.0-py3.10.egg-info/SOURCES.txt
[11.567s] -- Symlinking: /media/subham/85dce0f4-2e29-4540-9a32-801850cfcef6/subham/LidarMapping2.5D/install/jsk_recognition_msgs/local/lib/python3.10/dist-packages/jsk_recognition_msgs-0.0.0-py3.10.egg-info/dependency_links.txt
[11.581s] -- Symlinking: /media/subham/85dce0f4-2e29-4540-9a32-801850cfcef6/subham/LidarMapping2.5D/install/jsk_recognition_msgs/local/lib/python3.10/dist-packages/jsk_recognition_msgs-0.0.0-py3.10.egg-info/top_level.txt
[11.594s] -- Symlinking: /media/subham/85dce0f4-2e29-4540-9a32-801850cfcef6/subham/LidarMapping2.5D/install/jsk_recognition_msgs/local/lib/python3.10/dist-packages/jsk_recognition_msgs/__init__.py
[11.605s] -- Symlinking: /media/subham/85dce0f4-2e29-4540-9a32-801850cfcef6/subham/LidarMapping2.5D/install/jsk_recognition_msgs/local/lib/python3.10/dist-packages/jsk_recognition_msgs/_jsk_recognition_msgs_s.ep.rosidl_typesupport_c.c
[11.619s] -- Symlinking: /media/subham/85dce0f4-2e29-4540-9a32-801850cfcef6/subham/LidarMapping2.5D/install/jsk_recognition_msgs/local/lib/python3.10/dist-packages/jsk_recognition_msgs/_jsk_recognition_msgs_s.ep.rosidl_typesupport_fastrtps_c.c
[11.632s] -- Symlinking: /media/subham/85dce0f4-2e29-4540-9a32-801850cfcef6/subham/LidarMapping2.5D/install/jsk_recognition_msgs/local/lib/python3.10/dist-packages/jsk_recognition_msgs/_jsk_recognition_msgs_s.ep.rosidl_typesupport_introspection_c.c
[11.648s] -- Symlinking: /media/subham/85dce0f4-2e29-4540-9a32-801850cfcef6/subham/LidarMapping2.5D/install/jsk_recognition_msgs/local/lib/python3.10/dist-packages/jsk_recognition_msgs/jsk_recognition_msgs_s__rosidl_typesupport_c.cpython-310-x86_64-linux-gnu.so
[11.663s] -- Symlinking: /media/subham/85dce0f4-2e29-4540-9a32-801850cfcef6/subham/LidarMapping2.5D/install/jsk_recognition_msgs/local/lib/python3.10/dist-packages/jsk_recognition_msgs/jsk_recognition_msgs_s__rosidl_typesupport_fastrtps_c.cpython-310-x86_64-linux-gnu.so
[11.674s] -- Symlinking: /media/subham/85dce0f4-2e29-4540-9a32-801850cfcef6/subham/LidarMapping2.5D/install/jsk_recognition_msgs/local/lib/python3.10/dist-packages/jsk_recognition_msgs/jsk_recognition_msgs_s__rosidl_typesupport_introspection_c.cpython-310-x86_64-linux-gnu.so
[11.687s] -- Symlinking: /media/subham/85dce0f4-2e29-4540-9a32-801850cfcef6/subham/LidarMapping2.5D/install/jsk_recognition_msgs/local/lib/python3.10/dist-packages/jsk_recognition_msgs/libjsk_recognition_msgs__rosidl_generator_py.so
[11.699s] -- Symlinking: /media/subham/85dce0f4-2e29-4540-9a32-801850cfcef6/subham/LidarMapping2.5D/install/jsk_recognition_msgs/local/lib/python3.10/dist-packages/jsk_recognition_msgs/msg/__init__.py
[11.714s] -- Symlinking: /media/subham/85dce0f4-2e29-4540-9a32-801850cfcef6/subham/LidarMapping2.5D/install/jsk_recognition_msgs/local/lib/python3.10/dist-packages/jsk_recognition_msgs/msg/_polygon_array.py
[11.726s] -- Symlinking: /media/subham/85dce0f4-2e29-4540-9a32-801850cfcef6/subham/LidarMapping2.5D/install/jsk_recognition_msgs/local/lib/python3.10/dist-packages/jsk_recognition_msgs/msg/_polygon_array_s.c
[11.738s] -- Up-to-date symlink: /media/subham/85dce0f4-2e29-4540-9a32-801850cfcef6/subham/LidarMapping2.5D/install/jsk_recognition_msgs/local/lib/python3.10/dist-packages/jsk_recognition_msgs/jsk_recognition_msgs_s__rosidl_typesupport_fastrtps_c.cpython-310-x86_64-linux-gnu.so
[11.738s] -- Up-to-date symlink: /media/subham/85dce0f4-2e29-4540-9a32-801850cfcef6/subham/LidarMapping2.5D/install/jsk_recognition_msgs/local/lib/python3.10/dist-packages/jsk_recognition_msgs/jsk_recognition_msgs_s__rosidl_typesupport_introspection_c.cpython-310-x86_64-linux-gnu.so
[11.738s] -- Up-to-date symlink: /media/subham/85dce0f4-2e29-4540-9a32-801850cfcef6/subham/LidarMapping2.5D/install/jsk_recognition_msgs/local/lib/python3.10/dist-packages/jsk_recognition_msgs/jsk_recognition_msgs_s__rosidl_typesupport_c.cpython-310-x86_64-linux-gnu.so
[11.739s] -- Symlinking: /media/subham/85dce0f4-2e29-4540-9a32-801850cfcef6/subham/LidarMapping2.5D/install/jsk_recognition_msgs/share/ament_index/resource_index/rust_packages/jsk_recognition_msgs
[11.753s] -- Symlinking: /media/subham/85dce0f4-2e29-4540-9a32-801850cfcef6/subham/LidarMapping2.5D/install/jsk_recognition_msgs/share/jsk_recognition_msgs/rust/Cargo.toml
[11.764s] -- Symlinking: /media/subham/85dce0f4-2e29-4540-9a32-801850cfcef6/subham/LidarMapping2.5D/install/jsk_recognition_msgs/share/jsk_recognition_msgs/rust/build.rs
[11.776s] -- Symlinking: /media/subham/85dce0f4-2e29-4540-9a32-801850cfcef6/subham/LidarMapping2.5D/install/jsk_recognition_msgs/share/jsk_recognition_msgs/rust/src/lib.rs
[11.788s] -- Symlinking: /media/subham/85dce0f4-2e29-4540-9a32-801850cfcef6/subham/LidarMapping2.5D/install/jsk_recognition_msgs/share/jsk_recognition_msgs/rust/src/msg.rs
[11.801s] -- Symlinking: /media/subham/85dce0f4-2e29-4540-9a32-801850cfcef6/subham/LidarMapping2.5D/install/jsk_recognition_msgs/share/jsk_recognition_msgs/rust/src/msg/rmw.rs
[11.816s] -- Symlinking: /media/subham/85dce0f4-2e29-4540-9a32-801850cfcef6/subham/LidarMapping2.5D/install/jsk_recognition_msgs/share/jsk_recognition_msgs/msg/PolygonArray.idl
[11.827s] -- Symlinking: /media/subham/85dce0f4-2e29-4540-9a32-801850cfcef6/subham/LidarMapping2.5D/install/jsk_recognition_msgs/share/jsk_recognition_msgs/msg/PolygonArray.msg
[11.839s] -- Symlinking: /media/subham/85dce0f4-2e29-4540-9a32-801850cfcef6/subham/LidarMapping2.5D/install/jsk_recognition_msgs/share/ament_index/resource_index/package_run_dependencies/jsk_recognition_msgs
[11.852s] -- Symlinking: /media/subham/85dce0f4-2e29-4540-9a32-801850cfcef6/subham/LidarMapping2.5D/install/jsk_recognition_msgs/share/ament_index/resource_index/parent_prefix_path/jsk_recognition_msgs
[11.863s] -- Symlinking: /media/subham/85dce0f4-2e29-4540-9a32-801850cfcef6/subham/LidarMapping2.5D/install/jsk_recognition_msgs/share/jsk_recognition_msgs/environment/ament_prefix_path.sh
[11.874s] -- Symlinking: /media/subham/85dce0f4-2e29-4540-9a32-801850cfcef6/subham/LidarMapping2.5D/install/jsk_recognition_msgs/share/jsk_recognition_msgs/environment/ament_prefix_path.dsv
[11.887s] -- Symlinking: /media/subham/85dce0f4-2e29-4540-9a32-801850cfcef6/subham/LidarMapping2.5D/install/jsk_recognition_msgs/share/jsk_recognition_msgs/environment/path.sh
[11.900s] -- Symlinking: /media/subham/85dce0f4-2e29-4540-9a32-801850cfcef6/subham/LidarMapping2.5D/install/jsk_recognition_msgs/share/jsk_recognition_msgs/environment/path.dsv
[11.916s] -- Symlinking: /media/subham/85dce0f4-2e29-4540-9a32-801850cfcef6/subham/LidarMapping2.5D/install/jsk_recognition_msgs/share/jsk_recognition_msgs/local_setup.bash
[11.928s] -- Symlinking: /media/subham/85dce0f4-2e29-4540-9a32-801850cfcef6/subham/LidarMapping2.5D/install/jsk_recognition_msgs/share/jsk_recognition_msgs/local_setup.sh
[11.940s] -- Symlinking: /media/subham/85dce0f4-2e29-4540-9a32-801850cfcef6/subham/LidarMapping2.5D/install/jsk_recognition_msgs/share/jsk_recognition_msgs/local_setup.zsh
[11.952s] -- Symlinking: /media/subham/85dce0f4-2e29-4540-9a32-801850cfcef6/subham/LidarMapping2.5D/install/jsk_recognition_msgs/share/jsk_recognition_msgs/local_setup.dsv
[11.965s] -- Symlinking: /media/subham/85dce0f4-2e29-4540-9a32-801850cfcef6/subham/LidarMapping2.5D/install/jsk_recognition_msgs/share/jsk_recognition_msgs/package.dsv
[11.979s] -- Symlinking: /media/subham/85dce0f4-2e29-4540-9a32-801850cfcef6/subham/LidarMapping2.5D/install/jsk_recognition_msgs/share/ament_index/resource_index/packages/jsk_recognition_msgs
[11.991s] -- Symlinking: /media/subham/85dce0f4-2e29-4540-9a32-801850cfcef6/subham/LidarMapping2.5D/install/jsk_recognition_msgs/share/jsk_recognition_msgs/cmake/rosidl_cmake-extras.cmake
[12.002s] -- Symlinking: /media/subham/85dce0f4-2e29-4540-9a32-801850cfcef6/subham/LidarMapping2.5D/install/jsk_recognition_msgs/share/jsk_recognition_msgs/cmake/ament_cmake_export_dependencies-extras.cmake
[12.016s] -- Symlinking: /media/subham/85dce0f4-2e29-4540-9a32-801850cfcef6/subham/LidarMapping2.5D/install/jsk_recognition_msgs/share/jsk_recognition_msgs/cmake/ament_cmake_export_include_directories-extras.cmake
[12.030s] -- Symlinking: /media/subham/85dce0f4-2e29-4540-9a32-801850cfcef6/subham/LidarMapping2.5D/install/jsk_recognition_msgs/share/jsk_recognition_msgs/cmake/ament_cmake_export_libraries-extras.cmake
[12.042s] -- Symlinking: /media/subham/85dce0f4-2e29-4540-9a32-801850cfcef6/subham/LidarMapping2.5D/install/jsk_recognition_msgs/share/jsk_recognition_msgs/cmake/ament_cmake_export_targets-extras.cmake
[12.053s] -- Symlinking: /media/subham/85dce0f4-2e29-4540-9a32-801850cfcef6/subham/LidarMapping2.5D/install/jsk_recognition_msgs/share/jsk_recognition_msgs/cmake/rosidl_cmake_export_typesupport_targets-extras.cmake
[12.065s] -- Symlinking: /media/subham/85dce0f4-2e29-4540-9a32-801850cfcef6/subham/LidarMapping2.5D/install/jsk_recognition_msgs/share/jsk_recognition_msgs/cmake/rosidl_cmake_export_typesupport_libraries-extras.cmake
[12.078s] -- Symlinking: /media/subham/85dce0f4-2e29-4540-9a32-801850cfcef6/subham/LidarMapping2.5D/install/jsk_recognition_msgs/share/jsk_recognition_msgs/cmake/rosidl_cmake_aggregate_target-extras.cmake
[12.089s] -- Symlinking: /media/subham/85dce0f4-2e29-4540-9a32-801850cfcef6/subham/LidarMapping2.5D/install/jsk_recognition_msgs/share/jsk_recognition_msgs/cmake/jsk_recognition_msgsConfig.cmake
[12.102s] -- Symlinking: /media/subham/85dce0f4-2e29-4540-9a32-801850cfcef6/subham/LidarMapping2.5D/install/jsk_recognition_msgs/share/jsk_recognition_msgs/cmake/jsk_recognition_msgsConfig-version.cmake
[12.116s] -- Symlinking: /media/subham/85dce0f4-2e29-4540-9a32-801850cfcef6/subham/LidarMapping2.5D/install/jsk_recognition_msgs/share/jsk_recognition_msgs/package.xml
[12.131s] -- Installing: /media/subham/85dce0f4-2e29-4540-9a32-801850cfcef6/subham/LidarMapping2.5D/install/jsk_recognition_msgs/lib/libjsk_recognition_msgs__rosidl_generator_c.so
[12.131s] -- Set runtime path of "/media/subham/85dce0f4-2e29-4540-9a32-801850cfcef6/subham/LidarMapping2.5D/install/jsk_recognition_msgs/lib/libjsk_recognition_msgs__rosidl_generator_c.so" to ""
[12.131s] -- Installing: /media/subham/85dce0f4-2e29-4540-9a32-801850cfcef6/subham/LidarMapping2.5D/install/jsk_recognition_msgs/lib/libjsk_recognition_msgs__rosidl_typesupport_fastrtps_c.so
[12.132s] -- Set runtime path of "/media/subham/85dce0f4-2e29-4540-9a32-801850cfcef6/subham/LidarMapping2.5D/install/jsk_recognition_msgs/lib/libjsk_recognition_msgs__rosidl_typesupport_fastrtps_c.so" to ""
[12.132s] -- Installing: /media/subham/85dce0f4-2e29-4540-9a32-801850cfcef6/subham/LidarMapping2.5D/install/jsk_recognition_msgs/lib/libjsk_recognition_msgs__rosidl_typesupport_fastrtps_cpp.so
[12.133s] -- Set runtime path of "/media/subham/85dce0f4-2e29-4540-9a32-801850cfcef6/subham/LidarMapping2.5D/install/jsk_recognition_msgs/lib/libjsk_recognition_msgs__rosidl_typesupport_fastrtps_cpp.so" to ""
[12.133s] -- Installing: /media/subham/85dce0f4-2e29-4540-9a32-801850cfcef6/subham/LidarMapping2.5D/install/jsk_recognition_msgs/lib/libjsk_recognition_msgs__rosidl_typesupport_introspection_c.so
[12.133s] -- Set runtime path of "/media/subham/85dce0f4-2e29-4540-9a32-801850cfcef6/subham/LidarMapping2.5D/install/jsk_recognition_msgs/lib/libjsk_recognition_msgs__rosidl_typesupport_introspection_c.so" to ""
[12.133s] -- Installing: /media/subham/85dce0f4-2e29-4540-9a32-801850cfcef6/subham/LidarMapping2.5D/install/jsk_recognition_msgs/lib/libjsk_recognition_msgs__rosidl_typesupport_c.so
[12.134s] -- Set runtime path of "/media/subham/85dce0f4-2e29-4540-9a32-801850cfcef6/subham/LidarMapping2.5D/install/jsk_recognition_msgs/lib/libjsk_recognition_msgs__rosidl_typesupport_c.so" to ""
[12.134s] -- Installing: /media/subham/85dce0f4-2e29-4540-9a32-801850cfcef6/subham/LidarMapping2.5D/install/jsk_recognition_msgs/lib/libjsk_recognition_msgs__rosidl_typesupport_introspection_cpp.so
[12.134s] -- Set runtime path of "/media/subham/85dce0f4-2e29-4540-9a32-801850cfcef6/subham/LidarMapping2.5D/install/jsk_recognition_msgs/lib/libjsk_recognition_msgs__rosidl_typesupport_introspection_cpp.so" to ""
[12.134s] -- Installing: /media/subham/85dce0f4-2e29-4540-9a32-801850cfcef6/subham/LidarMapping2.5D/install/jsk_recognition_msgs/lib/libjsk_recognition_msgs__rosidl_typesupport_cpp.so
[12.135s] -- Set runtime path of "/media/subham/85dce0f4-2e29-4540-9a32-801850cfcef6/subham/LidarMapping2.5D/install/jsk_recognition_msgs/lib/libjsk_recognition_msgs__rosidl_typesupport_cpp.so" to ""
[12.184s] Listing '/media/subham/85dce0f4-2e29-4540-9a32-801850cfcef6/subham/LidarMapping2.5D/install/jsk_recognition_msgs/local/lib/python3.10/dist-packages/jsk_recognition_msgs'...
[12.184s] Compiling '/media/subham/85dce0f4-2e29-4540-9a32-801850cfcef6/subham/LidarMapping2.5D/install/jsk_recognition_msgs/local/lib/python3.10/dist-packages/jsk_recognition_msgs/__init__.py'...
[12.184s] Listing '/media/subham/85dce0f4-2e29-4540-9a32-801850cfcef6/subham/LidarMapping2.5D/install/jsk_recognition_msgs/local/lib/python3.10/dist-packages/jsk_recognition_msgs/msg'...
[12.184s] Compiling '/media/subham/85dce0f4-2e29-4540-9a32-801850cfcef6/subham/LidarMapping2.5D/install/jsk_recognition_msgs/local/lib/python3.10/dist-packages/jsk_recognition_msgs/msg/__init__.py'...
[12.184s] Compiling '/media/subham/85dce0f4-2e29-4540-9a32-801850cfcef6/subham/LidarMapping2.5D/install/jsk_recognition_msgs/local/lib/python3.10/dist-packages/jsk_recognition_msgs/msg/_polygon_array.py'...
[12.190s] -- Installing: /media/subham/85dce0f4-2e29-4540-9a32-801850cfcef6/subham/LidarMapping2.5D/install/jsk_recognition_msgs/lib/libjsk_recognition_msgs__rosidl_generator_py.so
[12.191s] -- Set runtime path of "/media/subham/85dce0f4-2e29-4540-9a32-801850cfcef6/subham/LidarMapping2.5D/install/jsk_recognition_msgs/lib/libjsk_recognition_msgs__rosidl_generator_py.so" to ""
[12.191s] -- Installing: /media/subham/85dce0f4-2e29-4540-9a32-801850cfcef6/subham/LidarMapping2.5D/install/jsk_recognition_msgs/share/jsk_recognition_msgs/cmake/export_jsk_recognition_msgs__rosidl_generator_cExport.cmake
[12.191s] -- Installing: /media/subham/85dce0f4-2e29-4540-9a32-801850cfcef6/subham/LidarMapping2.5D/install/jsk_recognition_msgs/share/jsk_recognition_msgs/cmake/export_jsk_recognition_msgs__rosidl_generator_cExport-noconfig.cmake
[12.192s] -- Installing: /media/subham/85dce0f4-2e29-4540-9a32-801850cfcef6/subham/LidarMapping2.5D/install/jsk_recognition_msgs/share/jsk_recognition_msgs/cmake/export_jsk_recognition_msgs__rosidl_typesupport_fastrtps_cExport.cmake
[12.192s] -- Installing: /media/subham/85dce0f4-2e29-4540-9a32-801850cfcef6/subham/LidarMapping2.5D/install/jsk_recognition_msgs/share/jsk_recognition_msgs/cmake/export_jsk_recognition_msgs__rosidl_typesupport_fastrtps_cExport-noconfig.cmake
[12.192s] -- Installing: /media/subham/85dce0f4-2e29-4540-9a32-801850cfcef6/subham/LidarMapping2.5D/install/jsk_recognition_msgs/share/jsk_recognition_msgs/cmake/export_jsk_recognition_msgs__rosidl_generator_cppExport.cmake
[12.192s] -- Installing: /media/subham/85dce0f4-2e29-4540-9a32-801850cfcef6/subham/LidarMapping2.5D/install/jsk_recognition_msgs/share/jsk_recognition_msgs/cmake/export_jsk_recognition_msgs__rosidl_typesupport_fastrtps_cppExport.cmake
[12.193s] -- Installing: /media/subham/85dce0f4-2e29-4540-9a32-801850cfcef6/subham/LidarMapping2.5D/install/jsk_recognition_msgs/share/jsk_recognition_msgs/cmake/export_jsk_recognition_msgs__rosidl_typesupport_fastrtps_cppExport-noconfig.cmake
[12.193s] -- Installing: /media/subham/85dce0f4-2e29-4540-9a32-801850cfcef6/subham/LidarMapping2.5D/install/jsk_recognition_msgs/share/jsk_recognition_msgs/cmake/jsk_recognition_msgs__rosidl_typesupport_introspection_cExport.cmake
[12.193s] -- Installing: /media/subham/85dce0f4-2e29-4540-9a32-801850cfcef6/subham/LidarMapping2.5D/install/jsk_recognition_msgs/share/jsk_recognition_msgs/cmake/jsk_recognition_msgs__rosidl_typesupport_introspection_cExport-noconfig.cmake
[12.193s] -- Installing: /media/subham/85dce0f4-2e29-4540-9a32-801850cfcef6/subham/LidarMapping2.5D/install/jsk_recognition_msgs/share/jsk_recognition_msgs/cmake/jsk_recognition_msgs__rosidl_typesupport_cExport.cmake
[12.193s] -- Installing: /media/subham/85dce0f4-2e29-4540-9a32-801850cfcef6/subham/LidarMapping2.5D/install/jsk_recognition_msgs/share/jsk_recognition_msgs/cmake/jsk_recognition_msgs__rosidl_typesupport_cExport-noconfig.cmake
[12.193s] -- Installing: /media/subham/85dce0f4-2e29-4540-9a32-801850cfcef6/subham/LidarMapping2.5D/install/jsk_recognition_msgs/share/jsk_recognition_msgs/cmake/jsk_recognition_msgs__rosidl_typesupport_introspection_cppExport.cmake
[12.193s] -- Installing: /media/subham/85dce0f4-2e29-4540-9a32-801850cfcef6/subham/LidarMapping2.5D/install/jsk_recognition_msgs/share/jsk_recognition_msgs/cmake/jsk_recognition_msgs__rosidl_typesupport_introspection_cppExport-noconfig.cmake
[12.193s] -- Installing: /media/subham/85dce0f4-2e29-4540-9a32-801850cfcef6/subham/LidarMapping2.5D/install/jsk_recognition_msgs/share/jsk_recognition_msgs/cmake/jsk_recognition_msgs__rosidl_typesupport_cppExport.cmake
[12.194s] -- Installing: /media/subham/85dce0f4-2e29-4540-9a32-801850cfcef6/subham/LidarMapping2.5D/install/jsk_recognition_msgs/share/jsk_recognition_msgs/cmake/jsk_recognition_msgs__rosidl_typesupport_cppExport-noconfig.cmake
[12.194s] -- Installing: /media/subham/85dce0f4-2e29-4540-9a32-801850cfcef6/subham/LidarMapping2.5D/install/jsk_recognition_msgs/share/jsk_recognition_msgs/cmake/export_jsk_recognition_msgs__rosidl_generator_pyExport.cmake
[12.194s] -- Installing: /media/subham/85dce0f4-2e29-4540-9a32-801850cfcef6/subham/LidarMapping2.5D/install/jsk_recognition_msgs/share/jsk_recognition_msgs/cmake/export_jsk_recognition_msgs__rosidl_generator_pyExport-noconfig.cmake
[12.198s] Invoked command in '/media/subham/85dce0f4-2e29-4540-9a32-801850cfcef6/subham/LidarMapping2.5D/build/jsk_recognition_msgs' returned '0': CMAKE_PREFIX_PATH=${CMAKE_PREFIX_PATH}:/home/subham/omokai_ws/install/llm_navigation:/home/subham/Edge_AI_for_ADAS_and_Autonomous_Systems/install/adas_perception:/home/subham/Edge_AI_for_ADAS_and_Autonomous_Systems/install/adas_navigation:/home/subham/rover_ws/install/rover_navigation:/home/subham/anvrit_ws/install/anvrit_perception:/home/subham/anvrit_ws/install/anvrit_odometry:/home/subham/anvrit_ws/install/anvrit_nav2:/home/subham/igvc/install/igvc_perception:/home/subham/igvc/install/igvc_navigation:/home/subham/colcon_ws/install/ros2ai:/opt/ros/humble /usr/bin/cmake --install /media/subham/85dce0f4-2e29-4540-9a32-801850cfcef6/subham/LidarMapping2.5D/build/jsk_recognition_msgs
