-- The C compiler identification is GNU 11.4.0
-- The CXX compiler identification is GNU 11.4.0
-- Detecting C compiler ABI info
-- Detecting C compiler ABI info - done
-- Check for working C compiler: /usr/bin/cc - skipped
-- Detecting C compile features
-- Detecting C compile features - done
-- Detecting CXX compiler ABI info
-- Detecting CXX compiler ABI info - done
-- Check for working CXX compiler: /usr/bin/c++ - skipped
-- Detecting CXX compile features
-- Detecting CXX compile features - done
-- Looking for pthread.h
-- Looking for pthread.h - found
-- Performing Test CMAKE_HAVE_LIBC_PTHREAD
-- Performing Test CMAKE_HAVE_LIBC_PTHREAD - Success
-- Found Threads: TRUE  
-- Found OpenMP_C: -fopenmp (found version "4.5") 
-- Found OpenMP_CXX: -fopenmp (found version "4.5") 
-- Found OpenMP: TRUE (found version "4.5")  
-- OpenMP enabled
-- Configuring done
-- Generating done
-- Build files have been written to: /media/subham/85dce0f4-2e29-4540-9a32-801850cfcef6/subham/LidarMapping2.5D/build/fastdem
[  5%] [32mBuilding CXX object _deps/nanogrid-build/CMakeFiles/nanoGrid.dir/src/GridMap.cpp.o[0m
[ 11%] [32mBuilding CXX object _deps/nanogrid-build/CMakeFiles/nanoGrid.dir/src/GridMapMath.cpp.o[0m
[ 17%] [32mBuilding CXX object _deps/nanogrid-build/CMakeFiles/nanoGrid.dir/src/BufferRegion.cpp.o[0m
[ 23%] [32m[1mLinking CXX static library libnanoGrid.a[0m
[ 23%] Built target nanoGrid
[ 29%] [32mBuilding CXX object CMakeFiles/fastdem.dir/src/config_fastdem.cpp.o[0m
[ 35%] [32mBuilding CXX object CMakeFiles/fastdem.dir/src/config_postprocess.cpp.o[0m
[ 41%] [32mBuilding CXX object CMakeFiles/fastdem.dir/src/elevation_mapping.cpp.o[0m
[ 47%] [32mBuilding CXX object CMakeFiles/fastdem.dir/src/fastdem.cpp.o[0m
[ 52%] [32mBuilding CXX object CMakeFiles/fastdem.dir/src/feature_extraction.cpp.o[0m
[ 58%] [32mBuilding CXX object CMakeFiles/fastdem.dir/src/inpainting.cpp.o[0m
[ 64%] [32mBuilding CXX object CMakeFiles/fastdem.dir/src/io_npz.cpp.o[0m
[ 70%] [32mBuilding CXX object CMakeFiles/fastdem.dir/src/io_png.cpp.o[0m
[ 76%] [32mBuilding CXX object CMakeFiles/fastdem.dir/src/pcd_convert.cpp.o[0m
[ 82%] [32mBuilding CXX object CMakeFiles/fastdem.dir/src/raycasting.cpp.o[0m
[ 88%] [32mBuilding CXX object CMakeFiles/fastdem.dir/src/sensor_model.cpp.o[0m
[ 94%] [32mBuilding CXX object CMakeFiles/fastdem.dir/src/uncertainty_fusion.cpp.o[0m
[100%] [32m[1mLinking CXX static library libfastdem.a[0m
[100%] Built target fastdem
-- Install configuration: "Release"
-- Installing: /media/subham/85dce0f4-2e29-4540-9a32-801850cfcef6/subham/LidarMapping2.5D/install/fastdem/lib/libfastdem.a
-- Installing: /media/subham/85dce0f4-2e29-4540-9a32-801850cfcef6/subham/LidarMapping2.5D/install/fastdem/lib/libnanoGrid.a
-- Installing: /media/subham/85dce0f4-2e29-4540-9a32-801850cfcef6/subham/LidarMapping2.5D/install/fastdem/include
-- Installing: /media/subham/85dce0f4-2e29-4540-9a32-801850cfcef6/subham/LidarMapping2.5D/install/fastdem/include/nanogrid
-- Installing: /media/subham/85dce0f4-2e29-4540-9a32-801850cfcef6/subham/LidarMapping2.5D/install/fastdem/include/nanogrid/IndexHash.hpp
-- Installing: /media/subham/85dce0f4-2e29-4540-9a32-801850cfcef6/subham/LidarMapping2.5D/install/fastdem/include/nanogrid/TypeDefs.hpp
-- Installing: /media/subham/85dce0f4-2e29-4540-9a32-801850cfcef6/subham/LidarMapping2.5D/install/fastdem/include/nanogrid/NanOps.hpp
-- Installing: /media/subham/85dce0f4-2e29-4540-9a32-801850cfcef6/subham/LidarMapping2.5D/install/fastdem/include/nanogrid/bridge
-- Installing: /media/subham/85dce0f4-2e29-4540-9a32-801850cfcef6/subham/LidarMapping2.5D/install/fastdem/include/nanogrid/bridge/ros2.hpp
-- Installing: /media/subham/85dce0f4-2e29-4540-9a32-801850cfcef6/subham/LidarMapping2.5D/install/fastdem/include/nanogrid/bridge/ros1.hpp
-- Installing: /media/subham/85dce0f4-2e29-4540-9a32-801850cfcef6/subham/LidarMapping2.5D/install/fastdem/include/nanogrid/bridge/ros
-- Installing: /media/subham/85dce0f4-2e29-4540-9a32-801850cfcef6/subham/LidarMapping2.5D/install/fastdem/include/nanogrid/bridge/ros/impl.hpp
-- Installing: /media/subham/85dce0f4-2e29-4540-9a32-801850cfcef6/subham/LidarMapping2.5D/install/fastdem/include/nanogrid/nanogrid.hpp
-- Installing: /media/subham/85dce0f4-2e29-4540-9a32-801850cfcef6/subham/LidarMapping2.5D/install/fastdem/include/nanogrid/detail
-- Installing: /media/subham/85dce0f4-2e29-4540-9a32-801850cfcef6/subham/LidarMapping2.5D/install/fastdem/include/nanogrid/detail/BufferRegion.hpp
-- Installing: /media/subham/85dce0f4-2e29-4540-9a32-801850cfcef6/subham/LidarMapping2.5D/install/fastdem/include/nanogrid/detail/GridMapMath.hpp
-- Installing: /media/subham/85dce0f4-2e29-4540-9a32-801850cfcef6/subham/LidarMapping2.5D/install/fastdem/include/nanogrid/GridMap.hpp
-- Up-to-date: /media/subham/85dce0f4-2e29-4540-9a32-801850cfcef6/subham/LidarMapping2.5D/install/fastdem/include
-- Installing: /media/subham/85dce0f4-2e29-4540-9a32-801850cfcef6/subham/LidarMapping2.5D/install/fastdem/include/fastdem
-- Installing: /media/subham/85dce0f4-2e29-4540-9a32-801850cfcef6/subham/LidarMapping2.5D/install/fastdem/include/fastdem/postprocess
-- Installing: /media/subham/85dce0f4-2e29-4540-9a32-801850cfcef6/subham/LidarMapping2.5D/install/fastdem/include/fastdem/postprocess/spatial_smoothing.hpp
-- Installing: /media/subham/85dce0f4-2e29-4540-9a32-801850cfcef6/subham/LidarMapping2.5D/install/fastdem/include/fastdem/postprocess/inpainting.hpp
-- Installing: /media/subham/85dce0f4-2e29-4540-9a32-801850cfcef6/subham/LidarMapping2.5D/install/fastdem/include/fastdem/postprocess/raycasting.hpp
-- Installing: /media/subham/85dce0f4-2e29-4540-9a32-801850cfcef6/subham/LidarMapping2.5D/install/fastdem/include/fastdem/postprocess/uncertainty_fusion.hpp
-- Installing: /media/subham/85dce0f4-2e29-4540-9a32-801850cfcef6/subham/LidarMapping2.5D/install/fastdem/include/fastdem/postprocess/feature_extraction.hpp
-- Installing: /media/subham/85dce0f4-2e29-4540-9a32-801850cfcef6/subham/LidarMapping2.5D/install/fastdem/include/fastdem/config
-- Installing: /media/subham/85dce0f4-2e29-4540-9a32-801850cfcef6/subham/LidarMapping2.5D/install/fastdem/include/fastdem/config/mapping.hpp
-- Installing: /media/subham/85dce0f4-2e29-4540-9a32-801850cfcef6/subham/LidarMapping2.5D/install/fastdem/include/fastdem/config/rasterization.hpp
-- Installing: /media/subham/85dce0f4-2e29-4540-9a32-801850cfcef6/subham/LidarMapping2.5D/install/fastdem/include/fastdem/config/sensor_model.hpp
-- Installing: /media/subham/85dce0f4-2e29-4540-9a32-801850cfcef6/subham/LidarMapping2.5D/install/fastdem/include/fastdem/config/postprocess.hpp
-- Installing: /media/subham/85dce0f4-2e29-4540-9a32-801850cfcef6/subham/LidarMapping2.5D/install/fastdem/include/fastdem/config/fastdem.hpp
-- Installing: /media/subham/85dce0f4-2e29-4540-9a32-801850cfcef6/subham/LidarMapping2.5D/install/fastdem/include/fastdem/elevation_map.hpp
-- Installing: /media/subham/85dce0f4-2e29-4540-9a32-801850cfcef6/subham/LidarMapping2.5D/install/fastdem/include/fastdem/sensors
-- Installing: /media/subham/85dce0f4-2e29-4540-9a32-801850cfcef6/subham/LidarMapping2.5D/install/fastdem/include/fastdem/sensors/rgbd_model.hpp
-- Installing: /media/subham/85dce0f4-2e29-4540-9a32-801850cfcef6/subham/LidarMapping2.5D/install/fastdem/include/fastdem/sensors/sensor_model.hpp
-- Installing: /media/subham/85dce0f4-2e29-4540-9a32-801850cfcef6/subham/LidarMapping2.5D/install/fastdem/include/fastdem/sensors/lidar_model.hpp
-- Installing: /media/subham/85dce0f4-2e29-4540-9a32-801850cfcef6/subham/LidarMapping2.5D/install/fastdem/include/fastdem/bridge
-- Installing: /media/subham/85dce0f4-2e29-4540-9a32-801850cfcef6/subham/LidarMapping2.5D/install/fastdem/include/fastdem/bridge/ros2.hpp
-- Installing: /media/subham/85dce0f4-2e29-4540-9a32-801850cfcef6/subham/LidarMapping2.5D/install/fastdem/include/fastdem/bridge/ros1.hpp
-- Installing: /media/subham/85dce0f4-2e29-4540-9a32-801850cfcef6/subham/LidarMapping2.5D/install/fastdem/include/fastdem/bridge/ros
-- Installing: /media/subham/85dce0f4-2e29-4540-9a32-801850cfcef6/subham/LidarMapping2.5D/install/fastdem/include/fastdem/bridge/ros/impl_visualization.hpp
-- Installing: /media/subham/85dce0f4-2e29-4540-9a32-801850cfcef6/subham/LidarMapping2.5D/install/fastdem/include/fastdem/bridge/ros/impl.hpp
-- Installing: /media/subham/85dce0f4-2e29-4540-9a32-801850cfcef6/subham/LidarMapping2.5D/install/fastdem/include/fastdem/io
-- Installing: /media/subham/85dce0f4-2e29-4540-9a32-801850cfcef6/subham/LidarMapping2.5D/install/fastdem/include/fastdem/io/npz.hpp
-- Installing: /media/subham/85dce0f4-2e29-4540-9a32-801850cfcef6/subham/LidarMapping2.5D/install/fastdem/include/fastdem/io/png.hpp
-- Installing: /media/subham/85dce0f4-2e29-4540-9a32-801850cfcef6/subham/LidarMapping2.5D/install/fastdem/include/fastdem/io/pcd_convert.hpp
-- Installing: /media/subham/85dce0f4-2e29-4540-9a32-801850cfcef6/subham/LidarMapping2.5D/install/fastdem/include/fastdem/mapping
-- Installing: /media/subham/85dce0f4-2e29-4540-9a32-801850cfcef6/subham/LidarMapping2.5D/install/fastdem/include/fastdem/mapping/quantile_estimation.hpp
-- Installing: /media/subham/85dce0f4-2e29-4540-9a32-801850cfcef6/subham/LidarMapping2.5D/install/fastdem/include/fastdem/mapping/kalman_estimation.hpp
-- Installing: /media/subham/85dce0f4-2e29-4540-9a32-801850cfcef6/subham/LidarMapping2.5D/install/fastdem/include/fastdem/mapping/elevation_mapping.hpp
-- Installing: /media/subham/85dce0f4-2e29-4540-9a32-801850cfcef6/subham/LidarMapping2.5D/install/fastdem/include/fastdem/point_types.hpp
-- Installing: /media/subham/85dce0f4-2e29-4540-9a32-801850cfcef6/subham/LidarMapping2.5D/install/fastdem/include/fastdem/transform_interface.hpp
-- Installing: /media/subham/85dce0f4-2e29-4540-9a32-801850cfcef6/subham/LidarMapping2.5D/install/fastdem/include/fastdem/color.hpp
-- Installing: /media/subham/85dce0f4-2e29-4540-9a32-801850cfcef6/subham/LidarMapping2.5D/install/fastdem/include/fastdem/fastdem.hpp
-- Up-to-date: /media/subham/85dce0f4-2e29-4540-9a32-801850cfcef6/subham/LidarMapping2.5D/install/fastdem/include
-- Installing: /media/subham/85dce0f4-2e29-4540-9a32-801850cfcef6/subham/LidarMapping2.5D/install/fastdem/include/nanopcl
-- Installing: /media/subham/85dce0f4-2e29-4540-9a32-801850cfcef6/subham/LidarMapping2.5D/install/fastdem/include/nanopcl/search.hpp
-- Installing: /media/subham/85dce0f4-2e29-4540-9a32-801850cfcef6/subham/LidarMapping2.5D/install/fastdem/include/nanopcl/filters.hpp
-- Installing: /media/subham/85dce0f4-2e29-4540-9a32-801850cfcef6/subham/LidarMapping2.5D/install/fastdem/include/nanopcl/core
-- Installing: /media/subham/85dce0f4-2e29-4540-9a32-801850cfcef6/subham/LidarMapping2.5D/install/fastdem/include/nanopcl/core/span.hpp
-- Installing: /media/subham/85dce0f4-2e29-4540-9a32-801850cfcef6/subham/LidarMapping2.5D/install/fastdem/include/nanopcl/core/impl
-- Installing: /media/subham/85dce0f4-2e29-4540-9a32-801850cfcef6/subham/LidarMapping2.5D/install/fastdem/include/nanopcl/core/impl/point_cloud_v3_impl.hpp
-- Installing: /media/subham/85dce0f4-2e29-4540-9a32-801850cfcef6/subham/LidarMapping2.5D/install/fastdem/include/nanopcl/core/impl/point_cloud_impl.hpp
-- Installing: /media/subham/85dce0f4-2e29-4540-9a32-801850cfcef6/subham/LidarMapping2.5D/install/fastdem/include/nanopcl/core/voxel.hpp
-- Installing: /media/subham/85dce0f4-2e29-4540-9a32-801850cfcef6/subham/LidarMapping2.5D/install/fastdem/include/nanopcl/core/point_cloud.hpp
-- Installing: /media/subham/85dce0f4-2e29-4540-9a32-801850cfcef6/subham/LidarMapping2.5D/install/fastdem/include/nanopcl/core/transform.hpp
-- Installing: /media/subham/85dce0f4-2e29-4540-9a32-801850cfcef6/subham/LidarMapping2.5D/install/fastdem/include/nanopcl/core/lie.hpp
-- Installing: /media/subham/85dce0f4-2e29-4540-9a32-801850cfcef6/subham/LidarMapping2.5D/install/fastdem/include/nanopcl/core/math.hpp
-- Installing: /media/subham/85dce0f4-2e29-4540-9a32-801850cfcef6/subham/LidarMapping2.5D/install/fastdem/include/nanopcl/core/types.hpp
-- Installing: /media/subham/85dce0f4-2e29-4540-9a32-801850cfcef6/subham/LidarMapping2.5D/install/fastdem/include/nanopcl/filters
-- Installing: /media/subham/85dce0f4-2e29-4540-9a32-801850cfcef6/subham/LidarMapping2.5D/install/fastdem/include/nanopcl/filters/impl
-- Installing: /media/subham/85dce0f4-2e29-4540-9a32-801850cfcef6/subham/LidarMapping2.5D/install/fastdem/include/nanopcl/filters/impl/outlier_removal_impl.hpp
-- Installing: /media/subham/85dce0f4-2e29-4540-9a32-801850cfcef6/subham/LidarMapping2.5D/install/fastdem/include/nanopcl/filters/impl/voxel_grid_impl.hpp
-- Installing: /media/subham/85dce0f4-2e29-4540-9a32-801850cfcef6/subham/LidarMapping2.5D/install/fastdem/include/nanopcl/filters/impl/crop_impl.hpp
-- Installing: /media/subham/85dce0f4-2e29-4540-9a32-801850cfcef6/subham/LidarMapping2.5D/install/fastdem/include/nanopcl/filters/impl/deskew_impl.hpp
-- Installing: /media/subham/85dce0f4-2e29-4540-9a32-801850cfcef6/subham/LidarMapping2.5D/install/fastdem/include/nanopcl/filters/impl/grid_max_z_impl.hpp
-- Installing: /media/subham/85dce0f4-2e29-4540-9a32-801850cfcef6/subham/LidarMapping2.5D/install/fastdem/include/nanopcl/filters/crop.hpp
-- Installing: /media/subham/85dce0f4-2e29-4540-9a32-801850cfcef6/subham/LidarMapping2.5D/install/fastdem/include/nanopcl/filters/outlier_removal.hpp
-- Installing: /media/subham/85dce0f4-2e29-4540-9a32-801850cfcef6/subham/LidarMapping2.5D/install/fastdem/include/nanopcl/filters/deskew.hpp
-- Installing: /media/subham/85dce0f4-2e29-4540-9a32-801850cfcef6/subham/LidarMapping2.5D/install/fastdem/include/nanopcl/filters/downsample.hpp
-- Installing: /media/subham/85dce0f4-2e29-4540-9a32-801850cfcef6/subham/LidarMapping2.5D/install/fastdem/include/nanopcl/filters/core.hpp
-- Installing: /media/subham/85dce0f4-2e29-4540-9a32-801850cfcef6/subham/LidarMapping2.5D/install/fastdem/include/nanopcl/geometry.hpp
-- Installing: /media/subham/85dce0f4-2e29-4540-9a32-801850cfcef6/subham/LidarMapping2.5D/install/fastdem/include/nanopcl/bridge
-- Installing: /media/subham/85dce0f4-2e29-4540-9a32-801850cfcef6/subham/LidarMapping2.5D/install/fastdem/include/nanopcl/bridge/rerun
-- Installing: /media/subham/85dce0f4-2e29-4540-9a32-801850cfcef6/subham/LidarMapping2.5D/install/fastdem/include/nanopcl/bridge/rerun/stream.hpp
-- Installing: /media/subham/85dce0f4-2e29-4540-9a32-801850cfcef6/subham/LidarMapping2.5D/install/fastdem/include/nanopcl/bridge/rerun/helpers.hpp
-- Installing: /media/subham/85dce0f4-2e29-4540-9a32-801850cfcef6/subham/LidarMapping2.5D/install/fastdem/include/nanopcl/bridge/rerun/adapters.hpp
-- Installing: /media/subham/85dce0f4-2e29-4540-9a32-801850cfcef6/subham/LidarMapping2.5D/install/fastdem/include/nanopcl/bridge/rerun/color_map.hpp
-- Installing: /media/subham/85dce0f4-2e29-4540-9a32-801850cfcef6/subham/LidarMapping2.5D/install/fastdem/include/nanopcl/bridge/ros2.hpp
-- Installing: /media/subham/85dce0f4-2e29-4540-9a32-801850cfcef6/subham/LidarMapping2.5D/install/fastdem/include/nanopcl/bridge/pcl.hpp
-- Installing: /media/subham/85dce0f4-2e29-4540-9a32-801850cfcef6/subham/LidarMapping2.5D/install/fastdem/include/nanopcl/bridge/rerun.hpp
-- Installing: /media/subham/85dce0f4-2e29-4540-9a32-801850cfcef6/subham/LidarMapping2.5D/install/fastdem/include/nanopcl/bridge/ros1.hpp
-- Installing: /media/subham/85dce0f4-2e29-4540-9a32-801850cfcef6/subham/LidarMapping2.5D/install/fastdem/include/nanopcl/bridge/ros
-- Installing: /media/subham/85dce0f4-2e29-4540-9a32-801850cfcef6/subham/LidarMapping2.5D/install/fastdem/include/nanopcl/bridge/ros/impl.hpp
-- Installing: /media/subham/85dce0f4-2e29-4540-9a32-801850cfcef6/subham/LidarMapping2.5D/install/fastdem/include/nanopcl/io.hpp
-- Installing: /media/subham/85dce0f4-2e29-4540-9a32-801850cfcef6/subham/LidarMapping2.5D/install/fastdem/include/nanopcl/common.hpp
-- Installing: /media/subham/85dce0f4-2e29-4540-9a32-801850cfcef6/subham/LidarMapping2.5D/install/fastdem/include/nanopcl/registration.hpp
-- Installing: /media/subham/85dce0f4-2e29-4540-9a32-801850cfcef6/subham/LidarMapping2.5D/install/fastdem/include/nanopcl/search
-- Installing: /media/subham/85dce0f4-2e29-4540-9a32-801850cfcef6/subham/LidarMapping2.5D/install/fastdem/include/nanopcl/search/impl
-- Installing: /media/subham/85dce0f4-2e29-4540-9a32-801850cfcef6/subham/LidarMapping2.5D/install/fastdem/include/nanopcl/search/impl/kdtree_impl.hpp
-- Installing: /media/subham/85dce0f4-2e29-4540-9a32-801850cfcef6/subham/LidarMapping2.5D/install/fastdem/include/nanopcl/search/impl/voxel_hash_impl.hpp
-- Installing: /media/subham/85dce0f4-2e29-4540-9a32-801850cfcef6/subham/LidarMapping2.5D/install/fastdem/include/nanopcl/search/voxel_hash.hpp
-- Installing: /media/subham/85dce0f4-2e29-4540-9a32-801850cfcef6/subham/LidarMapping2.5D/install/fastdem/include/nanopcl/search/result.hpp
-- Installing: /media/subham/85dce0f4-2e29-4540-9a32-801850cfcef6/subham/LidarMapping2.5D/install/fastdem/include/nanopcl/search/kdtree.hpp
-- Installing: /media/subham/85dce0f4-2e29-4540-9a32-801850cfcef6/subham/LidarMapping2.5D/install/fastdem/include/nanopcl/io
-- Installing: /media/subham/85dce0f4-2e29-4540-9a32-801850cfcef6/subham/LidarMapping2.5D/install/fastdem/include/nanopcl/io/bin_io.hpp
-- Installing: /media/subham/85dce0f4-2e29-4540-9a32-801850cfcef6/subham/LidarMapping2.5D/install/fastdem/include/nanopcl/io/trajectory_io.hpp
-- Installing: /media/subham/85dce0f4-2e29-4540-9a32-801850cfcef6/subham/LidarMapping2.5D/install/fastdem/include/nanopcl/io/pcd_io.hpp
-- Installing: /media/subham/85dce0f4-2e29-4540-9a32-801850cfcef6/subham/LidarMapping2.5D/install/fastdem/include/nanopcl/registration
-- Installing: /media/subham/85dce0f4-2e29-4540-9a32-801850cfcef6/subham/LidarMapping2.5D/install/fastdem/include/nanopcl/registration/align.hpp
-- Installing: /media/subham/85dce0f4-2e29-4540-9a32-801850cfcef6/subham/LidarMapping2.5D/install/fastdem/include/nanopcl/registration/criteria.hpp
-- Installing: /media/subham/85dce0f4-2e29-4540-9a32-801850cfcef6/subham/LidarMapping2.5D/install/fastdem/include/nanopcl/registration/linearizers
-- Installing: /media/subham/85dce0f4-2e29-4540-9a32-801850cfcef6/subham/LidarMapping2.5D/install/fastdem/include/nanopcl/registration/linearizers/linearizer_omp.hpp
-- Installing: /media/subham/85dce0f4-2e29-4540-9a32-801850cfcef6/subham/LidarMapping2.5D/install/fastdem/include/nanopcl/registration/linearizers/linearizer.hpp
-- Installing: /media/subham/85dce0f4-2e29-4540-9a32-801850cfcef6/subham/LidarMapping2.5D/install/fastdem/include/nanopcl/registration/iterative_solver.hpp
-- Installing: /media/subham/85dce0f4-2e29-4540-9a32-801850cfcef6/subham/LidarMapping2.5D/install/fastdem/include/nanopcl/registration/result.hpp
-- Installing: /media/subham/85dce0f4-2e29-4540-9a32-801850cfcef6/subham/LidarMapping2.5D/install/fastdem/include/nanopcl/registration/voxel_distribution_map.hpp
-- Installing: /media/subham/85dce0f4-2e29-4540-9a32-801850cfcef6/subham/LidarMapping2.5D/install/fastdem/include/nanopcl/registration/context.hpp
-- Installing: /media/subham/85dce0f4-2e29-4540-9a32-801850cfcef6/subham/LidarMapping2.5D/install/fastdem/include/nanopcl/registration/correspondence
-- Installing: /media/subham/85dce0f4-2e29-4540-9a32-801850cfcef6/subham/LidarMapping2.5D/install/fastdem/include/nanopcl/registration/correspondence/kdtree_correspondence.hpp
-- Installing: /media/subham/85dce0f4-2e29-4540-9a32-801850cfcef6/subham/LidarMapping2.5D/install/fastdem/include/nanopcl/registration/correspondence/voxel_correspondence.hpp
-- Installing: /media/subham/85dce0f4-2e29-4540-9a32-801850cfcef6/subham/LidarMapping2.5D/install/fastdem/include/nanopcl/registration/factors
-- Installing: /media/subham/85dce0f4-2e29-4540-9a32-801850cfcef6/subham/LidarMapping2.5D/install/fastdem/include/nanopcl/registration/factors/icp_factor.hpp
-- Installing: /media/subham/85dce0f4-2e29-4540-9a32-801850cfcef6/subham/LidarMapping2.5D/install/fastdem/include/nanopcl/registration/factors/robust_kernels.hpp
-- Installing: /media/subham/85dce0f4-2e29-4540-9a32-801850cfcef6/subham/LidarMapping2.5D/install/fastdem/include/nanopcl/registration/factors/vgicp_factor.hpp
-- Installing: /media/subham/85dce0f4-2e29-4540-9a32-801850cfcef6/subham/LidarMapping2.5D/install/fastdem/include/nanopcl/registration/factors/plane_factor.hpp
-- Installing: /media/subham/85dce0f4-2e29-4540-9a32-801850cfcef6/subham/LidarMapping2.5D/install/fastdem/include/nanopcl/registration/factors/gicp_factor.hpp
-- Installing: /media/subham/85dce0f4-2e29-4540-9a32-801850cfcef6/subham/LidarMapping2.5D/install/fastdem/include/nanopcl/registration/optimizers
-- Installing: /media/subham/85dce0f4-2e29-4540-9a32-801850cfcef6/subham/LidarMapping2.5D/install/fastdem/include/nanopcl/registration/optimizers/lm_optimizer.hpp
-- Installing: /media/subham/85dce0f4-2e29-4540-9a32-801850cfcef6/subham/LidarMapping2.5D/install/fastdem/include/nanopcl/registration/optimizers/gn_optimizer.hpp
-- Installing: /media/subham/85dce0f4-2e29-4540-9a32-801850cfcef6/subham/LidarMapping2.5D/install/fastdem/include/nanopcl/segmentation.hpp
-- Installing: /media/subham/85dce0f4-2e29-4540-9a32-801850cfcef6/subham/LidarMapping2.5D/install/fastdem/include/nanopcl/geometry
-- Installing: /media/subham/85dce0f4-2e29-4540-9a32-801850cfcef6/subham/LidarMapping2.5D/install/fastdem/include/nanopcl/geometry/normal_estimation_omp.hpp
-- Installing: /media/subham/85dce0f4-2e29-4540-9a32-801850cfcef6/subham/LidarMapping2.5D/install/fastdem/include/nanopcl/geometry/impl
-- Installing: /media/subham/85dce0f4-2e29-4540-9a32-801850cfcef6/subham/LidarMapping2.5D/install/fastdem/include/nanopcl/geometry/impl/setters.hpp
-- Installing: /media/subham/85dce0f4-2e29-4540-9a32-801850cfcef6/subham/LidarMapping2.5D/install/fastdem/include/nanopcl/geometry/impl/normal_estimation_impl.hpp
-- Installing: /media/subham/85dce0f4-2e29-4540-9a32-801850cfcef6/subham/LidarMapping2.5D/install/fastdem/include/nanopcl/geometry/impl/pca.hpp
-- Installing: /media/subham/85dce0f4-2e29-4540-9a32-801850cfcef6/subham/LidarMapping2.5D/install/fastdem/include/nanopcl/geometry/pca.hpp
-- Installing: /media/subham/85dce0f4-2e29-4540-9a32-801850cfcef6/subham/LidarMapping2.5D/install/fastdem/include/nanopcl/geometry/normal_estimation.hpp
-- Installing: /media/subham/85dce0f4-2e29-4540-9a32-801850cfcef6/subham/LidarMapping2.5D/install/fastdem/include/nanopcl/segmentation
-- Installing: /media/subham/85dce0f4-2e29-4540-9a32-801850cfcef6/subham/LidarMapping2.5D/install/fastdem/include/nanopcl/segmentation/euclidean_cluster.hpp
-- Installing: /media/subham/85dce0f4-2e29-4540-9a32-801850cfcef6/subham/LidarMapping2.5D/install/fastdem/include/nanopcl/segmentation/impl
-- Installing: /media/subham/85dce0f4-2e29-4540-9a32-801850cfcef6/subham/LidarMapping2.5D/install/fastdem/include/nanopcl/segmentation/impl/ground_seg_impl.hpp
-- Installing: /media/subham/85dce0f4-2e29-4540-9a32-801850cfcef6/subham/LidarMapping2.5D/install/fastdem/include/nanopcl/segmentation/impl/ransac_plane_impl.hpp
-- Installing: /media/subham/85dce0f4-2e29-4540-9a32-801850cfcef6/subham/LidarMapping2.5D/install/fastdem/include/nanopcl/segmentation/impl/euclidean_cluster_impl.hpp
-- Installing: /media/subham/85dce0f4-2e29-4540-9a32-801850cfcef6/subham/LidarMapping2.5D/install/fastdem/include/nanopcl/segmentation/ransac_plane.hpp
-- Installing: /media/subham/85dce0f4-2e29-4540-9a32-801850cfcef6/subham/LidarMapping2.5D/install/fastdem/include/nanopcl/segmentation/ground_seg.hpp
-- Installing: /media/subham/85dce0f4-2e29-4540-9a32-801850cfcef6/subham/LidarMapping2.5D/install/fastdem/include/nanopcl/core.hpp
-- Up-to-date: /media/subham/85dce0f4-2e29-4540-9a32-801850cfcef6/subham/LidarMapping2.5D/install/fastdem/include
-- Installing: /media/subham/85dce0f4-2e29-4540-9a32-801850cfcef6/subham/LidarMapping2.5D/install/fastdem/include/nanoflann
-- Installing: /media/subham/85dce0f4-2e29-4540-9a32-801850cfcef6/subham/LidarMapping2.5D/install/fastdem/include/nanoflann/nanoflann.hpp
-- Installing: /media/subham/85dce0f4-2e29-4540-9a32-801850cfcef6/subham/LidarMapping2.5D/install/fastdem/include/nanoflann/LICENSE
-- Installing: /media/subham/85dce0f4-2e29-4540-9a32-801850cfcef6/subham/LidarMapping2.5D/install/fastdem/lib/cmake/fastdem/fastdemTargets.cmake
-- Installing: /media/subham/85dce0f4-2e29-4540-9a32-801850cfcef6/subham/LidarMapping2.5D/install/fastdem/lib/cmake/fastdem/fastdemTargets-release.cmake
-- Installing: /media/subham/85dce0f4-2e29-4540-9a32-801850cfcef6/subham/LidarMapping2.5D/install/fastdem/lib/cmake/fastdem/fastdemConfig.cmake
-- Installing: /media/subham/85dce0f4-2e29-4540-9a32-801850cfcef6/subham/LidarMapping2.5D/install/fastdem/lib/cmake/fastdem/fastdemConfigVersion.cmake
