[0.046s] Invoking command in '/media/subham/85dce0f4-2e29-4540-9a32-801850cfcef6/subham/LidarMapping2.5D/build/fastdem': CMAKE_PREFIX_PATH=${CMAKE_PREFIX_PATH}:/home/subham/omokai_ws/install/llm_navigation:/home/subham/Edge_AI_for_ADAS_and_Autonomous_Systems/install/adas_perception:/home/subham/Edge_AI_for_ADAS_and_Autonomous_Systems/install/adas_navigation:/home/subham/rover_ws/install/rover_navigation:/home/subham/anvrit_ws/install/anvrit_perception:/home/subham/anvrit_ws/install/anvrit_odometry:/home/subham/anvrit_ws/install/anvrit_nav2:/home/subham/igvc/install/igvc_perception:/home/subham/igvc/install/igvc_navigation:/home/subham/colcon_ws/install/ros2ai:/opt/ros/humble /usr/bin/cmake /media/subham/85dce0f4-2e29-4540-9a32-801850cfcef6/subham/LidarMapping2.5D/src/FastDEM/fastdem -DCMAKE_INSTALL_PREFIX=/media/subham/85dce0f4-2e29-4540-9a32-801850cfcef6/subham/LidarMapping2.5D/install/fastdem
[0.248s] -- The C compiler identification is GNU 11.4.0
[0.410s] -- The CXX compiler identification is GNU 11.4.0
[0.432s] -- Detecting C compiler ABI info
[0.638s] -- Detecting C compiler ABI info - done
[0.657s] -- Check for working C compiler: /usr/bin/cc - skipped
[0.659s] -- Detecting C compile features
[0.660s] -- Detecting C compile features - done
[0.668s] -- Detecting CXX compiler ABI info
[0.911s] -- Detecting CXX compiler ABI info - done
[0.931s] -- Check for working CXX compiler: /usr/bin/c++ - skipped
[0.931s] -- Detecting CXX compile features
[0.933s] -- Detecting CXX compile features - done
[1.023s] -- Looking for pthread.h
[1.242s] -- Looking for pthread.h - found
[1.242s] -- Performing Test CMAKE_HAVE_LIBC_PTHREAD
[1.455s] -- Performing Test CMAKE_HAVE_LIBC_PTHREAD - Success
[1.457s] -- Found Threads: TRUE  
[6.839s] -- Found OpenMP_C: -fopenmp (found version "4.5") 
[7.088s] -- Found OpenMP_CXX: -fopenmp (found version "4.5") 
[7.089s] -- Found OpenMP: TRUE (found version "4.5")  
[7.089s] -- OpenMP enabled
[7.102s] -- Configuring done
[7.125s] -- Generating done
[7.132s] -- Build files have been written to: /media/subham/85dce0f4-2e29-4540-9a32-801850cfcef6/subham/LidarMapping2.5D/build/fastdem
[7.150s] Invoked command in '/media/subham/85dce0f4-2e29-4540-9a32-801850cfcef6/subham/LidarMapping2.5D/build/fastdem' returned '0': CMAKE_PREFIX_PATH=${CMAKE_PREFIX_PATH}:/home/subham/omokai_ws/install/llm_navigation:/home/subham/Edge_AI_for_ADAS_and_Autonomous_Systems/install/adas_perception:/home/subham/Edge_AI_for_ADAS_and_Autonomous_Systems/install/adas_navigation:/home/subham/rover_ws/install/rover_navigation:/home/subham/anvrit_ws/install/anvrit_perception:/home/subham/anvrit_ws/install/anvrit_odometry:/home/subham/anvrit_ws/install/anvrit_nav2:/home/subham/igvc/install/igvc_perception:/home/subham/igvc/install/igvc_navigation:/home/subham/colcon_ws/install/ros2ai:/opt/ros/humble /usr/bin/cmake /media/subham/85dce0f4-2e29-4540-9a32-801850cfcef6/subham/LidarMapping2.5D/src/FastDEM/fastdem -DCMAKE_INSTALL_PREFIX=/media/subham/85dce0f4-2e29-4540-9a32-801850cfcef6/subham/LidarMapping2.5D/install/fastdem
[7.155s] Invoking command in '/media/subham/85dce0f4-2e29-4540-9a32-801850cfcef6/subham/LidarMapping2.5D/build/fastdem': CMAKE_PREFIX_PATH=${CMAKE_PREFIX_PATH}:/home/subham/omokai_ws/install/llm_navigation:/home/subham/Edge_AI_for_ADAS_and_Autonomous_Systems/install/adas_perception:/home/subham/Edge_AI_for_ADAS_and_Autonomous_Systems/install/adas_navigation:/home/subham/rover_ws/install/rover_navigation:/home/subham/anvrit_ws/install/anvrit_perception:/home/subham/anvrit_ws/install/anvrit_odometry:/home/subham/anvrit_ws/install/anvrit_nav2:/home/subham/igvc/install/igvc_perception:/home/subham/igvc/install/igvc_navigation:/home/subham/colcon_ws/install/ros2ai:/opt/ros/humble /usr/bin/cmake --build /media/subham/85dce0f4-2e29-4540-9a32-801850cfcef6/subham/LidarMapping2.5D/build/fastdem
[7.299s] [  5%] [32mBuilding CXX object _deps/nanogrid-build/CMakeFiles/nanoGrid.dir/src/GridMap.cpp.o[0m
[13.420s] [ 11%] [32mBuilding CXX object _deps/nanogrid-build/CMakeFiles/nanoGrid.dir/src/GridMapMath.cpp.o[0m
[15.429s] [ 17%] [32mBuilding CXX object _deps/nanogrid-build/CMakeFiles/nanoGrid.dir/src/BufferRegion.cpp.o[0m
[16.254s] [ 23%] [32m[1mLinking CXX static library libnanoGrid.a[0m
[16.308s] [ 23%] Built target nanoGrid
[16.336s] [ 29%] [32mBuilding CXX object CMakeFiles/fastdem.dir/src/config_fastdem.cpp.o[0m
[19.909s] [ 35%] [32mBuilding CXX object CMakeFiles/fastdem.dir/src/config_postprocess.cpp.o[0m
[22.806s] [ 41%] [32mBuilding CXX object CMakeFiles/fastdem.dir/src/elevation_mapping.cpp.o[0m
[24.795s] [ 47%] [32mBuilding CXX object CMakeFiles/fastdem.dir/src/fastdem.cpp.o[0m
[26.159s] In file included from [01m[K/media/subham/85dce0f4-2e29-4540-9a32-801850cfcef6/subham/LidarMapping2.5D/src/FastDEM/fastdem/lib/nanoPCL/include/nanopcl/filters/downsample.hpp:35[m[K,
[26.159s]                  from [01m[K/media/subham/85dce0f4-2e29-4540-9a32-801850cfcef6/subham/LidarMapping2.5D/src/FastDEM/fastdem/src/fastdem.cpp:11[m[K:
[26.159s] [01m[K/media/subham/85dce0f4-2e29-4540-9a32-801850cfcef6/subham/LidarMapping2.5D/src/FastDEM/fastdem/lib/nanoPCL/include/nanopcl/filters/impl/voxel_grid_impl.hpp:[m[K In function ‘[01m[Knanopcl::PointCloud nanopcl::filters::voxelGrid(nanopcl::PointCloud&&, float, nanopcl::filters::VoxelMode)[m[K’:
[26.159s] [01m[K/media/subham/85dce0f4-2e29-4540-9a32-801850cfcef6/subham/LidarMapping2.5D/src/FastDEM/fastdem/lib/nanoPCL/include/nanopcl/filters/impl/voxel_grid_impl.hpp:235:19:[m[K [01;35m[Kwarning: [m[Kmoving a local object in a return statement prevents copy elision [[01;35m[K]8;;https://gcc.gnu.org/onlinedocs/gcc/Warning-Options.html#index-Wpessimizing-move-Wpessimizing-move]8;;[m[K]
[26.159s]   235 |   return [01;35m[Kstd::move(result)[m[K;
[26.159s]       |          [01;35m[K~~~~~~~~~^~~~~~~~[m[K
[26.159s] [01m[K/media/subham/85dce0f4-2e29-4540-9a32-801850cfcef6/subham/LidarMapping2.5D/src/FastDEM/fastdem/lib/nanoPCL/include/nanopcl/filters/impl/voxel_grid_impl.hpp:235:19:[m[K [01;36m[Knote: [m[Kremove ‘[01m[Kstd::move[m[K’ call
[30.598s] [ 52%] [32mBuilding CXX object CMakeFiles/fastdem.dir/src/feature_extraction.cpp.o[0m
[32.857s] [ 58%] [32mBuilding CXX object CMakeFiles/fastdem.dir/src/inpainting.cpp.o[0m
[34.084s] [ 64%] [32mBuilding CXX object CMakeFiles/fastdem.dir/src/io_npz.cpp.o[0m
[37.847s] [ 70%] [32mBuilding CXX object CMakeFiles/fastdem.dir/src/io_png.cpp.o[0m
[42.245s] [ 76%] [32mBuilding CXX object CMakeFiles/fastdem.dir/src/pcd_convert.cpp.o[0m
[46.039s] [ 82%] [32mBuilding CXX object CMakeFiles/fastdem.dir/src/raycasting.cpp.o[0m
[47.755s] [ 88%] [32mBuilding CXX object CMakeFiles/fastdem.dir/src/sensor_model.cpp.o[0m
[51.401s] [ 94%] [32mBuilding CXX object CMakeFiles/fastdem.dir/src/uncertainty_fusion.cpp.o[0m
[52.942s] [100%] [32m[1mLinking CXX static library libfastdem.a[0m
[53.010s] [100%] Built target fastdem
[53.028s] Invoked command in '/media/subham/85dce0f4-2e29-4540-9a32-801850cfcef6/subham/LidarMapping2.5D/build/fastdem' returned '0': CMAKE_PREFIX_PATH=${CMAKE_PREFIX_PATH}:/home/subham/omokai_ws/install/llm_navigation:/home/subham/Edge_AI_for_ADAS_and_Autonomous_Systems/install/adas_perception:/home/subham/Edge_AI_for_ADAS_and_Autonomous_Systems/install/adas_navigation:/home/subham/rover_ws/install/rover_navigation:/home/subham/anvrit_ws/install/anvrit_perception:/home/subham/anvrit_ws/install/anvrit_odometry:/home/subham/anvrit_ws/install/anvrit_nav2:/home/subham/igvc/install/igvc_perception:/home/subham/igvc/install/igvc_navigation:/home/subham/colcon_ws/install/ros2ai:/opt/ros/humble /usr/bin/cmake --build /media/subham/85dce0f4-2e29-4540-9a32-801850cfcef6/subham/LidarMapping2.5D/build/fastdem
[53.042s] Invoking command in '/media/subham/85dce0f4-2e29-4540-9a32-801850cfcef6/subham/LidarMapping2.5D/build/fastdem': CMAKE_PREFIX_PATH=${CMAKE_PREFIX_PATH}:/home/subham/omokai_ws/install/llm_navigation:/home/subham/Edge_AI_for_ADAS_and_Autonomous_Systems/install/adas_perception:/home/subham/Edge_AI_for_ADAS_and_Autonomous_Systems/install/adas_navigation:/home/subham/rover_ws/install/rover_navigation:/home/subham/anvrit_ws/install/anvrit_perception:/home/subham/anvrit_ws/install/anvrit_odometry:/home/subham/anvrit_ws/install/anvrit_nav2:/home/subham/igvc/install/igvc_perception:/home/subham/igvc/install/igvc_navigation:/home/subham/colcon_ws/install/ros2ai:/opt/ros/humble /usr/bin/cmake --install /media/subham/85dce0f4-2e29-4540-9a32-801850cfcef6/subham/LidarMapping2.5D/build/fastdem
[53.050s] -- Install configuration: "Release"
[53.050s] -- Installing: /media/subham/85dce0f4-2e29-4540-9a32-801850cfcef6/subham/LidarMapping2.5D/install/fastdem/lib/libfastdem.a
[53.052s] -- Installing: /media/subham/85dce0f4-2e29-4540-9a32-801850cfcef6/subham/LidarMapping2.5D/install/fastdem/lib/libnanoGrid.a
[53.052s] -- Installing: /media/subham/85dce0f4-2e29-4540-9a32-801850cfcef6/subham/LidarMapping2.5D/install/fastdem/include
[53.053s] -- Installing: /media/subham/85dce0f4-2e29-4540-9a32-801850cfcef6/subham/LidarMapping2.5D/install/fastdem/include/nanogrid
[53.053s] -- Installing: /media/subham/85dce0f4-2e29-4540-9a32-801850cfcef6/subham/LidarMapping2.5D/install/fastdem/include/nanogrid/IndexHash.hpp
[53.053s] -- Installing: /media/subham/85dce0f4-2e29-4540-9a32-801850cfcef6/subham/LidarMapping2.5D/install/fastdem/include/nanogrid/TypeDefs.hpp
[53.053s] -- Installing: /media/subham/85dce0f4-2e29-4540-9a32-801850cfcef6/subham/LidarMapping2.5D/install/fastdem/include/nanogrid/NanOps.hpp
[53.053s] -- Installing: /media/subham/85dce0f4-2e29-4540-9a32-801850cfcef6/subham/LidarMapping2.5D/install/fastdem/include/nanogrid/bridge
[53.053s] -- Installing: /media/subham/85dce0f4-2e29-4540-9a32-801850cfcef6/subham/LidarMapping2.5D/install/fastdem/include/nanogrid/bridge/ros2.hpp
[53.053s] -- Installing: /media/subham/85dce0f4-2e29-4540-9a32-801850cfcef6/subham/LidarMapping2.5D/install/fastdem/include/nanogrid/bridge/ros1.hpp
[53.053s] -- Installing: /media/subham/85dce0f4-2e29-4540-9a32-801850cfcef6/subham/LidarMapping2.5D/install/fastdem/include/nanogrid/bridge/ros
[53.053s] -- Installing: /media/subham/85dce0f4-2e29-4540-9a32-801850cfcef6/subham/LidarMapping2.5D/install/fastdem/include/nanogrid/bridge/ros/impl.hpp
[53.054s] -- Installing: /media/subham/85dce0f4-2e29-4540-9a32-801850cfcef6/subham/LidarMapping2.5D/install/fastdem/include/nanogrid/nanogrid.hpp
[53.054s] -- Installing: /media/subham/85dce0f4-2e29-4540-9a32-801850cfcef6/subham/LidarMapping2.5D/install/fastdem/include/nanogrid/detail
[53.054s] -- Installing: /media/subham/85dce0f4-2e29-4540-9a32-801850cfcef6/subham/LidarMapping2.5D/install/fastdem/include/nanogrid/detail/BufferRegion.hpp
[53.054s] -- Installing: /media/subham/85dce0f4-2e29-4540-9a32-801850cfcef6/subham/LidarMapping2.5D/install/fastdem/include/nanogrid/detail/GridMapMath.hpp
[53.054s] -- Installing: /media/subham/85dce0f4-2e29-4540-9a32-801850cfcef6/subham/LidarMapping2.5D/install/fastdem/include/nanogrid/GridMap.hpp
[53.054s] -- Up-to-date: /media/subham/85dce0f4-2e29-4540-9a32-801850cfcef6/subham/LidarMapping2.5D/install/fastdem/include
[53.054s] -- Installing: /media/subham/85dce0f4-2e29-4540-9a32-801850cfcef6/subham/LidarMapping2.5D/install/fastdem/include/fastdem
[53.055s] -- Installing: /media/subham/85dce0f4-2e29-4540-9a32-801850cfcef6/subham/LidarMapping2.5D/install/fastdem/include/fastdem/postprocess
[53.055s] -- Installing: /media/subham/85dce0f4-2e29-4540-9a32-801850cfcef6/subham/LidarMapping2.5D/install/fastdem/include/fastdem/postprocess/spatial_smoothing.hpp
[53.055s] -- Installing: /media/subham/85dce0f4-2e29-4540-9a32-801850cfcef6/subham/LidarMapping2.5D/install/fastdem/include/fastdem/postprocess/inpainting.hpp
[53.055s] -- Installing: /media/subham/85dce0f4-2e29-4540-9a32-801850cfcef6/subham/LidarMapping2.5D/install/fastdem/include/fastdem/postprocess/raycasting.hpp
[53.055s] -- Installing: /media/subham/85dce0f4-2e29-4540-9a32-801850cfcef6/subham/LidarMapping2.5D/install/fastdem/include/fastdem/postprocess/uncertainty_fusion.hpp
[53.056s] -- Installing: /media/subham/85dce0f4-2e29-4540-9a32-801850cfcef6/subham/LidarMapping2.5D/install/fastdem/include/fastdem/postprocess/feature_extraction.hpp
[53.056s] -- Installing: /media/subham/85dce0f4-2e29-4540-9a32-801850cfcef6/subham/LidarMapping2.5D/install/fastdem/include/fastdem/config
[53.056s] -- Installing: /media/subham/85dce0f4-2e29-4540-9a32-801850cfcef6/subham/LidarMapping2.5D/install/fastdem/include/fastdem/config/mapping.hpp
[53.056s] -- Installing: /media/subham/85dce0f4-2e29-4540-9a32-801850cfcef6/subham/LidarMapping2.5D/install/fastdem/include/fastdem/config/rasterization.hpp
[53.056s] -- Installing: /media/subham/85dce0f4-2e29-4540-9a32-801850cfcef6/subham/LidarMapping2.5D/install/fastdem/include/fastdem/config/sensor_model.hpp
[53.056s] -- Installing: /media/subham/85dce0f4-2e29-4540-9a32-801850cfcef6/subham/LidarMapping2.5D/install/fastdem/include/fastdem/config/postprocess.hpp
[53.057s] -- Installing: /media/subham/85dce0f4-2e29-4540-9a32-801850cfcef6/subham/LidarMapping2.5D/install/fastdem/include/fastdem/config/fastdem.hpp
[53.057s] -- Installing: /media/subham/85dce0f4-2e29-4540-9a32-801850cfcef6/subham/LidarMapping2.5D/install/fastdem/include/fastdem/elevation_map.hpp
[53.057s] -- Installing: /media/subham/85dce0f4-2e29-4540-9a32-801850cfcef6/subham/LidarMapping2.5D/install/fastdem/include/fastdem/sensors
[53.057s] -- Installing: /media/subham/85dce0f4-2e29-4540-9a32-801850cfcef6/subham/LidarMapping2.5D/install/fastdem/include/fastdem/sensors/rgbd_model.hpp
[53.057s] -- Installing: /media/subham/85dce0f4-2e29-4540-9a32-801850cfcef6/subham/LidarMapping2.5D/install/fastdem/include/fastdem/sensors/sensor_model.hpp
[53.057s] -- Installing: /media/subham/85dce0f4-2e29-4540-9a32-801850cfcef6/subham/LidarMapping2.5D/install/fastdem/include/fastdem/sensors/lidar_model.hpp
[53.057s] -- Installing: /media/subham/85dce0f4-2e29-4540-9a32-801850cfcef6/subham/LidarMapping2.5D/install/fastdem/include/fastdem/bridge
[53.058s] -- Installing: /media/subham/85dce0f4-2e29-4540-9a32-801850cfcef6/subham/LidarMapping2.5D/install/fastdem/include/fastdem/bridge/ros2.hpp
[53.058s] -- Installing: /media/subham/85dce0f4-2e29-4540-9a32-801850cfcef6/subham/LidarMapping2.5D/install/fastdem/include/fastdem/bridge/ros1.hpp
[53.058s] -- Installing: /media/subham/85dce0f4-2e29-4540-9a32-801850cfcef6/subham/LidarMapping2.5D/install/fastdem/include/fastdem/bridge/ros
[53.058s] -- Installing: /media/subham/85dce0f4-2e29-4540-9a32-801850cfcef6/subham/LidarMapping2.5D/install/fastdem/include/fastdem/bridge/ros/impl_visualization.hpp
[53.059s] -- Installing: /media/subham/85dce0f4-2e29-4540-9a32-801850cfcef6/subham/LidarMapping2.5D/install/fastdem/include/fastdem/bridge/ros/impl.hpp
[53.059s] -- Installing: /media/subham/85dce0f4-2e29-4540-9a32-801850cfcef6/subham/LidarMapping2.5D/install/fastdem/include/fastdem/io
[53.059s] -- Installing: /media/subham/85dce0f4-2e29-4540-9a32-801850cfcef6/subham/LidarMapping2.5D/install/fastdem/include/fastdem/io/npz.hpp
[53.059s] -- Installing: /media/subham/85dce0f4-2e29-4540-9a32-801850cfcef6/subham/LidarMapping2.5D/install/fastdem/include/fastdem/io/png.hpp
[53.059s] -- Installing: /media/subham/85dce0f4-2e29-4540-9a32-801850cfcef6/subham/LidarMapping2.5D/install/fastdem/include/fastdem/io/pcd_convert.hpp
[53.059s] -- Installing: /media/subham/85dce0f4-2e29-4540-9a32-801850cfcef6/subham/LidarMapping2.5D/install/fastdem/include/fastdem/mapping
[53.060s] -- Installing: /media/subham/85dce0f4-2e29-4540-9a32-801850cfcef6/subham/LidarMapping2.5D/install/fastdem/include/fastdem/mapping/quantile_estimation.hpp
[53.060s] -- Installing: /media/subham/85dce0f4-2e29-4540-9a32-801850cfcef6/subham/LidarMapping2.5D/install/fastdem/include/fastdem/mapping/kalman_estimation.hpp
[53.060s] -- Installing: /media/subham/85dce0f4-2e29-4540-9a32-801850cfcef6/subham/LidarMapping2.5D/install/fastdem/include/fastdem/mapping/elevation_mapping.hpp
[53.060s] -- Installing: /media/subham/85dce0f4-2e29-4540-9a32-801850cfcef6/subham/LidarMapping2.5D/install/fastdem/include/fastdem/point_types.hpp
[53.060s] -- Installing: /media/subham/85dce0f4-2e29-4540-9a32-801850cfcef6/subham/LidarMapping2.5D/install/fastdem/include/fastdem/transform_interface.hpp
[53.060s] -- Installing: /media/subham/85dce0f4-2e29-4540-9a32-801850cfcef6/subham/LidarMapping2.5D/install/fastdem/include/fastdem/color.hpp
[53.060s] -- Installing: /media/subham/85dce0f4-2e29-4540-9a32-801850cfcef6/subham/LidarMapping2.5D/install/fastdem/include/fastdem/fastdem.hpp
[53.061s] -- Up-to-date: /media/subham/85dce0f4-2e29-4540-9a32-801850cfcef6/subham/LidarMapping2.5D/install/fastdem/include
[53.061s] -- Installing: /media/subham/85dce0f4-2e29-4540-9a32-801850cfcef6/subham/LidarMapping2.5D/install/fastdem/include/nanopcl
[53.061s] -- Installing: /media/subham/85dce0f4-2e29-4540-9a32-801850cfcef6/subham/LidarMapping2.5D/install/fastdem/include/nanopcl/search.hpp
[53.061s] -- Installing: /media/subham/85dce0f4-2e29-4540-9a32-801850cfcef6/subham/LidarMapping2.5D/install/fastdem/include/nanopcl/filters.hpp
[53.062s] -- Installing: /media/subham/85dce0f4-2e29-4540-9a32-801850cfcef6/subham/LidarMapping2.5D/install/fastdem/include/nanopcl/core
[53.062s] -- Installing: /media/subham/85dce0f4-2e29-4540-9a32-801850cfcef6/subham/LidarMapping2.5D/install/fastdem/include/nanopcl/core/span.hpp
[53.062s] -- Installing: /media/subham/85dce0f4-2e29-4540-9a32-801850cfcef6/subham/LidarMapping2.5D/install/fastdem/include/nanopcl/core/impl
[53.062s] -- Installing: /media/subham/85dce0f4-2e29-4540-9a32-801850cfcef6/subham/LidarMapping2.5D/install/fastdem/include/nanopcl/core/impl/point_cloud_v3_impl.hpp
[53.063s] -- Installing: /media/subham/85dce0f4-2e29-4540-9a32-801850cfcef6/subham/LidarMapping2.5D/install/fastdem/include/nanopcl/core/impl/point_cloud_impl.hpp
[53.063s] -- Installing: /media/subham/85dce0f4-2e29-4540-9a32-801850cfcef6/subham/LidarMapping2.5D/install/fastdem/include/nanopcl/core/voxel.hpp
[53.063s] -- Installing: /media/subham/85dce0f4-2e29-4540-9a32-801850cfcef6/subham/LidarMapping2.5D/install/fastdem/include/nanopcl/core/point_cloud.hpp
[53.063s] -- Installing: /media/subham/85dce0f4-2e29-4540-9a32-801850cfcef6/subham/LidarMapping2.5D/install/fastdem/include/nanopcl/core/transform.hpp
[53.063s] -- Installing: /media/subham/85dce0f4-2e29-4540-9a32-801850cfcef6/subham/LidarMapping2.5D/install/fastdem/include/nanopcl/core/lie.hpp
[53.063s] -- Installing: /media/subham/85dce0f4-2e29-4540-9a32-801850cfcef6/subham/LidarMapping2.5D/install/fastdem/include/nanopcl/core/math.hpp
[53.063s] -- Installing: /media/subham/85dce0f4-2e29-4540-9a32-801850cfcef6/subham/LidarMapping2.5D/install/fastdem/include/nanopcl/core/types.hpp
[53.064s] -- Installing: /media/subham/85dce0f4-2e29-4540-9a32-801850cfcef6/subham/LidarMapping2.5D/install/fastdem/include/nanopcl/filters
[53.064s] -- Installing: /media/subham/85dce0f4-2e29-4540-9a32-801850cfcef6/subham/LidarMapping2.5D/install/fastdem/include/nanopcl/filters/impl
[53.064s] -- Installing: /media/subham/85dce0f4-2e29-4540-9a32-801850cfcef6/subham/LidarMapping2.5D/install/fastdem/include/nanopcl/filters/impl/outlier_removal_impl.hpp
[53.064s] -- Installing: /media/subham/85dce0f4-2e29-4540-9a32-801850cfcef6/subham/LidarMapping2.5D/install/fastdem/include/nanopcl/filters/impl/voxel_grid_impl.hpp
[53.064s] -- Installing: /media/subham/85dce0f4-2e29-4540-9a32-801850cfcef6/subham/LidarMapping2.5D/install/fastdem/include/nanopcl/filters/impl/crop_impl.hpp
[53.064s] -- Installing: /media/subham/85dce0f4-2e29-4540-9a32-801850cfcef6/subham/LidarMapping2.5D/install/fastdem/include/nanopcl/filters/impl/deskew_impl.hpp
[53.064s] -- Installing: /media/subham/85dce0f4-2e29-4540-9a32-801850cfcef6/subham/LidarMapping2.5D/install/fastdem/include/nanopcl/filters/impl/grid_max_z_impl.hpp
[53.064s] -- Installing: /media/subham/85dce0f4-2e29-4540-9a32-801850cfcef6/subham/LidarMapping2.5D/install/fastdem/include/nanopcl/filters/crop.hpp
[53.065s] -- Installing: /media/subham/85dce0f4-2e29-4540-9a32-801850cfcef6/subham/LidarMapping2.5D/install/fastdem/include/nanopcl/filters/outlier_removal.hpp
[53.065s] -- Installing: /media/subham/85dce0f4-2e29-4540-9a32-801850cfcef6/subham/LidarMapping2.5D/install/fastdem/include/nanopcl/filters/deskew.hpp
[53.065s] -- Installing: /media/subham/85dce0f4-2e29-4540-9a32-801850cfcef6/subham/LidarMapping2.5D/install/fastdem/include/nanopcl/filters/downsample.hpp
[53.065s] -- Installing: /media/subham/85dce0f4-2e29-4540-9a32-801850cfcef6/subham/LidarMapping2.5D/install/fastdem/include/nanopcl/filters/core.hpp
[53.065s] -- Installing: /media/subham/85dce0f4-2e29-4540-9a32-801850cfcef6/subham/LidarMapping2.5D/install/fastdem/include/nanopcl/geometry.hpp
[53.065s] -- Installing: /media/subham/85dce0f4-2e29-4540-9a32-801850cfcef6/subham/LidarMapping2.5D/install/fastdem/include/nanopcl/bridge
[53.066s] -- Installing: /media/subham/85dce0f4-2e29-4540-9a32-801850cfcef6/subham/LidarMapping2.5D/install/fastdem/include/nanopcl/bridge/rerun
[53.066s] -- Installing: /media/subham/85dce0f4-2e29-4540-9a32-801850cfcef6/subham/LidarMapping2.5D/install/fastdem/include/nanopcl/bridge/rerun/stream.hpp
[53.066s] -- Installing: /media/subham/85dce0f4-2e29-4540-9a32-801850cfcef6/subham/LidarMapping2.5D/install/fastdem/include/nanopcl/bridge/rerun/helpers.hpp
[53.066s] -- Installing: /media/subham/85dce0f4-2e29-4540-9a32-801850cfcef6/subham/LidarMapping2.5D/install/fastdem/include/nanopcl/bridge/rerun/adapters.hpp
[53.066s] -- Installing: /media/subham/85dce0f4-2e29-4540-9a32-801850cfcef6/subham/LidarMapping2.5D/install/fastdem/include/nanopcl/bridge/rerun/color_map.hpp
[53.067s] -- Installing: /media/subham/85dce0f4-2e29-4540-9a32-801850cfcef6/subham/LidarMapping2.5D/install/fastdem/include/nanopcl/bridge/ros2.hpp
[53.067s] -- Installing: /media/subham/85dce0f4-2e29-4540-9a32-801850cfcef6/subham/LidarMapping2.5D/install/fastdem/include/nanopcl/bridge/pcl.hpp
[53.067s] -- Installing: /media/subham/85dce0f4-2e29-4540-9a32-801850cfcef6/subham/LidarMapping2.5D/install/fastdem/include/nanopcl/bridge/rerun.hpp
[53.067s] -- Installing: /media/subham/85dce0f4-2e29-4540-9a32-801850cfcef6/subham/LidarMapping2.5D/install/fastdem/include/nanopcl/bridge/ros1.hpp
[53.068s] -- Installing: /media/subham/85dce0f4-2e29-4540-9a32-801850cfcef6/subham/LidarMapping2.5D/install/fastdem/include/nanopcl/bridge/ros
[53.068s] -- Installing: /media/subham/85dce0f4-2e29-4540-9a32-801850cfcef6/subham/LidarMapping2.5D/install/fastdem/include/nanopcl/bridge/ros/impl.hpp
[53.068s] -- Installing: /media/subham/85dce0f4-2e29-4540-9a32-801850cfcef6/subham/LidarMapping2.5D/install/fastdem/include/nanopcl/io.hpp
[53.068s] -- Installing: /media/subham/85dce0f4-2e29-4540-9a32-801850cfcef6/subham/LidarMapping2.5D/install/fastdem/include/nanopcl/common.hpp
[53.069s] -- Installing: /media/subham/85dce0f4-2e29-4540-9a32-801850cfcef6/subham/LidarMapping2.5D/install/fastdem/include/nanopcl/registration.hpp
[53.069s] -- Installing: /media/subham/85dce0f4-2e29-4540-9a32-801850cfcef6/subham/LidarMapping2.5D/install/fastdem/include/nanopcl/search
[53.069s] -- Installing: /media/subham/85dce0f4-2e29-4540-9a32-801850cfcef6/subham/LidarMapping2.5D/install/fastdem/include/nanopcl/search/impl
[53.069s] -- Installing: /media/subham/85dce0f4-2e29-4540-9a32-801850cfcef6/subham/LidarMapping2.5D/install/fastdem/include/nanopcl/search/impl/kdtree_impl.hpp
[53.069s] -- Installing: /media/subham/85dce0f4-2e29-4540-9a32-801850cfcef6/subham/LidarMapping2.5D/install/fastdem/include/nanopcl/search/impl/voxel_hash_impl.hpp
[53.069s] -- Installing: /media/subham/85dce0f4-2e29-4540-9a32-801850cfcef6/subham/LidarMapping2.5D/install/fastdem/include/nanopcl/search/voxel_hash.hpp
[53.070s] -- Installing: /media/subham/85dce0f4-2e29-4540-9a32-801850cfcef6/subham/LidarMapping2.5D/install/fastdem/include/nanopcl/search/result.hpp
[53.070s] -- Installing: /media/subham/85dce0f4-2e29-4540-9a32-801850cfcef6/subham/LidarMapping2.5D/install/fastdem/include/nanopcl/search/kdtree.hpp
[53.070s] -- Installing: /media/subham/85dce0f4-2e29-4540-9a32-801850cfcef6/subham/LidarMapping2.5D/install/fastdem/include/nanopcl/io
[53.070s] -- Installing: /media/subham/85dce0f4-2e29-4540-9a32-801850cfcef6/subham/LidarMapping2.5D/install/fastdem/include/nanopcl/io/bin_io.hpp
[53.070s] -- Installing: /media/subham/85dce0f4-2e29-4540-9a32-801850cfcef6/subham/LidarMapping2.5D/install/fastdem/include/nanopcl/io/trajectory_io.hpp
[53.070s] -- Installing: /media/subham/85dce0f4-2e29-4540-9a32-801850cfcef6/subham/LidarMapping2.5D/install/fastdem/include/nanopcl/io/pcd_io.hpp
[53.071s] -- Installing: /media/subham/85dce0f4-2e29-4540-9a32-801850cfcef6/subham/LidarMapping2.5D/install/fastdem/include/nanopcl/registration
[53.071s] -- Installing: /media/subham/85dce0f4-2e29-4540-9a32-801850cfcef6/subham/LidarMapping2.5D/install/fastdem/include/nanopcl/registration/align.hpp
[53.071s] -- Installing: /media/subham/85dce0f4-2e29-4540-9a32-801850cfcef6/subham/LidarMapping2.5D/install/fastdem/include/nanopcl/registration/criteria.hpp
[53.072s] -- Installing: /media/subham/85dce0f4-2e29-4540-9a32-801850cfcef6/subham/LidarMapping2.5D/install/fastdem/include/nanopcl/registration/linearizers
[53.072s] -- Installing: /media/subham/85dce0f4-2e29-4540-9a32-801850cfcef6/subham/LidarMapping2.5D/install/fastdem/include/nanopcl/registration/linearizers/linearizer_omp.hpp
[53.072s] -- Installing: /media/subham/85dce0f4-2e29-4540-9a32-801850cfcef6/subham/LidarMapping2.5D/install/fastdem/include/nanopcl/registration/linearizers/linearizer.hpp
[53.073s] -- Installing: /media/subham/85dce0f4-2e29-4540-9a32-801850cfcef6/subham/LidarMapping2.5D/install/fastdem/include/nanopcl/registration/iterative_solver.hpp
[53.073s] -- Installing: /media/subham/85dce0f4-2e29-4540-9a32-801850cfcef6/subham/LidarMapping2.5D/install/fastdem/include/nanopcl/registration/result.hpp
[53.073s] -- Installing: /media/subham/85dce0f4-2e29-4540-9a32-801850cfcef6/subham/LidarMapping2.5D/install/fastdem/include/nanopcl/registration/voxel_distribution_map.hpp
[53.074s] -- Installing: /media/subham/85dce0f4-2e29-4540-9a32-801850cfcef6/subham/LidarMapping2.5D/install/fastdem/include/nanopcl/registration/context.hpp
[53.074s] -- Installing: /media/subham/85dce0f4-2e29-4540-9a32-801850cfcef6/subham/LidarMapping2.5D/install/fastdem/include/nanopcl/registration/correspondence
[53.074s] -- Installing: /media/subham/85dce0f4-2e29-4540-9a32-801850cfcef6/subham/LidarMapping2.5D/install/fastdem/include/nanopcl/registration/correspondence/kdtree_correspondence.hpp
[53.074s] -- Installing: /media/subham/85dce0f4-2e29-4540-9a32-801850cfcef6/subham/LidarMapping2.5D/install/fastdem/include/nanopcl/registration/correspondence/voxel_correspondence.hpp
[53.074s] -- Installing: /media/subham/85dce0f4-2e29-4540-9a32-801850cfcef6/subham/LidarMapping2.5D/install/fastdem/include/nanopcl/registration/factors
[53.075s] -- Installing: /media/subham/85dce0f4-2e29-4540-9a32-801850cfcef6/subham/LidarMapping2.5D/install/fastdem/include/nanopcl/registration/factors/icp_factor.hpp
[53.075s] -- Installing: /media/subham/85dce0f4-2e29-4540-9a32-801850cfcef6/subham/LidarMapping2.5D/install/fastdem/include/nanopcl/registration/factors/robust_kernels.hpp
[53.075s] -- Installing: /media/subham/85dce0f4-2e29-4540-9a32-801850cfcef6/subham/LidarMapping2.5D/install/fastdem/include/nanopcl/registration/factors/vgicp_factor.hpp
[53.075s] -- Installing: /media/subham/85dce0f4-2e29-4540-9a32-801850cfcef6/subham/LidarMapping2.5D/install/fastdem/include/nanopcl/registration/factors/plane_factor.hpp
[53.076s] -- Installing: /media/subham/85dce0f4-2e29-4540-9a32-801850cfcef6/subham/LidarMapping2.5D/install/fastdem/include/nanopcl/registration/factors/gicp_factor.hpp
[53.076s] -- Installing: /media/subham/85dce0f4-2e29-4540-9a32-801850cfcef6/subham/LidarMapping2.5D/install/fastdem/include/nanopcl/registration/optimizers
[53.076s] -- Installing: /media/subham/85dce0f4-2e29-4540-9a32-801850cfcef6/subham/LidarMapping2.5D/install/fastdem/include/nanopcl/registration/optimizers/lm_optimizer.hpp
[53.077s] -- Installing: /media/subham/85dce0f4-2e29-4540-9a32-801850cfcef6/subham/LidarMapping2.5D/install/fastdem/include/nanopcl/registration/optimizers/gn_optimizer.hpp
[53.077s] -- Installing: /media/subham/85dce0f4-2e29-4540-9a32-801850cfcef6/subham/LidarMapping2.5D/install/fastdem/include/nanopcl/segmentation.hpp
[53.077s] -- Installing: /media/subham/85dce0f4-2e29-4540-9a32-801850cfcef6/subham/LidarMapping2.5D/install/fastdem/include/nanopcl/geometry
[53.077s] -- Installing: /media/subham/85dce0f4-2e29-4540-9a32-801850cfcef6/subham/LidarMapping2.5D/install/fastdem/include/nanopcl/geometry/normal_estimation_omp.hpp
[53.077s] -- Installing: /media/subham/85dce0f4-2e29-4540-9a32-801850cfcef6/subham/LidarMapping2.5D/install/fastdem/include/nanopcl/geometry/impl
[53.078s] -- Installing: /media/subham/85dce0f4-2e29-4540-9a32-801850cfcef6/subham/LidarMapping2.5D/install/fastdem/include/nanopcl/geometry/impl/setters.hpp
[53.078s] -- Installing: /media/subham/85dce0f4-2e29-4540-9a32-801850cfcef6/subham/LidarMapping2.5D/install/fastdem/include/nanopcl/geometry/impl/normal_estimation_impl.hpp
[53.078s] -- Installing: /media/subham/85dce0f4-2e29-4540-9a32-801850cfcef6/subham/LidarMapping2.5D/install/fastdem/include/nanopcl/geometry/impl/pca.hpp
[53.078s] -- Installing: /media/subham/85dce0f4-2e29-4540-9a32-801850cfcef6/subham/LidarMapping2.5D/install/fastdem/include/nanopcl/geometry/pca.hpp
[53.078s] -- Installing: /media/subham/85dce0f4-2e29-4540-9a32-801850cfcef6/subham/LidarMapping2.5D/install/fastdem/include/nanopcl/geometry/normal_estimation.hpp
[53.079s] -- Installing: /media/subham/85dce0f4-2e29-4540-9a32-801850cfcef6/subham/LidarMapping2.5D/install/fastdem/include/nanopcl/segmentation
[53.079s] -- Installing: /media/subham/85dce0f4-2e29-4540-9a32-801850cfcef6/subham/LidarMapping2.5D/install/fastdem/include/nanopcl/segmentation/euclidean_cluster.hpp
[53.079s] -- Installing: /media/subham/85dce0f4-2e29-4540-9a32-801850cfcef6/subham/LidarMapping2.5D/install/fastdem/include/nanopcl/segmentation/impl
[53.079s] -- Installing: /media/subham/85dce0f4-2e29-4540-9a32-801850cfcef6/subham/LidarMapping2.5D/install/fastdem/include/nanopcl/segmentation/impl/ground_seg_impl.hpp
[53.079s] -- Installing: /media/subham/85dce0f4-2e29-4540-9a32-801850cfcef6/subham/LidarMapping2.5D/install/fastdem/include/nanopcl/segmentation/impl/ransac_plane_impl.hpp
[53.080s] -- Installing: /media/subham/85dce0f4-2e29-4540-9a32-801850cfcef6/subham/LidarMapping2.5D/install/fastdem/include/nanopcl/segmentation/impl/euclidean_cluster_impl.hpp
[53.080s] -- Installing: /media/subham/85dce0f4-2e29-4540-9a32-801850cfcef6/subham/LidarMapping2.5D/install/fastdem/include/nanopcl/segmentation/ransac_plane.hpp
[53.080s] -- Installing: /media/subham/85dce0f4-2e29-4540-9a32-801850cfcef6/subham/LidarMapping2.5D/install/fastdem/include/nanopcl/segmentation/ground_seg.hpp
[53.080s] -- Installing: /media/subham/85dce0f4-2e29-4540-9a32-801850cfcef6/subham/LidarMapping2.5D/install/fastdem/include/nanopcl/core.hpp
[53.080s] -- Up-to-date: /media/subham/85dce0f4-2e29-4540-9a32-801850cfcef6/subham/LidarMapping2.5D/install/fastdem/include
[53.081s] -- Installing: /media/subham/85dce0f4-2e29-4540-9a32-801850cfcef6/subham/LidarMapping2.5D/install/fastdem/include/nanoflann
[53.081s] -- Installing: /media/subham/85dce0f4-2e29-4540-9a32-801850cfcef6/subham/LidarMapping2.5D/install/fastdem/include/nanoflann/nanoflann.hpp
[53.081s] -- Installing: /media/subham/85dce0f4-2e29-4540-9a32-801850cfcef6/subham/LidarMapping2.5D/install/fastdem/include/nanoflann/LICENSE
[53.081s] -- Installing: /media/subham/85dce0f4-2e29-4540-9a32-801850cfcef6/subham/LidarMapping2.5D/install/fastdem/lib/cmake/fastdem/fastdemTargets.cmake
[53.082s] -- Installing: /media/subham/85dce0f4-2e29-4540-9a32-801850cfcef6/subham/LidarMapping2.5D/install/fastdem/lib/cmake/fastdem/fastdemTargets-release.cmake
[53.082s] -- Installing: /media/subham/85dce0f4-2e29-4540-9a32-801850cfcef6/subham/LidarMapping2.5D/install/fastdem/lib/cmake/fastdem/fastdemConfig.cmake
[53.082s] -- Installing: /media/subham/85dce0f4-2e29-4540-9a32-801850cfcef6/subham/LidarMapping2.5D/install/fastdem/lib/cmake/fastdem/fastdemConfigVersion.cmake
[53.085s] Invoked command in '/media/subham/85dce0f4-2e29-4540-9a32-801850cfcef6/subham/LidarMapping2.5D/build/fastdem' returned '0': CMAKE_PREFIX_PATH=${CMAKE_PREFIX_PATH}:/home/subham/omokai_ws/install/llm_navigation:/home/subham/Edge_AI_for_ADAS_and_Autonomous_Systems/install/adas_perception:/home/subham/Edge_AI_for_ADAS_and_Autonomous_Systems/install/adas_navigation:/home/subham/rover_ws/install/rover_navigation:/home/subham/anvrit_ws/install/anvrit_perception:/home/subham/anvrit_ws/install/anvrit_odometry:/home/subham/anvrit_ws/install/anvrit_nav2:/home/subham/igvc/install/igvc_perception:/home/subham/igvc/install/igvc_navigation:/home/subham/colcon_ws/install/ros2ai:/opt/ros/humble /usr/bin/cmake --install /media/subham/85dce0f4-2e29-4540-9a32-801850cfcef6/subham/LidarMapping2.5D/build/fastdem
